[2024-04-11T16:50:59.367+0000][172][gc,init] CardTable entry size: 512
[2024-04-11T16:50:59.367+0000][172][gc     ] Using G1
[2024-04-11T16:50:59.371+0000][172][gc,init] Version: 18.0.2+9-61 (release)
[2024-04-11T16:50:59.371+0000][172][gc,init] CPUs: 8 total, 8 available
[2024-04-11T16:50:59.371+0000][172][gc,init] Memory: 7846M
[2024-04-11T16:50:59.371+0000][172][gc,init] Large Page Support: Disabled
[2024-04-11T16:50:59.372+0000][172][gc,init] NUMA Support: Disabled
[2024-04-11T16:50:59.372+0000][172][gc,init] Compressed Oops: Enabled (32-bit)
[2024-04-11T16:50:59.372+0000][172][gc,init] Heap Region Size: 1M
[2024-04-11T16:50:59.372+0000][172][gc,init] Heap Min Capacity: 512M
[2024-04-11T16:50:59.372+0000][172][gc,init] Heap Initial Capacity: 512M
[2024-04-11T16:50:59.372+0000][172][gc,init] Heap Max Capacity: 512M
[2024-04-11T16:50:59.372+0000][172][gc,init] Pre-touch: Disabled
[2024-04-11T16:50:59.372+0000][172][gc,init] Parallel Workers: 8
[2024-04-11T16:50:59.373+0000][172][gc,init] Concurrent Workers: 2
[2024-04-11T16:50:59.373+0000][172][gc,init] Concurrent Refinement Workers: 8
[2024-04-11T16:50:59.373+0000][172][gc,init] Periodic GC: Disabled
[2024-04-11T16:50:59.373+0000][172][gc,metaspace] CDS archive(s) not mapped
[2024-04-11T16:50:59.373+0000][172][gc,metaspace] Compressed class space mapped at: 0x0000000100000000-0x0000000140000000, reserved size: 1073741824
[2024-04-11T16:50:59.373+0000][172][gc,metaspace] Narrow klass base: 0x0000000000000000, Narrow klass shift: 3, Narrow klass range: 0x140000000
[2024-04-11T16:50:59.436+0000][172][gc,heap,exit] Heap
[2024-04-11T16:50:59.437+0000][172][gc,heap,exit]  garbage-first heap   total 524288K, used 2048K [0x00000000e0000000, 0x0000000100000000)
[2024-04-11T16:50:59.437+0000][172][gc,heap,exit]   region size 1024K, 2 young (2048K), 0 survivors (0K)
[2024-04-11T16:50:59.438+0000][172][gc,heap,exit]  Metaspace       used 3534K, committed 3584K, reserved 1114112K
[2024-04-11T16:50:59.440+0000][172][gc,heap,exit]   class space    used 271K, committed 320K, reserved 1048576K
