[2024-04-11T16:50:59.496+0000][7][gc,init] CardTable entry size: 512
[2024-04-11T16:50:59.498+0000][7][gc     ] Using G1
[2024-04-11T16:50:59.782+0000][7][gc,init] Version: 18.0.2+9-61 (release)
[2024-04-11T16:50:59.782+0000][7][gc,init] CPUs: 8 total, 8 available
[2024-04-11T16:50:59.783+0000][7][gc,init] Memory: 7846M
[2024-04-11T16:50:59.783+0000][7][gc,init] Large Page Support: Disabled
[2024-04-11T16:50:59.783+0000][7][gc,init] NUMA Support: Disabled
[2024-04-11T16:50:59.783+0000][7][gc,init] Compressed Oops: Enabled (32-bit)
[2024-04-11T16:50:59.783+0000][7][gc,init] Heap Region Size: 4M
[2024-04-11T16:50:59.783+0000][7][gc,init] Heap Min Capacity: 512M
[2024-04-11T16:50:59.783+0000][7][gc,init] Heap Initial Capacity: 512M
[2024-04-11T16:50:59.783+0000][7][gc,init] Heap Max Capacity: 512M
[2024-04-11T16:50:59.783+0000][7][gc,init] Pre-touch: Enabled
[2024-04-11T16:50:59.784+0000][7][gc,init] Parallel Workers: 8
[2024-04-11T16:50:59.784+0000][7][gc,init] Concurrent Workers: 2
[2024-04-11T16:50:59.784+0000][7][gc,init] Concurrent Refinement Workers: 8
[2024-04-11T16:50:59.784+0000][7][gc,init] Periodic GC: Disabled
[2024-04-11T16:50:59.785+0000][7][gc,metaspace] CDS archive(s) mapped at: [0x0000000800000000-0x0000000800bc0000-0x0000000800bc0000), size 12320768, SharedBaseAddress: 0x0000000800000000, ArchiveRelocationMode: 0.
[2024-04-11T16:50:59.785+0000][7][gc,metaspace] Compressed class space mapped at: 0x0000000800c00000-0x0000000840c00000, reserved size: 1073741824
[2024-04-11T16:50:59.785+0000][7][gc,metaspace] Narrow klass base: 0x0000000800000000, Narrow klass shift: 0, Narrow klass range: 0x100000000
[2024-04-11T16:50:59.970+0000][7][safepoint   ] Safepoint "ICBufferFull", Time since last: 176356792 ns, Reaching safepoint: 245917 ns, At safepoint: 5958 ns, Total: 251875 ns
[2024-04-11T16:51:00.146+0000][7][safepoint   ] Safepoint "ICBufferFull", Time since last: 175410875 ns, Reaching safepoint: 125292 ns, At safepoint: 1875 ns, Total: 127167 ns
[2024-04-11T16:51:00.165+0000][7][gc,start    ] GC(0) Pause Young (Normal) (G1 Evacuation Pause)
[2024-04-11T16:51:00.166+0000][7][gc,task     ] GC(0) Using 8 workers of 8 for evacuation
[2024-04-11T16:51:00.166+0000][7][gc,age      ] GC(0) Desired survivor size 2097152 bytes, new threshold 15 (max threshold 15)
[2024-04-11T16:51:00.169+0000][7][gc,phases   ] GC(0)   Pre Evacuate Collection Set: 0.1ms
[2024-04-11T16:51:00.169+0000][7][gc,phases   ] GC(0)   Merge Heap Roots: 0.1ms
[2024-04-11T16:51:00.169+0000][7][gc,phases   ] GC(0)   Evacuate Collection Set: 2.3ms
[2024-04-11T16:51:00.169+0000][7][gc,phases   ] GC(0)   Post Evacuate Collection Set: 0.3ms
[2024-04-11T16:51:00.170+0000][7][gc,phases   ] GC(0)   Other: 0.4ms
[2024-04-11T16:51:00.170+0000][7][gc,age      ] GC(0) Age table with threshold 15 (max threshold 15)
[2024-04-11T16:51:00.170+0000][7][gc,age      ] GC(0) - age   1:    4187464 bytes,    4187464 total
[2024-04-11T16:51:00.170+0000][7][gc,heap     ] GC(0) Eden regions: 6->0(6)
[2024-04-11T16:51:00.170+0000][7][gc,heap     ] GC(0) Survivor regions: 0->1(1)
[2024-04-11T16:51:00.170+0000][7][gc,heap     ] GC(0) Old regions: 0->1
[2024-04-11T16:51:00.170+0000][7][gc,heap     ] GC(0) Archive regions: 2->2
[2024-04-11T16:51:00.170+0000][7][gc,heap     ] GC(0) Humongous regions: 0->0
[2024-04-11T16:51:00.171+0000][7][gc,metaspace] GC(0) Metaspace: 8747K(9024K)->8747K(9024K) NonClass: 7750K(7872K)->7750K(7872K) Class: 996K(1152K)->996K(1152K)
[2024-04-11T16:51:00.171+0000][7][gc          ] GC(0) Pause Young (Normal) (G1 Evacuation Pause) 28M->8M(512M) 5.204ms
[2024-04-11T16:51:00.171+0000][7][gc,cpu      ] GC(0) User=0.02s Sys=0.00s Real=0.01s
[2024-04-11T16:51:00.171+0000][7][safepoint   ] Safepoint "G1CollectForAllocation", Time since last: 19350208 ns, Reaching safepoint: 59792 ns, At safepoint: 5445125 ns, Total: 5504917 ns
[2024-04-11T16:51:00.321+0000][7][safepoint   ] Safepoint "ICBufferFull", Time since last: 149509583 ns, Reaching safepoint: 225792 ns, At safepoint: 6666 ns, Total: 232458 ns
[2024-04-11T16:51:00.419+0000][7][gc,start    ] GC(1) Pause Young (Normal) (G1 Evacuation Pause)
[2024-04-11T16:51:00.419+0000][7][gc,task     ] GC(1) Using 8 workers of 8 for evacuation
[2024-04-11T16:51:00.420+0000][7][gc,age      ] GC(1) Desired survivor size 2097152 bytes, new threshold 1 (max threshold 15)
[2024-04-11T16:51:00.427+0000][7][gc,phases   ] GC(1)   Pre Evacuate Collection Set: 0.0ms
[2024-04-11T16:51:00.427+0000][7][gc,phases   ] GC(1)   Merge Heap Roots: 3.4ms
[2024-04-11T16:51:00.427+0000][7][gc,phases   ] GC(1)   Evacuate Collection Set: 2.6ms
[2024-04-11T16:51:00.428+0000][7][gc,phases   ] GC(1)   Post Evacuate Collection Set: 0.9ms
[2024-04-11T16:51:00.428+0000][7][gc,phases   ] GC(1)   Other: 0.3ms
[2024-04-11T16:51:00.428+0000][7][gc,age      ] GC(1) Age table with threshold 1 (max threshold 15)
[2024-04-11T16:51:00.428+0000][7][gc,age      ] GC(1) - age   1:    2597192 bytes,    2597192 total
[2024-04-11T16:51:00.429+0000][7][gc,heap     ] GC(1) Eden regions: 6->0(11)
[2024-04-11T16:51:00.429+0000][7][gc,heap     ] GC(1) Survivor regions: 1->1(1)
[2024-04-11T16:51:00.429+0000][7][gc,heap     ] GC(1) Old regions: 1->2
[2024-04-11T16:51:00.429+0000][7][gc,heap     ] GC(1) Archive regions: 2->2
[2024-04-11T16:51:00.430+0000][7][gc,heap     ] GC(1) Humongous regions: 0->0
[2024-04-11T16:51:00.430+0000][7][gc,metaspace] GC(1) Metaspace: 13184K(13440K)->13184K(13440K) NonClass: 11628K(11776K)->11628K(11776K) Class: 1556K(1664K)->1556K(1664K)
[2024-04-11T16:51:00.430+0000][7][gc          ] GC(1) Pause Young (Normal) (G1 Evacuation Pause) 32M->10M(512M) 10.955ms
[2024-04-11T16:51:00.430+0000][7][gc,cpu      ] GC(1) User=0.02s Sys=0.00s Real=0.01s
[2024-04-11T16:51:00.430+0000][7][safepoint   ] Safepoint "G1CollectForAllocation", Time since last: 98243626 ns, Reaching safepoint: 141458 ns, At safepoint: 11368333 ns, Total: 11509791 ns
[2024-04-11T16:51:00.624+0000][7][safepoint   ] Safepoint "ICBufferFull", Time since last: 193506375 ns, Reaching safepoint: 214584 ns, At safepoint: 10000 ns, Total: 224584 ns
[2024-04-11T16:51:00.703+0000][7][gc,start    ] GC(2) Pause Young (Normal) (G1 Evacuation Pause)
[2024-04-11T16:51:00.703+0000][7][gc,task     ] GC(2) Using 8 workers of 8 for evacuation
[2024-04-11T16:51:00.703+0000][7][gc,age      ] GC(2) Desired survivor size 4194304 bytes, new threshold 15 (max threshold 15)
[2024-04-11T16:51:00.706+0000][7][gc,phases   ] GC(2)   Pre Evacuate Collection Set: 0.0ms
[2024-04-11T16:51:00.706+0000][7][gc,phases   ] GC(2)   Merge Heap Roots: 0.0ms
[2024-04-11T16:51:00.707+0000][7][gc,phases   ] GC(2)   Evacuate Collection Set: 2.2ms
[2024-04-11T16:51:00.707+0000][7][gc,phases   ] GC(2)   Post Evacuate Collection Set: 0.3ms
[2024-04-11T16:51:00.707+0000][7][gc,phases   ] GC(2)   Other: 0.5ms
[2024-04-11T16:51:00.707+0000][7][gc,age      ] GC(2) Age table with threshold 15 (max threshold 15)
[2024-04-11T16:51:00.707+0000][7][gc,age      ] GC(2) - age   1:    1105216 bytes,    1105216 total
[2024-04-11T16:51:00.707+0000][7][gc,age      ] GC(2) - age   2:    2317664 bytes,    3422880 total
[2024-04-11T16:51:00.708+0000][7][gc,heap     ] GC(2) Eden regions: 11->0(75)
[2024-04-11T16:51:00.708+0000][7][gc,heap     ] GC(2) Survivor regions: 1->1(2)
[2024-04-11T16:51:00.708+0000][7][gc,heap     ] GC(2) Old regions: 2->2
[2024-04-11T16:51:00.708+0000][7][gc,heap     ] GC(2) Archive regions: 2->2
[2024-04-11T16:51:00.708+0000][7][gc,heap     ] GC(2) Humongous regions: 0->0
[2024-04-11T16:51:00.708+0000][7][gc,metaspace] GC(2) Metaspace: 15127K(15488K)->15127K(15488K) NonClass: 13400K(13568K)->13400K(13568K) Class: 1727K(1920K)->1727K(1920K)
[2024-04-11T16:51:00.708+0000][7][gc          ] GC(2) Pause Young (Normal) (G1 Evacuation Pause) 54M->11M(512M) 5.765ms
[2024-04-11T16:51:00.709+0000][7][gc,cpu      ] GC(2) User=0.01s Sys=0.00s Real=0.01s
[2024-04-11T16:51:00.709+0000][7][safepoint   ] Safepoint "G1CollectForAllocation", Time since last: 78276291 ns, Reaching safepoint: 223750 ns, At safepoint: 6037375 ns, Total: 6261125 ns
[2024-04-11T16:51:00.906+0000][7][safepoint   ] Safepoint "ICBufferFull", Time since last: 196867209 ns, Reaching safepoint: 205000 ns, At safepoint: 4833 ns, Total: 209833 ns
[2024-04-11T16:51:01.036+0000][7][safepoint   ] Safepoint "ICBufferFull", Time since last: 130402875 ns, Reaching safepoint: 263042 ns, At safepoint: 11541 ns, Total: 274583 ns
[2024-04-11T16:51:01.210+0000][7][gc,start    ] GC(3) Pause Young (Normal) (G1 Evacuation Pause)
[2024-04-11T16:51:01.211+0000][7][gc,task     ] GC(3) Using 8 workers of 8 for evacuation
[2024-04-11T16:51:01.212+0000][7][gc,age      ] GC(3) Desired survivor size 20971520 bytes, new threshold 15 (max threshold 15)
[2024-04-11T16:51:01.217+0000][7][gc,phases   ] GC(3)   Pre Evacuate Collection Set: 0.0ms
[2024-04-11T16:51:01.217+0000][7][gc,phases   ] GC(3)   Merge Heap Roots: 0.0ms
[2024-04-11T16:51:01.217+0000][7][gc,phases   ] GC(3)   Evacuate Collection Set: 3.8ms
[2024-04-11T16:51:01.217+0000][7][gc,phases   ] GC(3)   Post Evacuate Collection Set: 0.7ms
[2024-04-11T16:51:01.217+0000][7][gc,phases   ] GC(3)   Other: 0.7ms
[2024-04-11T16:51:01.217+0000][7][gc,age      ] GC(3) Age table with threshold 15 (max threshold 15)
[2024-04-11T16:51:01.218+0000][7][gc,age      ] GC(3) - age   1:    6819688 bytes,    6819688 total
[2024-04-11T16:51:01.218+0000][7][gc,age      ] GC(3) - age   2:    1078008 bytes,    7897696 total
[2024-04-11T16:51:01.218+0000][7][gc,age      ] GC(3) - age   3:    2316040 bytes,   10213736 total
[2024-04-11T16:51:01.218+0000][7][gc,heap     ] GC(3) Eden regions: 75->0(73)
[2024-04-11T16:51:01.218+0000][7][gc,heap     ] GC(3) Survivor regions: 1->3(10)
[2024-04-11T16:51:01.218+0000][7][gc,heap     ] GC(3) Old regions: 2->2
[2024-04-11T16:51:01.219+0000][7][gc,heap     ] GC(3) Archive regions: 2->2
[2024-04-11T16:51:01.219+0000][7][gc,heap     ] GC(3) Humongous regions: 0->0
[2024-04-11T16:51:01.219+0000][7][gc,metaspace] GC(3) Metaspace: 18609K(19008K)->18609K(19008K) NonClass: 16421K(16640K)->16421K(16640K) Class: 2188K(2368K)->2188K(2368K)
[2024-04-11T16:51:01.219+0000][7][gc          ] GC(3) Pause Young (Normal) (G1 Evacuation Pause) 311M->18M(512M) 8.998ms
[2024-04-11T16:51:01.219+0000][7][gc,cpu      ] GC(3) User=0.01s Sys=0.00s Real=0.01s
[2024-04-11T16:51:01.219+0000][7][safepoint   ] Safepoint "G1CollectForAllocation", Time since last: 173584542 ns, Reaching safepoint: 94292 ns, At safepoint: 9417667 ns, Total: 9511959 ns
[2024-04-11T16:51:01.473+0000][7][gc,start    ] GC(4) Pause Young (Normal) (G1 Evacuation Pause)
[2024-04-11T16:51:01.474+0000][7][gc,task     ] GC(4) Using 8 workers of 8 for evacuation
[2024-04-11T16:51:01.474+0000][7][gc,age      ] GC(4) Desired survivor size 20971520 bytes, new threshold 15 (max threshold 15)
[2024-04-11T16:51:01.479+0000][7][gc,phases   ] GC(4)   Pre Evacuate Collection Set: 0.0ms
[2024-04-11T16:51:01.479+0000][7][gc,phases   ] GC(4)   Merge Heap Roots: 0.1ms
[2024-04-11T16:51:01.479+0000][7][gc,phases   ] GC(4)   Evacuate Collection Set: 3.8ms
[2024-04-11T16:51:01.479+0000][7][gc,phases   ] GC(4)   Post Evacuate Collection Set: 0.6ms
[2024-04-11T16:51:01.479+0000][7][gc,phases   ] GC(4)   Other: 0.5ms
[2024-04-11T16:51:01.480+0000][7][gc,age      ] GC(4) Age table with threshold 15 (max threshold 15)
[2024-04-11T16:51:01.480+0000][7][gc,age      ] GC(4) - age   1:    4055584 bytes,    4055584 total
[2024-04-11T16:51:01.480+0000][7][gc,age      ] GC(4) - age   2:    5396344 bytes,    9451928 total
[2024-04-11T16:51:01.480+0000][7][gc,age      ] GC(4) - age   3:    1077976 bytes,   10529904 total
[2024-04-11T16:51:01.480+0000][7][gc,age      ] GC(4) - age   4:    2315896 bytes,   12845800 total
[2024-04-11T16:51:01.480+0000][7][gc,heap     ] GC(4) Eden regions: 73->0(72)
[2024-04-11T16:51:01.481+0000][7][gc,heap     ] GC(4) Survivor regions: 3->4(10)
[2024-04-11T16:51:01.481+0000][7][gc,heap     ] GC(4) Old regions: 2->2
[2024-04-11T16:51:01.481+0000][7][gc,heap     ] GC(4) Archive regions: 2->2
[2024-04-11T16:51:01.481+0000][7][gc,heap     ] GC(4) Humongous regions: 0->0
[2024-04-11T16:51:01.481+0000][7][gc,metaspace] GC(4) Metaspace: 19525K(20032K)->19525K(20032K) NonClass: 17225K(17536K)->17225K(17536K) Class: 2299K(2496K)->2299K(2496K)
[2024-04-11T16:51:01.482+0000][7][gc          ] GC(4) Pause Young (Normal) (G1 Evacuation Pause) 310M->20M(512M) 8.419ms
[2024-04-11T16:51:01.483+0000][7][gc,cpu      ] GC(4) User=0.01s Sys=0.00s Real=0.01s
[2024-04-11T16:51:01.483+0000][7][safepoint   ] Safepoint "G1CollectForAllocation", Time since last: 253721250 ns, Reaching safepoint: 113416 ns, At safepoint: 9474667 ns, Total: 9588083 ns
[2024-04-11T16:51:01.720+0000][7][gc,start    ] GC(5) Pause Young (Normal) (G1 Evacuation Pause)
[2024-04-11T16:51:01.721+0000][7][gc,task     ] GC(5) Using 8 workers of 8 for evacuation
[2024-04-11T16:51:01.721+0000][7][gc,age      ] GC(5) Desired survivor size 20971520 bytes, new threshold 15 (max threshold 15)
[2024-04-11T16:51:01.733+0000][7][gc,phases   ] GC(5)   Pre Evacuate Collection Set: 0.1ms
[2024-04-11T16:51:01.733+0000][7][gc,phases   ] GC(5)   Merge Heap Roots: 0.2ms
[2024-04-11T16:51:01.734+0000][7][gc,phases   ] GC(5)   Evacuate Collection Set: 7.1ms
[2024-04-11T16:51:01.734+0000][7][gc,phases   ] GC(5)   Post Evacuate Collection Set: 4.7ms
[2024-04-11T16:51:01.734+0000][7][gc,phases   ] GC(5)   Other: 0.3ms
[2024-04-11T16:51:01.734+0000][7][gc,age      ] GC(5) Age table with threshold 15 (max threshold 15)
[2024-04-11T16:51:01.734+0000][7][gc,age      ] GC(5) - age   1:    2842784 bytes,    2842784 total
[2024-04-11T16:51:01.734+0000][7][gc,age      ] GC(5) - age   2:    2528600 bytes,    5371384 total
[2024-04-11T16:51:01.734+0000][7][gc,age      ] GC(5) - age   3:    5389488 bytes,   10760872 total
[2024-04-11T16:51:01.735+0000][7][gc,age      ] GC(5) - age   4:    1077168 bytes,   11838040 total
[2024-04-11T16:51:01.735+0000][7][gc,age      ] GC(5) - age   5:    2315528 bytes,   14153568 total
[2024-04-11T16:51:01.735+0000][7][gc,heap     ] GC(5) Eden regions: 72->0(72)
[2024-04-11T16:51:01.735+0000][7][gc,heap     ] GC(5) Survivor regions: 4->4(10)
[2024-04-11T16:51:01.735+0000][7][gc,heap     ] GC(5) Old regions: 2->2
[2024-04-11T16:51:01.735+0000][7][gc,heap     ] GC(5) Archive regions: 2->2
[2024-04-11T16:51:01.735+0000][7][gc,heap     ] GC(5) Humongous regions: 0->0
[2024-04-11T16:51:01.735+0000][7][gc,metaspace] GC(5) Metaspace: 20756K(21312K)->20756K(21312K) NonClass: 18286K(18624K)->18286K(18624K) Class: 2469K(2688K)->2469K(2688K)
[2024-04-11T16:51:01.735+0000][7][gc          ] GC(5) Pause Young (Normal) (G1 Evacuation Pause) 308M->22M(512M) 15.243ms
[2024-04-11T16:51:01.736+0000][7][gc,cpu      ] GC(5) User=0.02s Sys=0.00s Real=0.01s
[2024-04-11T16:51:01.736+0000][7][safepoint   ] Safepoint "G1CollectForAllocation", Time since last: 236807000 ns, Reaching safepoint: 627833 ns, At safepoint: 15467167 ns, Total: 16095000 ns
[2024-04-11T16:51:01.839+0000][7][gc,start    ] GC(6) Pause Young (Concurrent Start) (Metadata GC Threshold)
[2024-04-11T16:51:01.840+0000][7][gc,task     ] GC(6) Using 8 workers of 8 for evacuation
[2024-04-11T16:51:01.840+0000][7][gc,age      ] GC(6) Desired survivor size 20971520 bytes, new threshold 15 (max threshold 15)
[2024-04-11T16:51:01.845+0000][7][gc,phases   ] GC(6)   Pre Evacuate Collection Set: 0.3ms
[2024-04-11T16:51:01.845+0000][7][gc,phases   ] GC(6)   Merge Heap Roots: 0.0ms
[2024-04-11T16:51:01.845+0000][7][gc,phases   ] GC(6)   Evacuate Collection Set: 2.7ms
[2024-04-11T16:51:01.846+0000][7][gc,phases   ] GC(6)   Post Evacuate Collection Set: 1.1ms
[2024-04-11T16:51:01.846+0000][7][gc,phases   ] GC(6)   Other: 0.6ms
[2024-04-11T16:51:01.846+0000][7][gc,age      ] GC(6) Age table with threshold 15 (max threshold 15)
[2024-04-11T16:51:01.846+0000][7][gc,age      ] GC(6) - age   1:     326992 bytes,     326992 total
[2024-04-11T16:51:01.846+0000][7][gc,age      ] GC(6) - age   2:    2236400 bytes,    2563392 total
[2024-04-11T16:51:01.847+0000][7][gc,age      ] GC(6) - age   3:    2528056 bytes,    5091448 total
[2024-04-11T16:51:01.847+0000][7][gc,age      ] GC(6) - age   4:    5389488 bytes,   10480936 total
[2024-04-11T16:51:01.847+0000][7][gc,age      ] GC(6) - age   5:    1077168 bytes,   11558104 total
[2024-04-11T16:51:01.847+0000][7][gc,age      ] GC(6) - age   6:    2315528 bytes,   13873632 total
[2024-04-11T16:51:01.847+0000][7][gc,heap     ] GC(6) Eden regions: 38->0(72)
[2024-04-11T16:51:01.848+0000][7][gc,heap     ] GC(6) Survivor regions: 4->4(10)
[2024-04-11T16:51:01.848+0000][7][gc,heap     ] GC(6) Old regions: 2->2
[2024-04-11T16:51:01.848+0000][7][gc,heap     ] GC(6) Archive regions: 2->2
[2024-04-11T16:51:01.848+0000][7][gc,heap     ] GC(6) Humongous regions: 0->0
[2024-04-11T16:51:01.848+0000][7][gc,metaspace] GC(6) Metaspace: 20951K(21504K)->20951K(21504K) NonClass: 18453K(18816K)->18453K(18816K) Class: 2498K(2688K)->2498K(2688K)
[2024-04-11T16:51:01.849+0000][7][gc          ] GC(6) Pause Young (Concurrent Start) (Metadata GC Threshold) 173M->22M(512M) 9.196ms
[2024-04-11T16:51:01.849+0000][7][gc,cpu      ] GC(6) User=0.01s Sys=0.00s Real=0.01s
[2024-04-11T16:51:01.849+0000][7][gc          ] GC(7) Concurrent Mark Cycle
[2024-04-11T16:51:01.849+0000][7][gc,marking  ] GC(7) Concurrent Clear Claimed Marks
[2024-04-11T16:51:01.849+0000][7][safepoint   ] Safepoint "CollectForMetadataAllocation", Time since last: 103600375 ns, Reaching safepoint: 124250 ns, At safepoint: 9664042 ns, Total: 9788292 ns
[2024-04-11T16:51:01.849+0000][7][gc,marking  ] GC(7) Concurrent Clear Claimed Marks 0.265ms
[2024-04-11T16:51:01.850+0000][7][gc,marking  ] GC(7) Concurrent Scan Root Regions
[2024-04-11T16:51:01.852+0000][7][gc,marking  ] GC(7) Concurrent Scan Root Regions 2.261ms
[2024-04-11T16:51:01.853+0000][7][gc,marking  ] GC(7) Concurrent Mark
[2024-04-11T16:51:01.853+0000][7][gc,marking  ] GC(7) Concurrent Mark From Roots
[2024-04-11T16:51:01.853+0000][7][gc,task     ] GC(7) Using 2 workers of 2 for marking
[2024-04-11T16:51:01.855+0000][7][gc,marking  ] GC(7) Concurrent Mark From Roots 2.107ms
[2024-04-11T16:51:01.855+0000][7][gc,marking  ] GC(7) Concurrent Preclean
[2024-04-11T16:51:01.855+0000][7][gc,marking  ] GC(7) Concurrent Preclean 0.128ms
[2024-04-11T16:51:01.856+0000][7][gc,start    ] GC(7) Pause Remark
[2024-04-11T16:51:01.862+0000][7][gc          ] GC(7) Pause Remark 32M->32M(512M) 6.786ms
[2024-04-11T16:51:01.863+0000][7][gc,cpu      ] GC(7) User=0.01s Sys=0.00s Real=0.01s
[2024-04-11T16:51:01.863+0000][7][safepoint   ] Safepoint "G1Concurrent", Time since last: 6355542 ns, Reaching safepoint: 143416 ns, At safepoint: 7115042 ns, Total: 7258458 ns
[2024-04-11T16:51:01.863+0000][7][gc,marking  ] GC(7) Concurrent Mark 10.569ms
[2024-04-11T16:51:01.863+0000][7][gc,marking  ] GC(7) Concurrent Rebuild Remembered Sets
[2024-04-11T16:51:01.865+0000][7][gc,marking  ] GC(7) Concurrent Rebuild Remembered Sets 1.830ms
[2024-04-11T16:51:01.866+0000][7][gc,start    ] GC(7) Pause Cleanup
[2024-04-11T16:51:01.866+0000][7][gc          ] GC(7) Pause Cleanup 36M->36M(512M) 0.189ms
[2024-04-11T16:51:01.866+0000][7][gc,cpu      ] GC(7) User=0.00s Sys=0.00s Real=0.00s
[2024-04-11T16:51:01.866+0000][7][safepoint   ] Safepoint "G1Concurrent", Time since last: 2819542 ns, Reaching safepoint: 109500 ns, At safepoint: 499125 ns, Total: 608625 ns
[2024-04-11T16:51:01.866+0000][7][gc,marking  ] GC(7) Concurrent Cleanup for Next Mark
[2024-04-11T16:51:01.867+0000][7][gc,marking  ] GC(7) Concurrent Cleanup for Next Mark 0.356ms
[2024-04-11T16:51:01.867+0000][7][gc          ] GC(7) Concurrent Mark Cycle 18.044ms
[2024-04-11T16:51:02.099+0000][7][safepoint   ] Safepoint "ICBufferFull", Time since last: 232582666 ns, Reaching safepoint: 121542 ns, At safepoint: 1708 ns, Total: 123250 ns
[2024-04-11T16:51:02.338+0000][7][safepoint   ] Safepoint "ICBufferFull", Time since last: 239409167 ns, Reaching safepoint: 159458 ns, At safepoint: 2084 ns, Total: 161542 ns
[2024-04-11T16:51:02.530+0000][7][safepoint   ] Safepoint "ICBufferFull", Time since last: 191220292 ns, Reaching safepoint: 172583 ns, At safepoint: 12708 ns, Total: 185291 ns
[2024-04-11T16:51:02.708+0000][7][gc,start    ] GC(8) Pause Young (Normal) (G1 Evacuation Pause)
[2024-04-11T16:51:02.708+0000][7][gc,task     ] GC(8) Using 8 workers of 8 for evacuation
[2024-04-11T16:51:02.708+0000][7][gc,age      ] GC(8) Desired survivor size 20971520 bytes, new threshold 15 (max threshold 15)
[2024-04-11T16:51:02.724+0000][7][gc,phases   ] GC(8)   Pre Evacuate Collection Set: 0.1ms
[2024-04-11T16:51:02.724+0000][7][gc,phases   ] GC(8)   Merge Heap Roots: 0.1ms
[2024-04-11T16:51:02.725+0000][7][gc,phases   ] GC(8)   Evacuate Collection Set: 8.6ms
[2024-04-11T16:51:02.725+0000][7][gc,phases   ] GC(8)   Post Evacuate Collection Set: 6.9ms
[2024-04-11T16:51:02.725+0000][7][gc,phases   ] GC(8)   Other: 0.4ms
[2024-04-11T16:51:02.726+0000][7][gc,age      ] GC(8) Age table with threshold 15 (max threshold 15)
[2024-04-11T16:51:02.726+0000][7][gc,age      ] GC(8) - age   1:   11164432 bytes,   11164432 total
[2024-04-11T16:51:02.726+0000][7][gc,age      ] GC(8) - age   2:     308976 bytes,   11473408 total
[2024-04-11T16:51:02.726+0000][7][gc,age      ] GC(8) - age   3:    2205072 bytes,   13678480 total
[2024-04-11T16:51:02.726+0000][7][gc,age      ] GC(8) - age   4:    2510304 bytes,   16188784 total
[2024-04-11T16:51:02.726+0000][7][gc,age      ] GC(8) - age   5:    5310816 bytes,   21499600 total
[2024-04-11T16:51:02.726+0000][7][gc,age      ] GC(8) - age   6:    1047968 bytes,   22547568 total
[2024-04-11T16:51:02.727+0000][7][gc,age      ] GC(8) - age   7:    2276528 bytes,   24824096 total
[2024-04-11T16:51:02.727+0000][7][gc,heap     ] GC(8) Eden regions: 72->0(69)
[2024-04-11T16:51:02.727+0000][7][gc,heap     ] GC(8) Survivor regions: 4->7(10)
[2024-04-11T16:51:02.727+0000][7][gc,heap     ] GC(8) Old regions: 2->2
[2024-04-11T16:51:02.727+0000][7][gc,heap     ] GC(8) Archive regions: 2->2
[2024-04-11T16:51:02.727+0000][7][gc,heap     ] GC(8) Humongous regions: 0->0
[2024-04-11T16:51:02.727+0000][7][gc,metaspace] GC(8) Metaspace: 29680K(30656K)->29680K(30656K) NonClass: 25984K(26624K)->25984K(26624K) Class: 3696K(4032K)->3696K(4032K)
[2024-04-11T16:51:02.727+0000][7][gc          ] GC(8) Pause Young (Normal) (G1 Evacuation Pause) 310M->32M(512M) 19.965ms
[2024-04-11T16:51:02.728+0000][7][gc,cpu      ] GC(8) User=0.03s Sys=0.00s Real=0.02s
[2024-04-11T16:51:02.728+0000][7][safepoint   ] Safepoint "G1CollectForAllocation", Time since last: 177403000 ns, Reaching safepoint: 278459 ns, At safepoint: 20239333 ns, Total: 20517792 ns
[2024-04-11T16:51:03.238+0000][7][safepoint   ] Safepoint "ICBufferFull", Time since last: 509449750 ns, Reaching safepoint: 499375 ns, At safepoint: 6250 ns, Total: 505625 ns
[2024-04-11T16:51:03.435+0000][7][safepoint   ] Safepoint "ICBufferFull", Time since last: 197075042 ns, Reaching safepoint: 188333 ns, At safepoint: 3542 ns, Total: 191875 ns
[2024-04-11T16:51:03.562+0000][7][gc,start    ] GC(9) Pause Young (Concurrent Start) (Metadata GC Threshold)
[2024-04-11T16:51:03.562+0000][7][gc,task     ] GC(9) Using 8 workers of 8 for evacuation
[2024-04-11T16:51:03.563+0000][7][gc,age      ] GC(9) Desired survivor size 20971520 bytes, new threshold 5 (max threshold 15)
[2024-04-11T16:51:03.577+0000][7][gc,phases   ] GC(9)   Pre Evacuate Collection Set: 0.2ms
[2024-04-11T16:51:03.577+0000][7][gc,phases   ] GC(9)   Merge Heap Roots: 0.1ms
[2024-04-11T16:51:03.577+0000][7][gc,phases   ] GC(9)   Evacuate Collection Set: 12.7ms
[2024-04-11T16:51:03.578+0000][7][gc,phases   ] GC(9)   Post Evacuate Collection Set: 1.3ms
[2024-04-11T16:51:03.578+0000][7][gc,phases   ] GC(9)   Other: 0.3ms
[2024-04-11T16:51:03.578+0000][7][gc,age      ] GC(9) Age table with threshold 5 (max threshold 15)
[2024-04-11T16:51:03.578+0000][7][gc,age      ] GC(9) - age   1:   17397632 bytes,   17397632 total
[2024-04-11T16:51:03.578+0000][7][gc,age      ] GC(9) - age   2:   10656992 bytes,   28054624 total
[2024-04-11T16:51:03.578+0000][7][gc,age      ] GC(9) - age   3:     308944 bytes,   28363568 total
[2024-04-11T16:51:03.578+0000][7][gc,age      ] GC(9) - age   4:    2204008 bytes,   30567576 total
[2024-04-11T16:51:03.578+0000][7][gc,age      ] GC(9) - age   5:    2510272 bytes,   33077848 total
[2024-04-11T16:51:03.578+0000][7][gc,heap     ] GC(9) Eden regions: 47->0(67)
[2024-04-11T16:51:03.578+0000][7][gc,heap     ] GC(9) Survivor regions: 7->9(10)
[2024-04-11T16:51:03.579+0000][7][gc,heap     ] GC(9) Old regions: 2->4
[2024-04-11T16:51:03.579+0000][7][gc,heap     ] GC(9) Archive regions: 2->2
[2024-04-11T16:51:03.579+0000][7][gc,heap     ] GC(9) Humongous regions: 0->0
[2024-04-11T16:51:03.579+0000][7][gc,metaspace] GC(9) Metaspace: 35014K(35968K)->35014K(35968K) NonClass: 30522K(31104K)->30522K(31104K) Class: 4492K(4864K)->4492K(4864K)
[2024-04-11T16:51:03.579+0000][7][gc          ] GC(9) Pause Young (Concurrent Start) (Metadata GC Threshold) 220M->50M(512M) 16.789ms
[2024-04-11T16:51:03.579+0000][7][gc,cpu      ] GC(9) User=0.07s Sys=0.00s Real=0.02s
[2024-04-11T16:51:03.579+0000][7][safepoint   ] Safepoint "CollectForMetadataAllocation", Time since last: 126698292 ns, Reaching safepoint: 263708 ns, At safepoint: 17528958 ns, Total: 17792666 ns
[2024-04-11T16:51:03.580+0000][7][gc          ] GC(10) Concurrent Mark Cycle
[2024-04-11T16:51:03.582+0000][7][gc,marking  ] GC(10) Concurrent Clear Claimed Marks
[2024-04-11T16:51:03.583+0000][7][gc,marking  ] GC(10) Concurrent Clear Claimed Marks 0.202ms
[2024-04-11T16:51:03.583+0000][7][gc,marking  ] GC(10) Concurrent Scan Root Regions
[2024-04-11T16:51:03.592+0000][7][gc,marking  ] GC(10) Concurrent Scan Root Regions 9.535ms
[2024-04-11T16:51:03.592+0000][7][gc,marking  ] GC(10) Concurrent Mark
[2024-04-11T16:51:03.592+0000][7][gc,marking  ] GC(10) Concurrent Mark From Roots
[2024-04-11T16:51:03.593+0000][7][gc,task     ] GC(10) Using 2 workers of 2 for marking
[2024-04-11T16:51:03.595+0000][7][gc,marking  ] GC(10) Concurrent Mark From Roots 2.284ms
[2024-04-11T16:51:03.595+0000][7][gc,marking  ] GC(10) Concurrent Preclean
[2024-04-11T16:51:03.595+0000][7][gc,marking  ] GC(10) Concurrent Preclean 0.303ms
[2024-04-11T16:51:03.596+0000][7][gc,start    ] GC(10) Pause Remark
[2024-04-11T16:51:03.600+0000][7][gc          ] GC(10) Pause Remark 52M->52M(512M) 4.066ms
[2024-04-11T16:51:03.602+0000][7][gc,cpu      ] GC(10) User=0.00s Sys=0.00s Real=0.01s
[2024-04-11T16:51:03.603+0000][7][safepoint   ] Safepoint "G1Concurrent", Time since last: 16279000 ns, Reaching safepoint: 560250 ns, At safepoint: 6371334 ns, Total: 6931584 ns
[2024-04-11T16:51:03.603+0000][7][gc,marking  ] GC(10) Concurrent Mark 10.556ms
[2024-04-11T16:51:03.603+0000][7][gc,marking  ] GC(10) Concurrent Rebuild Remembered Sets
[2024-04-11T16:51:03.606+0000][7][gc,marking  ] GC(10) Concurrent Rebuild Remembered Sets 3.309ms
[2024-04-11T16:51:03.607+0000][7][gc,start    ] GC(10) Pause Cleanup
[2024-04-11T16:51:03.607+0000][7][gc          ] GC(10) Pause Cleanup 52M->52M(512M) 0.272ms
[2024-04-11T16:51:03.607+0000][7][gc,cpu      ] GC(10) User=0.00s Sys=0.00s Real=0.00s
[2024-04-11T16:51:03.607+0000][7][safepoint   ] Safepoint "G1Concurrent", Time since last: 4015166 ns, Reaching safepoint: 167292 ns, At safepoint: 544125 ns, Total: 711417 ns
[2024-04-11T16:51:03.608+0000][7][gc,marking  ] GC(10) Concurrent Cleanup for Next Mark
[2024-04-11T16:51:03.609+0000][7][gc,marking  ] GC(10) Concurrent Cleanup for Next Mark 0.484ms
[2024-04-11T16:51:03.609+0000][7][gc          ] GC(10) Concurrent Mark Cycle 28.823ms
[2024-04-11T16:51:03.723+0000][7][safepoint   ] Safepoint "ICBufferFull", Time since last: 115254333 ns, Reaching safepoint: 252584 ns, At safepoint: 4250 ns, Total: 256834 ns
[2024-04-11T16:51:04.350+0000][7][safepoint   ] Safepoint "ICBufferFull", Time since last: 627122250 ns, Reaching safepoint: 195458 ns, At safepoint: 7417 ns, Total: 202875 ns
[2024-04-11T16:51:04.502+0000][7][safepoint   ] Safepoint "ICBufferFull", Time since last: 150790083 ns, Reaching safepoint: 512959 ns, At safepoint: 20291 ns, Total: 533250 ns
[2024-04-11T16:51:04.958+0000][7][gc,start    ] GC(11) Pause Young (Normal) (G1 Evacuation Pause)
[2024-04-11T16:51:04.959+0000][7][gc,task     ] GC(11) Using 8 workers of 8 for evacuation
[2024-04-11T16:51:04.959+0000][7][gc,age      ] GC(11) Desired survivor size 20971520 bytes, new threshold 2 (max threshold 15)
[2024-04-11T16:51:04.995+0000][7][gc,phases   ] GC(11)   Pre Evacuate Collection Set: 0.3ms
[2024-04-11T16:51:04.995+0000][7][gc,phases   ] GC(11)   Merge Heap Roots: 0.1ms
[2024-04-11T16:51:04.995+0000][7][gc,phases   ] GC(11)   Evacuate Collection Set: 33.7ms
[2024-04-11T16:51:04.995+0000][7][gc,phases   ] GC(11)   Post Evacuate Collection Set: 1.4ms
[2024-04-11T16:51:04.995+0000][7][gc,phases   ] GC(11)   Other: 0.5ms
[2024-04-11T16:51:04.996+0000][7][gc,age      ] GC(11) Age table with threshold 2 (max threshold 15)
[2024-04-11T16:51:04.996+0000][7][gc,age      ] GC(11) - age   1:    5876320 bytes,    5876320 total
[2024-04-11T16:51:04.996+0000][7][gc,age      ] GC(11) - age   2:   17301952 bytes,   23178272 total
[2024-04-11T16:51:04.996+0000][7][gc,heap     ] GC(11) Eden regions: 67->0(69)
[2024-04-11T16:51:04.996+0000][7][gc,heap     ] GC(11) Survivor regions: 9->7(10)
[2024-04-11T16:51:04.996+0000][7][gc,heap     ] GC(11) Old regions: 4->7
[2024-04-11T16:51:04.996+0000][7][gc,heap     ] GC(11) Archive regions: 2->2
[2024-04-11T16:51:04.996+0000][7][gc,heap     ] GC(11) Humongous regions: 0->0
[2024-04-11T16:51:04.996+0000][7][gc,metaspace] GC(11) Metaspace: 51364K(52608K)->51364K(52608K) NonClass: 44610K(45376K)->44610K(45376K) Class: 6753K(7232K)->6753K(7232K)
[2024-04-11T16:51:04.996+0000][7][gc          ] GC(11) Pause Young (Normal) (G1 Evacuation Pause) 318M->56M(512M) 37.938ms
[2024-04-11T16:51:04.997+0000][7][gc,cpu      ] GC(11) User=0.16s Sys=0.03s Real=0.03s
[2024-04-11T16:51:04.997+0000][7][safepoint   ] Safepoint "G1CollectForAllocation", Time since last: 456729167 ns, Reaching safepoint: 192334 ns, At safepoint: 38180166 ns, Total: 38372500 ns
[2024-04-11T16:51:05.458+0000][7][safepoint   ] Safepoint "ICBufferFull", Time since last: 461077001 ns, Reaching safepoint: 173083 ns, At safepoint: 2542 ns, Total: 175625 ns
[2024-04-11T16:51:06.098+0000][7][safepoint   ] Safepoint "ICBufferFull", Time since last: 639100375 ns, Reaching safepoint: 535500 ns, At safepoint: 11208 ns, Total: 546708 ns
[2024-04-11T16:51:06.273+0000][7][gc,start    ] GC(12) Pause Young (Concurrent Start) (Metadata GC Threshold)
[2024-04-11T16:51:06.273+0000][7][gc,task     ] GC(12) Using 8 workers of 8 for evacuation
[2024-04-11T16:51:06.274+0000][7][gc,age      ] GC(12) Desired survivor size 20971520 bytes, new threshold 2 (max threshold 15)
[2024-04-11T16:51:06.288+0000][7][gc,phases   ] GC(12)   Pre Evacuate Collection Set: 0.4ms
[2024-04-11T16:51:06.288+0000][7][gc,phases   ] GC(12)   Merge Heap Roots: 0.1ms
[2024-04-11T16:51:06.289+0000][7][gc,phases   ] GC(12)   Evacuate Collection Set: 12.0ms
[2024-04-11T16:51:06.289+0000][7][gc,phases   ] GC(12)   Post Evacuate Collection Set: 1.7ms
[2024-04-11T16:51:06.289+0000][7][gc,phases   ] GC(12)   Other: 0.6ms
[2024-04-11T16:51:06.289+0000][7][gc,age      ] GC(12) Age table with threshold 2 (max threshold 15)
[2024-04-11T16:51:06.289+0000][7][gc,age      ] GC(12) - age   1:    4994032 bytes,    4994032 total
[2024-04-11T16:51:06.289+0000][7][gc,age      ] GC(12) - age   2:    5595800 bytes,   10589832 total
[2024-04-11T16:51:06.290+0000][7][gc,heap     ] GC(12) Eden regions: 47->0(72)
[2024-04-11T16:51:06.290+0000][7][gc,heap     ] GC(12) Survivor regions: 7->4(10)
[2024-04-11T16:51:06.290+0000][7][gc,heap     ] GC(12) Old regions: 7->12
[2024-04-11T16:51:06.290+0000][7][gc,heap     ] GC(12) Archive regions: 2->2
[2024-04-11T16:51:06.290+0000][7][gc,heap     ] GC(12) Humongous regions: 0->0
[2024-04-11T16:51:06.290+0000][7][gc,metaspace] GC(12) Metaspace: 58858K(60160K)->58858K(60160K) NonClass: 51105K(51904K)->51105K(51904K) Class: 7753K(8256K)->7753K(8256K)
[2024-04-11T16:51:06.290+0000][7][gc          ] GC(12) Pause Young (Concurrent Start) (Metadata GC Threshold) 244M->62M(512M) 17.395ms
[2024-04-11T16:51:06.291+0000][7][gc,cpu      ] GC(12) User=0.06s Sys=0.00s Real=0.02s
[2024-04-11T16:51:06.291+0000][7][gc          ] GC(13) Concurrent Mark Cycle
[2024-04-11T16:51:06.291+0000][7][gc,marking  ] GC(13) Concurrent Clear Claimed Marks
[2024-04-11T16:51:06.292+0000][7][gc,marking  ] GC(13) Concurrent Clear Claimed Marks 0.259ms
[2024-04-11T16:51:06.292+0000][7][gc,marking  ] GC(13) Concurrent Scan Root Regions
[2024-04-11T16:51:06.292+0000][7][safepoint   ] Safepoint "CollectForMetadataAllocation", Time since last: 175091542 ns, Reaching safepoint: 305292 ns, At safepoint: 19431583 ns, Total: 19736875 ns
[2024-04-11T16:51:06.309+0000][7][gc,marking  ] GC(13) Concurrent Scan Root Regions 17.074ms
[2024-04-11T16:51:06.310+0000][7][gc,marking  ] GC(13) Concurrent Mark
[2024-04-11T16:51:06.310+0000][7][gc,marking  ] GC(13) Concurrent Mark From Roots
[2024-04-11T16:51:06.311+0000][7][gc,task     ] GC(13) Using 2 workers of 2 for marking
[2024-04-11T16:51:06.341+0000][7][safepoint   ] Safepoint "CollectForMetadataAllocation", Time since last: 46872125 ns, Reaching safepoint: 164042 ns, At safepoint: 1307583 ns, Total: 1471625 ns
[2024-04-11T16:51:06.343+0000][7][gc,marking  ] GC(13) Concurrent Mark From Roots 32.981ms
[2024-04-11T16:51:06.343+0000][7][gc,marking  ] GC(13) Concurrent Preclean
[2024-04-11T16:51:06.344+0000][7][gc,marking  ] GC(13) Concurrent Preclean 0.238ms
[2024-04-11T16:51:06.344+0000][7][gc,start    ] GC(13) Pause Remark
[2024-04-11T16:51:06.347+0000][7][gc          ] GC(13) Pause Remark 66M->66M(512M) 3.168ms
[2024-04-11T16:51:06.347+0000][7][gc,cpu      ] GC(13) User=0.01s Sys=0.00s Real=0.00s
[2024-04-11T16:51:06.347+0000][7][safepoint   ] Safepoint "G1Concurrent", Time since last: 3184458 ns, Reaching safepoint: 36709 ns, At safepoint: 3462500 ns, Total: 3499209 ns
[2024-04-11T16:51:06.348+0000][7][gc,marking  ] GC(13) Concurrent Mark 37.738ms
[2024-04-11T16:51:06.348+0000][7][gc,marking  ] GC(13) Concurrent Rebuild Remembered Sets
[2024-04-11T16:51:06.361+0000][7][gc,marking  ] GC(13) Concurrent Rebuild Remembered Sets 12.861ms
[2024-04-11T16:51:06.361+0000][7][gc,start    ] GC(13) Pause Cleanup
[2024-04-11T16:51:06.362+0000][7][gc          ] GC(13) Pause Cleanup 68M->68M(512M) 0.341ms
[2024-04-11T16:51:06.362+0000][7][gc,cpu      ] GC(13) User=0.00s Sys=0.00s Real=0.00s
[2024-04-11T16:51:06.362+0000][7][safepoint   ] Safepoint "G1Concurrent", Time since last: 13576666 ns, Reaching safepoint: 347250 ns, At safepoint: 768917 ns, Total: 1116167 ns
[2024-04-11T16:51:06.362+0000][7][gc,marking  ] GC(13) Concurrent Cleanup for Next Mark
[2024-04-11T16:51:06.365+0000][7][gc,marking  ] GC(13) Concurrent Cleanup for Next Mark 2.400ms
[2024-04-11T16:51:06.367+0000][7][gc          ] GC(13) Concurrent Mark Cycle 76.103ms
[2024-04-11T16:51:07.352+0000][7][safepoint   ] Safepoint "ICBufferFull", Time since last: 989008459 ns, Reaching safepoint: 1241083 ns, At safepoint: 11042 ns, Total: 1252125 ns
[2024-04-11T16:51:07.447+0000][7][safepoint   ] Safepoint "ICBufferFull", Time since last: 94730542 ns, Reaching safepoint: 231250 ns, At safepoint: 2458 ns, Total: 233708 ns
[2024-04-11T16:51:07.613+0000][7][safepoint   ] Safepoint "ICBufferFull", Time since last: 165538167 ns, Reaching safepoint: 172166 ns, At safepoint: 15584 ns, Total: 187750 ns
[2024-04-11T16:51:08.036+0000][7][safepoint   ] Safepoint "ICBufferFull", Time since last: 422640583 ns, Reaching safepoint: 143292 ns, At safepoint: 3625 ns, Total: 146917 ns
[2024-04-11T16:51:08.346+0000][7][safepoint   ] Safepoint "ICBufferFull", Time since last: 309122500 ns, Reaching safepoint: 1227458 ns, At safepoint: 14084 ns, Total: 1241542 ns
[2024-04-11T16:51:08.591+0000][7][safepoint   ] Safepoint "ICBufferFull", Time since last: 244803750 ns, Reaching safepoint: 195541 ns, At safepoint: 10000 ns, Total: 205541 ns
[2024-04-11T16:51:08.906+0000][7][safepoint   ] Safepoint "ICBufferFull", Time since last: 314928709 ns, Reaching safepoint: 151875 ns, At safepoint: 12708 ns, Total: 164583 ns
[2024-04-11T16:51:09.087+0000][7][safepoint   ] Safepoint "ICBufferFull", Time since last: 180476959 ns, Reaching safepoint: 246458 ns, At safepoint: 10000 ns, Total: 256458 ns
[2024-04-11T16:51:09.118+0000][7][gc,start    ] GC(14) Pause Young (Normal) (G1 Evacuation Pause)
[2024-04-11T16:51:09.119+0000][7][gc,task     ] GC(14) Using 8 workers of 8 for evacuation
[2024-04-11T16:51:09.119+0000][7][gc,age      ] GC(14) Desired survivor size 20971520 bytes, new threshold 15 (max threshold 15)
[2024-04-11T16:51:09.174+0000][7][gc,phases   ] GC(14)   Pre Evacuate Collection Set: 0.1ms
[2024-04-11T16:51:09.174+0000][7][gc,phases   ] GC(14)   Merge Heap Roots: 0.2ms
[2024-04-11T16:51:09.175+0000][7][gc,phases   ] GC(14)   Evacuate Collection Set: 51.8ms
[2024-04-11T16:51:09.175+0000][7][gc,phases   ] GC(14)   Post Evacuate Collection Set: 2.9ms
[2024-04-11T16:51:09.175+0000][7][gc,phases   ] GC(14)   Other: 0.5ms
[2024-04-11T16:51:09.175+0000][7][gc,age      ] GC(14) Age table with threshold 15 (max threshold 15)
[2024-04-11T16:51:09.175+0000][7][gc,age      ] GC(14) - age   1:   22813944 bytes,   22813944 total
[2024-04-11T16:51:09.175+0000][7][gc,age      ] GC(14) - age   2:    4835560 bytes,   27649504 total
[2024-04-11T16:51:09.175+0000][7][gc,age      ] GC(14) - age   3:    5435312 bytes,   33084816 total
[2024-04-11T16:51:09.176+0000][7][gc,heap     ] GC(14) Eden regions: 72->0(67)
[2024-04-11T16:51:09.176+0000][7][gc,heap     ] GC(14) Survivor regions: 4->9(10)
[2024-04-11T16:51:09.176+0000][7][gc,heap     ] GC(14) Old regions: 12->12
[2024-04-11T16:51:09.176+0000][7][gc,heap     ] GC(14) Archive regions: 2->2
[2024-04-11T16:51:09.176+0000][7][gc,heap     ] GC(14) Humongous regions: 0->0
[2024-04-11T16:51:09.176+0000][7][gc,metaspace] GC(14) Metaspace: 94861K(97664K)->94861K(97664K) NonClass: 81787K(83264K)->81787K(83264K) Class: 13073K(14400K)->13073K(14400K)
[2024-04-11T16:51:09.176+0000][7][gc          ] GC(14) Pause Young (Normal) (G1 Evacuation Pause) 350M->82M(512M) 57.849ms
[2024-04-11T16:51:09.176+0000][7][gc,cpu      ] GC(14) User=0.21s Sys=0.00s Real=0.05s
[2024-04-11T16:51:09.177+0000][7][safepoint   ] Safepoint "G1CollectForAllocation", Time since last: 30140167 ns, Reaching safepoint: 1119500 ns, At safepoint: 58247166 ns, Total: 59366666 ns
[2024-04-11T16:51:09.565+0000][7][safepoint   ] Safepoint "ICBufferFull", Time since last: 387779167 ns, Reaching safepoint: 183000 ns, At safepoint: 13542 ns, Total: 196542 ns
[2024-04-11T16:51:09.763+0000][7][safepoint   ] Safepoint "ICBufferFull", Time since last: 197999542 ns, Reaching safepoint: 151458 ns, At safepoint: 13125 ns, Total: 164583 ns
[2024-04-11T16:51:09.973+0000][7][safepoint   ] Safepoint "ICBufferFull", Time since last: 210366583 ns, Reaching safepoint: 165209 ns, At safepoint: 2541 ns, Total: 167750 ns
[2024-04-11T16:51:10.032+0000][7][gc,start    ] GC(15) Pause Young (Concurrent Start) (Metadata GC Threshold)
[2024-04-11T16:51:10.032+0000][7][gc,task     ] GC(15) Using 8 workers of 8 for evacuation
[2024-04-11T16:51:10.033+0000][7][gc,age      ] GC(15) Desired survivor size 20971520 bytes, new threshold 1 (max threshold 15)
[2024-04-11T16:51:10.077+0000][7][gc,phases   ] GC(15)   Pre Evacuate Collection Set: 0.6ms
[2024-04-11T16:51:10.077+0000][7][gc,phases   ] GC(15)   Merge Heap Roots: 0.1ms
[2024-04-11T16:51:10.078+0000][7][gc,phases   ] GC(15)   Evacuate Collection Set: 42.9ms
[2024-04-11T16:51:10.078+0000][7][gc,phases   ] GC(15)   Post Evacuate Collection Set: 1.1ms
[2024-04-11T16:51:10.078+0000][7][gc,phases   ] GC(15)   Other: 0.3ms
[2024-04-11T16:51:10.078+0000][7][gc,age      ] GC(15) Age table with threshold 1 (max threshold 15)
[2024-04-11T16:51:10.078+0000][7][gc,age      ] GC(15) - age   1:   24169920 bytes,   24169920 total
[2024-04-11T16:51:10.078+0000][7][gc,heap     ] GC(15) Eden regions: 26->0(57)
[2024-04-11T16:51:10.078+0000][7][gc,heap     ] GC(15) Survivor regions: 9->7(10)
[2024-04-11T16:51:10.078+0000][7][gc,heap     ] GC(15) Old regions: 12->20
[2024-04-11T16:51:10.078+0000][7][gc,heap     ] GC(15) Archive regions: 2->2
[2024-04-11T16:51:10.078+0000][7][gc,heap     ] GC(15) Humongous regions: 2->2
[2024-04-11T16:51:10.078+0000][7][gc,metaspace] GC(15) Metaspace: 98152K(100928K)->98152K(100928K) NonClass: 84564K(86016K)->84564K(86016K) Class: 13588K(14912K)->13588K(14912K)
[2024-04-11T16:51:10.078+0000][7][gc          ] GC(15) Pause Young (Concurrent Start) (Metadata GC Threshold) 191M->115M(512M) 46.286ms
[2024-04-11T16:51:10.079+0000][7][gc,cpu      ] GC(15) User=0.23s Sys=0.00s Real=0.05s
[2024-04-11T16:51:10.079+0000][7][safepoint   ] Safepoint "CollectForMetadataAllocation", Time since last: 58803959 ns, Reaching safepoint: 83166 ns, At safepoint: 46695542 ns, Total: 46778708 ns
[2024-04-11T16:51:10.079+0000][7][gc          ] GC(16) Concurrent Mark Cycle
[2024-04-11T16:51:10.080+0000][7][gc,marking  ] GC(16) Concurrent Clear Claimed Marks
[2024-04-11T16:51:10.081+0000][7][gc,marking  ] GC(16) Concurrent Clear Claimed Marks 0.940ms
[2024-04-11T16:51:10.082+0000][7][gc,marking  ] GC(16) Concurrent Scan Root Regions
[2024-04-11T16:51:10.089+0000][7][safepoint   ] Safepoint "CollectForMetadataAllocation", Time since last: 10287917 ns, Reaching safepoint: 40958 ns, At safepoint: 48667 ns, Total: 89625 ns
[2024-04-11T16:51:10.099+0000][7][gc,marking  ] GC(16) Concurrent Scan Root Regions 16.878ms
[2024-04-11T16:51:10.099+0000][7][gc,marking  ] GC(16) Concurrent Mark
[2024-04-11T16:51:10.099+0000][7][gc,marking  ] GC(16) Concurrent Mark From Roots
[2024-04-11T16:51:10.100+0000][7][gc,task     ] GC(16) Using 2 workers of 2 for marking
[2024-04-11T16:51:10.106+0000][7][safepoint   ] Safepoint "CollectForMetadataAllocation", Time since last: 16618458 ns, Reaching safepoint: 163708 ns, At safepoint: 55500 ns, Total: 219208 ns
[2024-04-11T16:51:10.130+0000][7][gc,marking  ] GC(16) Concurrent Mark From Roots 30.229ms
[2024-04-11T16:51:10.130+0000][7][gc,marking  ] GC(16) Concurrent Preclean
[2024-04-11T16:51:10.130+0000][7][gc,marking  ] GC(16) Concurrent Preclean 0.232ms
[2024-04-11T16:51:10.130+0000][7][gc,start    ] GC(16) Pause Remark
[2024-04-11T16:51:10.135+0000][7][gc          ] GC(16) Pause Remark 121M->121M(512M) 4.528ms
[2024-04-11T16:51:10.136+0000][7][gc,cpu      ] GC(16) User=0.01s Sys=0.00s Real=0.00s
[2024-04-11T16:51:10.136+0000][7][safepoint   ] Safepoint "G1Concurrent", Time since last: 24196000 ns, Reaching safepoint: 144959 ns, At safepoint: 6049000 ns, Total: 6193959 ns
[2024-04-11T16:51:10.141+0000][7][gc,marking  ] GC(16) Concurrent Mark 42.088ms
[2024-04-11T16:51:10.145+0000][7][gc,marking  ] GC(16) Concurrent Rebuild Remembered Sets
[2024-04-11T16:51:10.179+0000][7][gc,marking  ] GC(16) Concurrent Rebuild Remembered Sets 34.206ms
[2024-04-11T16:51:10.180+0000][7][gc,start    ] GC(16) Pause Cleanup
[2024-04-11T16:51:10.180+0000][7][gc          ] GC(16) Pause Cleanup 125M->125M(512M) 0.199ms
[2024-04-11T16:51:10.180+0000][7][gc,cpu      ] GC(16) User=0.00s Sys=0.00s Real=0.00s
[2024-04-11T16:51:10.180+0000][7][safepoint   ] Safepoint "G1Concurrent", Time since last: 43317166 ns, Reaching safepoint: 77334 ns, At safepoint: 416208 ns, Total: 493542 ns
[2024-04-11T16:51:10.180+0000][7][gc,marking  ] GC(16) Concurrent Cleanup for Next Mark
[2024-04-11T16:51:10.183+0000][7][gc,marking  ] GC(16) Concurrent Cleanup for Next Mark 2.661ms
[2024-04-11T16:51:10.184+0000][7][gc          ] GC(16) Concurrent Mark Cycle 104.935ms
[2024-04-11T16:51:10.373+0000][7][safepoint   ] Safepoint "ICBufferFull", Time since last: 192581417 ns, Reaching safepoint: 371042 ns, At safepoint: 5541 ns, Total: 376583 ns
[2024-04-11T16:51:10.614+0000][7][safepoint   ] Safepoint "ICBufferFull", Time since last: 240384875 ns, Reaching safepoint: 189167 ns, At safepoint: 7042 ns, Total: 196209 ns
[2024-04-11T16:51:10.963+0000][7][safepoint   ] Safepoint "ICBufferFull", Time since last: 348540083 ns, Reaching safepoint: 534334 ns, At safepoint: 26708 ns, Total: 561042 ns
[2024-04-11T16:51:11.383+0000][7][safepoint   ] Safepoint "ICBufferFull", Time since last: 419926583 ns, Reaching safepoint: 219667 ns, At safepoint: 13417 ns, Total: 233084 ns
[2024-04-11T16:51:11.838+0000][7][safepoint   ] Safepoint "ICBufferFull", Time since last: 454617000 ns, Reaching safepoint: 164875 ns, At safepoint: 2167 ns, Total: 167042 ns
[2024-04-11T16:51:12.839+0000][7][safepoint   ] Safepoint "Cleanup", Time since last: 1000935208 ns, Reaching safepoint: 286250 ns, At safepoint: 8917 ns, Total: 295167 ns
[2024-04-11T16:51:13.327+0000][7][safepoint   ] Safepoint "ICBufferFull", Time since last: 488044375 ns, Reaching safepoint: 181375 ns, At safepoint: 3042 ns, Total: 184417 ns
[2024-04-11T16:51:13.408+0000][7][safepoint   ] Safepoint "ICBufferFull", Time since last: 79963375 ns, Reaching safepoint: 1257125 ns, At safepoint: 14875 ns, Total: 1272000 ns
[2024-04-11T16:51:13.465+0000][7][safepoint   ] Safepoint "ICBufferFull", Time since last: 56115167 ns, Reaching safepoint: 220333 ns, At safepoint: 23125 ns, Total: 243458 ns
[2024-04-11T16:51:13.561+0000][7][safepoint   ] Safepoint "ICBufferFull", Time since last: 95759125 ns, Reaching safepoint: 205708 ns, At safepoint: 6834 ns, Total: 212542 ns
[2024-04-11T16:51:15.065+0000][7][safepoint   ] Safepoint "Cleanup", Time since last: 1504241000 ns, Reaching safepoint: 266709 ns, At safepoint: 14500 ns, Total: 281209 ns
[2024-04-11T16:51:15.792+0000][7][safepoint   ] Safepoint "ICBufferFull", Time since last: 722772125 ns, Reaching safepoint: 3763833 ns, At safepoint: 19500 ns, Total: 3783333 ns
[2024-04-11T16:51:15.842+0000][7][gc,start    ] GC(17) Pause Young (Prepare Mixed) (G1 Evacuation Pause)
[2024-04-11T16:51:15.842+0000][7][gc,task     ] GC(17) Using 8 workers of 8 for evacuation
[2024-04-11T16:51:15.842+0000][7][gc,age      ] GC(17) Desired survivor size 16777216 bytes, new threshold 1 (max threshold 15)
[2024-04-11T16:51:15.874+0000][7][gc,phases   ] GC(17)   Pre Evacuate Collection Set: 0.2ms
[2024-04-11T16:51:15.874+0000][7][gc,phases   ] GC(17)   Merge Heap Roots: 0.2ms
[2024-04-11T16:51:15.874+0000][7][gc,phases   ] GC(17)   Evacuate Collection Set: 27.4ms
[2024-04-11T16:51:15.874+0000][7][gc,phases   ] GC(17)   Post Evacuate Collection Set: 3.3ms
[2024-04-11T16:51:15.876+0000][7][gc,phases   ] GC(17)   Other: 0.9ms
[2024-04-11T16:51:15.876+0000][7][gc,age      ] GC(17) Age table with threshold 1 (max threshold 15)
[2024-04-11T16:51:15.877+0000][7][gc,age      ] GC(17) - age   1:    6356432 bytes,    6356432 total
[2024-04-11T16:51:15.877+0000][7][gc,heap     ] GC(17) Eden regions: 57->0(4)
[2024-04-11T16:51:15.877+0000][7][gc,heap     ] GC(17) Survivor regions: 7->2(8)
[2024-04-11T16:51:15.877+0000][7][gc,heap     ] GC(17) Old regions: 20->26
[2024-04-11T16:51:15.877+0000][7][gc,heap     ] GC(17) Archive regions: 2->2
[2024-04-11T16:51:15.878+0000][7][gc,heap     ] GC(17) Humongous regions: 2->2
[2024-04-11T16:51:15.878+0000][7][gc,metaspace] GC(17) Metaspace: 106546K(109376K)->106546K(109376K) NonClass: 91865K(93376K)->91865K(93376K) Class: 14680K(16000K)->14680K(16000K)
[2024-04-11T16:51:15.879+0000][7][gc          ] GC(17) Pause Young (Prepare Mixed) (G1 Evacuation Pause) 342M->120M(512M) 37.378ms
[2024-04-11T16:51:15.879+0000][7][gc,cpu      ] GC(17) User=0.15s Sys=0.00s Real=0.04s
[2024-04-11T16:51:15.880+0000][7][safepoint   ] Safepoint "G1CollectForAllocation", Time since last: 49228792 ns, Reaching safepoint: 362667 ns, At safepoint: 38248083 ns, Total: 38610750 ns
[2024-04-11T16:51:15.942+0000][7][gc,start    ] GC(18) Pause Young (Mixed) (G1 Evacuation Pause)
[2024-04-11T16:51:15.942+0000][7][gc,task     ] GC(18) Using 8 workers of 8 for evacuation
[2024-04-11T16:51:15.943+0000][7][gc,age      ] GC(18) Desired survivor size 2097152 bytes, new threshold 1 (max threshold 15)
[2024-04-11T16:51:15.961+0000][7][gc,phases   ] GC(18)   Pre Evacuate Collection Set: 0.3ms
[2024-04-11T16:51:15.961+0000][7][gc,phases   ] GC(18)   Merge Heap Roots: 0.4ms
[2024-04-11T16:51:15.961+0000][7][gc,phases   ] GC(18)   Evacuate Collection Set: 16.4ms
[2024-04-11T16:51:15.962+0000][7][gc,phases   ] GC(18)   Post Evacuate Collection Set: 0.7ms
[2024-04-11T16:51:15.962+0000][7][gc,phases   ] GC(18)   Other: 0.9ms
[2024-04-11T16:51:15.962+0000][7][gc,age      ] GC(18) Age table with threshold 1 (max threshold 15)
[2024-04-11T16:51:15.962+0000][7][gc,age      ] GC(18) - age   1:    2188544 bytes,    2188544 total
[2024-04-11T16:51:15.962+0000][7][gc,heap     ] GC(18) Eden regions: 4->0(58)
[2024-04-11T16:51:15.962+0000][7][gc,heap     ] GC(18) Survivor regions: 2->1(1)
[2024-04-11T16:51:15.962+0000][7][gc,heap     ] GC(18) Old regions: 26->28
[2024-04-11T16:51:15.962+0000][7][gc,heap     ] GC(18) Archive regions: 2->2
[2024-04-11T16:51:15.962+0000][7][gc,heap     ] GC(18) Humongous regions: 2->2
[2024-04-11T16:51:15.963+0000][7][gc,metaspace] GC(18) Metaspace: 107216K(110080K)->107216K(110080K) NonClass: 92438K(93952K)->92438K(93952K) Class: 14778K(16128K)->14778K(16128K)
[2024-04-11T16:51:15.963+0000][7][gc          ] GC(18) Pause Young (Mixed) (G1 Evacuation Pause) 136M->125M(512M) 21.195ms
[2024-04-11T16:51:15.963+0000][7][gc,cpu      ] GC(18) User=0.10s Sys=0.00s Real=0.02s
[2024-04-11T16:51:15.963+0000][7][safepoint   ] Safepoint "G1CollectForAllocation", Time since last: 61485167 ns, Reaching safepoint: 585417 ns, At safepoint: 21554875 ns, Total: 22140292 ns
[2024-04-11T16:51:16.136+0000][7][safepoint   ] Safepoint "ICBufferFull", Time since last: 172666541 ns, Reaching safepoint: 339875 ns, At safepoint: 22084 ns, Total: 361959 ns
[2024-04-11T16:51:16.394+0000][7][safepoint   ] Safepoint "ICBufferFull", Time since last: 257587208 ns, Reaching safepoint: 510417 ns, At safepoint: 9333 ns, Total: 519750 ns
[2024-04-11T16:51:16.593+0000][7][safepoint   ] Safepoint "ICBufferFull", Time since last: 198251292 ns, Reaching safepoint: 177500 ns, At safepoint: 17917 ns, Total: 195417 ns
[2024-04-11T16:51:16.871+0000][7][safepoint   ] Safepoint "ICBufferFull", Time since last: 276777333 ns, Reaching safepoint: 1374125 ns, At safepoint: 21458 ns, Total: 1395583 ns
[2024-04-11T16:51:17.032+0000][7][safepoint   ] Safepoint "ICBufferFull", Time since last: 160129125 ns, Reaching safepoint: 291125 ns, At safepoint: 25209 ns, Total: 316334 ns
[2024-04-11T16:51:17.032+0000][7][safepoint   ] Safepoint "ICBufferFull", Time since last: 676166 ns, Reaching safepoint: 154084 ns, At safepoint: 49708 ns, Total: 203792 ns
[2024-04-11T16:51:17.121+0000][7][safepoint   ] Safepoint "ICBufferFull", Time since last: 88618875 ns, Reaching safepoint: 181625 ns, At safepoint: 12125 ns, Total: 193750 ns
[2024-04-11T16:51:17.302+0000][7][safepoint   ] Safepoint "ICBufferFull", Time since last: 180612750 ns, Reaching safepoint: 310000 ns, At safepoint: 30334 ns, Total: 340334 ns
[2024-04-11T16:51:17.303+0000][7][safepoint   ] Safepoint "ICBufferFull", Time since last: 1134500 ns, Reaching safepoint: 116208 ns, At safepoint: 18500 ns, Total: 134708 ns
[2024-04-11T16:51:17.305+0000][7][safepoint   ] Safepoint "ICBufferFull", Time since last: 958333 ns, Reaching safepoint: 166000 ns, At safepoint: 17292 ns, Total: 183292 ns
[2024-04-11T16:51:17.305+0000][7][safepoint   ] Safepoint "ICBufferFull", Time since last: 357208 ns, Reaching safepoint: 198750 ns, At safepoint: 28167 ns, Total: 226917 ns
[2024-04-11T16:51:17.306+0000][7][safepoint   ] Safepoint "ICBufferFull", Time since last: 216583 ns, Reaching safepoint: 162584 ns, At safepoint: 17541 ns, Total: 180125 ns
[2024-04-11T16:51:17.419+0000][7][safepoint   ] Safepoint "ICBufferFull", Time since last: 112892792 ns, Reaching safepoint: 258083 ns, At safepoint: 21125 ns, Total: 279208 ns
[2024-04-11T16:51:17.447+0000][7][gc,start    ] GC(19) Pause Young (Normal) (G1 Evacuation Pause)
[2024-04-11T16:51:17.447+0000][7][gc,task     ] GC(19) Using 8 workers of 8 for evacuation
[2024-04-11T16:51:17.447+0000][7][gc,age      ] GC(19) Desired survivor size 16777216 bytes, new threshold 15 (max threshold 15)
[2024-04-11T16:51:17.462+0000][7][gc,phases   ] GC(19)   Pre Evacuate Collection Set: 0.2ms
[2024-04-11T16:51:17.462+0000][7][gc,phases   ] GC(19)   Merge Heap Roots: 0.2ms
[2024-04-11T16:51:17.463+0000][7][gc,phases   ] GC(19)   Evacuate Collection Set: 11.1ms
[2024-04-11T16:51:17.463+0000][7][gc,phases   ] GC(19)   Post Evacuate Collection Set: 1.8ms
[2024-04-11T16:51:17.463+0000][7][gc,phases   ] GC(19)   Other: 1.3ms
[2024-04-11T16:51:17.463+0000][7][gc,age      ] GC(19) Age table with threshold 15 (max threshold 15)
[2024-04-11T16:51:17.463+0000][7][gc,age      ] GC(19) - age   1:   10632784 bytes,   10632784 total
[2024-04-11T16:51:17.463+0000][7][gc,age      ] GC(19) - age   2:    1399096 bytes,   12031880 total
[2024-04-11T16:51:17.464+0000][7][gc,heap     ] GC(19) Eden regions: 58->0(58)
[2024-04-11T16:51:17.464+0000][7][gc,heap     ] GC(19) Survivor regions: 1->3(8)
[2024-04-11T16:51:17.464+0000][7][gc,heap     ] GC(19) Old regions: 28->28
[2024-04-11T16:51:17.464+0000][7][gc,heap     ] GC(19) Archive regions: 2->2
[2024-04-11T16:51:17.465+0000][7][gc,heap     ] GC(19) Humongous regions: 2->2
[2024-04-11T16:51:17.465+0000][7][gc,metaspace] GC(19) Metaspace: 109899K(112768K)->109899K(112768K) NonClass: 94800K(96320K)->94800K(96320K) Class: 15099K(16448K)->15099K(16448K)
[2024-04-11T16:51:17.465+0000][7][gc          ] GC(19) Pause Young (Normal) (G1 Evacuation Pause) 357M->133M(512M) 18.130ms
[2024-04-11T16:51:17.465+0000][7][gc,cpu      ] GC(19) User=0.06s Sys=0.00s Real=0.02s
[2024-04-11T16:51:17.465+0000][7][safepoint   ] Safepoint "G1CollectForAllocation", Time since last: 27433209 ns, Reaching safepoint: 409291 ns, At safepoint: 18496667 ns, Total: 18905958 ns
[2024-04-11T16:51:17.632+0000][7][safepoint   ] Safepoint "ICBufferFull", Time since last: 167098458 ns, Reaching safepoint: 216667 ns, At safepoint: 25208 ns, Total: 241875 ns
[2024-04-11T16:51:17.718+0000][7][safepoint   ] Safepoint "ICBufferFull", Time since last: 84861167 ns, Reaching safepoint: 233333 ns, At safepoint: 18875 ns, Total: 252208 ns
[2024-04-11T16:51:17.809+0000][7][safepoint   ] Safepoint "ICBufferFull", Time since last: 91052292 ns, Reaching safepoint: 188125 ns, At safepoint: 9958 ns, Total: 198083 ns
[2024-04-11T16:51:18.013+0000][7][safepoint   ] Safepoint "ICBufferFull", Time since last: 203494084 ns, Reaching safepoint: 217583 ns, At safepoint: 13625 ns, Total: 231208 ns
[2024-04-11T16:51:18.176+0000][7][safepoint   ] Safepoint "ICBufferFull", Time since last: 163206084 ns, Reaching safepoint: 159083 ns, At safepoint: 10583 ns, Total: 169666 ns
[2024-04-11T16:51:18.764+0000][7][safepoint   ] Safepoint "ICBufferFull", Time since last: 587678584 ns, Reaching safepoint: 207708 ns, At safepoint: 22375 ns, Total: 230083 ns
[2024-04-11T16:51:18.826+0000][7][safepoint   ] Safepoint "ICBufferFull", Time since last: 61559917 ns, Reaching safepoint: 163458 ns, At safepoint: 12209 ns, Total: 175667 ns
[2024-04-11T16:51:19.018+0000][7][safepoint   ] Safepoint "ICBufferFull", Time since last: 191883875 ns, Reaching safepoint: 230000 ns, At safepoint: 27208 ns, Total: 257208 ns
[2024-04-11T16:51:19.100+0000][7][safepoint   ] Safepoint "ICBufferFull", Time since last: 82131958 ns, Reaching safepoint: 341334 ns, At safepoint: 25500 ns, Total: 366834 ns
[2024-04-11T16:51:19.105+0000][7][safepoint   ] Safepoint "ICBufferFull", Time since last: 4461833 ns, Reaching safepoint: 142958 ns, At safepoint: 22834 ns, Total: 165792 ns
[2024-04-11T16:51:19.114+0000][7][gc,start    ] GC(20) Pause Young (Normal) (G1 Evacuation Pause)
[2024-04-11T16:51:19.114+0000][7][gc,task     ] GC(20) Using 8 workers of 8 for evacuation
[2024-04-11T16:51:19.115+0000][7][gc,age      ] GC(20) Desired survivor size 16777216 bytes, new threshold 15 (max threshold 15)
[2024-04-11T16:51:19.123+0000][7][gc,phases   ] GC(20)   Pre Evacuate Collection Set: 0.1ms
[2024-04-11T16:51:19.123+0000][7][gc,phases   ] GC(20)   Merge Heap Roots: 0.1ms
[2024-04-11T16:51:19.123+0000][7][gc,phases   ] GC(20)   Evacuate Collection Set: 6.7ms
[2024-04-11T16:51:19.123+0000][7][gc,phases   ] GC(20)   Post Evacuate Collection Set: 0.9ms
[2024-04-11T16:51:19.123+0000][7][gc,phases   ] GC(20)   Other: 0.3ms
[2024-04-11T16:51:19.123+0000][7][gc,age      ] GC(20) Age table with threshold 15 (max threshold 15)
[2024-04-11T16:51:19.123+0000][7][gc,age      ] GC(20) - age   1:   12279064 bytes,   12279064 total
[2024-04-11T16:51:19.123+0000][7][gc,age      ] GC(20) - age   2:    4197864 bytes,   16476928 total
[2024-04-11T16:51:19.123+0000][7][gc,age      ] GC(20) - age   3:     872176 bytes,   17349104 total
[2024-04-11T16:51:19.123+0000][7][gc,heap     ] GC(20) Eden regions: 58->0(57)
[2024-04-11T16:51:19.123+0000][7][gc,heap     ] GC(20) Survivor regions: 3->5(8)
[2024-04-11T16:51:19.124+0000][7][gc,heap     ] GC(20) Old regions: 28->28
[2024-04-11T16:51:19.124+0000][7][gc,heap     ] GC(20) Archive regions: 2->2
[2024-04-11T16:51:19.124+0000][7][gc,heap     ] GC(20) Humongous regions: 2->2
[2024-04-11T16:51:19.124+0000][7][gc,metaspace] GC(20) Metaspace: 113042K(116160K)->113042K(116160K) NonClass: 97512K(99200K)->97512K(99200K) Class: 15529K(16960K)->15529K(16960K)
[2024-04-11T16:51:19.124+0000][7][gc          ] GC(20) Pause Young (Normal) (G1 Evacuation Pause) 365M->139M(512M) 9.643ms
[2024-04-11T16:51:19.124+0000][7][gc,cpu      ] GC(20) User=0.04s Sys=0.00s Real=0.01s
[2024-04-11T16:51:19.124+0000][7][safepoint   ] Safepoint "G1CollectForAllocation", Time since last: 8829875 ns, Reaching safepoint: 586875 ns, At safepoint: 9942916 ns, Total: 10529791 ns
[2024-04-11T16:51:19.371+0000][7][safepoint   ] Safepoint "ICBufferFull", Time since last: 246964376 ns, Reaching safepoint: 142208 ns, At safepoint: 6000 ns, Total: 148208 ns
[2024-04-11T16:51:19.758+0000][7][safepoint   ] Safepoint "ICBufferFull", Time since last: 386617333 ns, Reaching safepoint: 342709 ns, At safepoint: 40000 ns, Total: 382709 ns
[2024-04-11T16:51:20.726+0000][7][safepoint   ] Safepoint "ICBufferFull", Time since last: 967437167 ns, Reaching safepoint: 424125 ns, At safepoint: 18917 ns, Total: 443042 ns
[2024-04-11T16:51:21.666+0000][7][safepoint   ] Safepoint "ICBufferFull", Time since last: 939085542 ns, Reaching safepoint: 401375 ns, At safepoint: 48208 ns, Total: 449583 ns
[2024-04-11T16:51:21.725+0000][7][safepoint   ] Safepoint "ICBufferFull", Time since last: 59296375 ns, Reaching safepoint: 258708 ns, At safepoint: 26584 ns, Total: 285292 ns
[2024-04-11T16:51:21.821+0000][7][safepoint   ] Safepoint "ICBufferFull", Time since last: 95675708 ns, Reaching safepoint: 216542 ns, At safepoint: 24583 ns, Total: 241125 ns
[2024-04-11T16:51:21.944+0000][7][safepoint   ] Safepoint "ICBufferFull", Time since last: 122331625 ns, Reaching safepoint: 194958 ns, At safepoint: 7625 ns, Total: 202583 ns
[2024-04-11T16:51:21.992+0000][7][safepoint   ] Safepoint "ICBufferFull", Time since last: 48087917 ns, Reaching safepoint: 165125 ns, At safepoint: 21125 ns, Total: 186250 ns
[2024-04-11T16:51:22.056+0000][7][safepoint   ] Safepoint "ICBufferFull", Time since last: 63696125 ns, Reaching safepoint: 157458 ns, At safepoint: 8042 ns, Total: 165500 ns
[2024-04-11T16:51:23.057+0000][7][safepoint   ] Safepoint "Cleanup", Time since last: 1000463042 ns, Reaching safepoint: 190959 ns, At safepoint: 3708 ns, Total: 194667 ns
[2024-04-11T16:51:23.111+0000][7][gc,start    ] GC(21) Pause Young (Normal) (G1 Evacuation Pause)
[2024-04-11T16:51:23.111+0000][7][gc,task     ] GC(21) Using 8 workers of 8 for evacuation
[2024-04-11T16:51:23.111+0000][7][gc,age      ] GC(21) Desired survivor size 16777216 bytes, new threshold 3 (max threshold 15)
[2024-04-11T16:51:23.117+0000][7][gc,phases   ] GC(21)   Pre Evacuate Collection Set: 0.1ms
[2024-04-11T16:51:23.117+0000][7][gc,phases   ] GC(21)   Merge Heap Roots: 0.1ms
[2024-04-11T16:51:23.118+0000][7][gc,phases   ] GC(21)   Evacuate Collection Set: 4.7ms
[2024-04-11T16:51:23.118+0000][7][gc,phases   ] GC(21)   Post Evacuate Collection Set: 0.8ms
[2024-04-11T16:51:23.118+0000][7][gc,phases   ] GC(21)   Other: 0.4ms
[2024-04-11T16:51:23.118+0000][7][gc,age      ] GC(21) Age table with threshold 3 (max threshold 15)
[2024-04-11T16:51:23.118+0000][7][gc,age      ] GC(21) - age   1:    8818448 bytes,    8818448 total
[2024-04-11T16:51:23.118+0000][7][gc,age      ] GC(21) - age   2:    7097008 bytes,   15915456 total
[2024-04-11T16:51:23.118+0000][7][gc,age      ] GC(21) - age   3:    4098656 bytes,   20014112 total
[2024-04-11T16:51:23.118+0000][7][gc,heap     ] GC(21) Eden regions: 57->0(58)
[2024-04-11T16:51:23.119+0000][7][gc,heap     ] GC(21) Survivor regions: 5->5(8)
[2024-04-11T16:51:23.119+0000][7][gc,heap     ] GC(21) Old regions: 28->28
[2024-04-11T16:51:23.119+0000][7][gc,heap     ] GC(21) Archive regions: 2->2
[2024-04-11T16:51:23.119+0000][7][gc,heap     ] GC(21) Humongous regions: 2->2
[2024-04-11T16:51:23.119+0000][7][gc,metaspace] GC(21) Metaspace: 115029K(118208K)->115029K(118208K) NonClass: 99341K(101056K)->99341K(101056K) Class: 15688K(17152K)->15688K(17152K)
[2024-04-11T16:51:23.119+0000][7][gc          ] GC(21) Pause Young (Normal) (G1 Evacuation Pause) 367M->142M(512M) 8.376ms
[2024-04-11T16:51:23.119+0000][7][gc,cpu      ] GC(21) User=0.04s Sys=0.01s Real=0.01s
[2024-04-11T16:51:23.119+0000][7][safepoint   ] Safepoint "G1CollectForAllocation", Time since last: 54129500 ns, Reaching safepoint: 107000 ns, At safepoint: 8670000 ns, Total: 8777000 ns
[2024-04-11T16:51:24.121+0000][7][safepoint   ] Safepoint "Cleanup", Time since last: 1001018459 ns, Reaching safepoint: 108666 ns, At safepoint: 3584 ns, Total: 112250 ns
[2024-04-11T16:51:25.122+0000][7][safepoint   ] Safepoint "Cleanup", Time since last: 1001163542 ns, Reaching safepoint: 526125 ns, At safepoint: 9667 ns, Total: 535792 ns
[2024-04-11T16:51:26.124+0000][7][safepoint   ] Safepoint "Cleanup", Time since last: 1000732417 ns, Reaching safepoint: 561208 ns, At safepoint: 12792 ns, Total: 574000 ns
[2024-04-11T16:51:27.126+0000][7][safepoint   ] Safepoint "Cleanup", Time since last: 1002012959 ns, Reaching safepoint: 763875 ns, At safepoint: 10208 ns, Total: 774083 ns
[2024-04-11T16:51:28.128+0000][7][safepoint   ] Safepoint "Cleanup", Time since last: 1001812167 ns, Reaching safepoint: 301833 ns, At safepoint: 7500 ns, Total: 309333 ns
[2024-04-11T16:51:29.132+0000][7][safepoint   ] Safepoint "Cleanup", Time since last: 1001924542 ns, Reaching safepoint: 114500 ns, At safepoint: 3917 ns, Total: 118417 ns
[2024-04-11T16:51:29.905+0000][7][gc,start    ] GC(22) Pause Young (Normal) (G1 Evacuation Pause)
[2024-04-11T16:51:29.905+0000][7][gc,task     ] GC(22) Using 8 workers of 8 for evacuation
[2024-04-11T16:51:29.905+0000][7][gc,age      ] GC(22) Desired survivor size 16777216 bytes, new threshold 3 (max threshold 15)
[2024-04-11T16:51:29.910+0000][7][gc,phases   ] GC(22)   Pre Evacuate Collection Set: 0.1ms
[2024-04-11T16:51:29.910+0000][7][gc,phases   ] GC(22)   Merge Heap Roots: 0.1ms
[2024-04-11T16:51:29.910+0000][7][gc,phases   ] GC(22)   Evacuate Collection Set: 3.7ms
[2024-04-11T16:51:29.911+0000][7][gc,phases   ] GC(22)   Post Evacuate Collection Set: 0.9ms
[2024-04-11T16:51:29.911+0000][7][gc,phases   ] GC(22)   Other: 0.3ms
[2024-04-11T16:51:29.911+0000][7][gc,age      ] GC(22) Age table with threshold 3 (max threshold 15)
[2024-04-11T16:51:29.911+0000][7][gc,age      ] GC(22) - age   1:     897848 bytes,     897848 total
[2024-04-11T16:51:29.911+0000][7][gc,age      ] GC(22) - age   2:    4144536 bytes,    5042384 total
[2024-04-11T16:51:29.911+0000][7][gc,age      ] GC(22) - age   3:    7095712 bytes,   12138096 total
[2024-04-11T16:51:29.911+0000][7][gc,heap     ] GC(22) Eden regions: 58->0(60)
[2024-04-11T16:51:29.911+0000][7][gc,heap     ] GC(22) Survivor regions: 5->4(8)
[2024-04-11T16:51:29.911+0000][7][gc,heap     ] GC(22) Old regions: 28->29
[2024-04-11T16:51:29.911+0000][7][gc,heap     ] GC(22) Archive regions: 2->2
[2024-04-11T16:51:29.912+0000][7][gc,heap     ] GC(22) Humongous regions: 2->2
[2024-04-11T16:51:29.912+0000][7][gc,metaspace] GC(22) Metaspace: 115374K(118464K)->115374K(118464K) NonClass: 99682K(101312K)->99682K(101312K) Class: 15692K(17152K)->15692K(17152K)
[2024-04-11T16:51:29.912+0000][7][gc          ] GC(22) Pause Young (Normal) (G1 Evacuation Pause) 373M->139M(512M) 6.996ms
[2024-04-11T16:51:29.912+0000][7][gc,cpu      ] GC(22) User=0.03s Sys=0.01s Real=0.01s
[2024-04-11T16:51:29.912+0000][7][safepoint   ] Safepoint "G1CollectForAllocation", Time since last: 772915542 ns, Reaching safepoint: 186916 ns, At safepoint: 7280542 ns, Total: 7467458 ns
[2024-04-11T16:51:30.762+0000][7][safepoint   ] Safepoint "ICBufferFull", Time since last: 849374334 ns, Reaching safepoint: 238041 ns, At safepoint: 5125 ns, Total: 243166 ns
[2024-04-11T16:51:31.785+0000][7][safepoint   ] Safepoint "ICBufferFull", Time since last: 1022803334 ns, Reaching safepoint: 283000 ns, At safepoint: 12375 ns, Total: 295375 ns
[2024-04-11T16:51:32.786+0000][7][safepoint   ] Safepoint "Cleanup", Time since last: 1000490917 ns, Reaching safepoint: 566417 ns, At safepoint: 23625 ns, Total: 590042 ns
[2024-04-11T16:51:33.787+0000][7][safepoint   ] Safepoint "Cleanup", Time since last: 1000642209 ns, Reaching safepoint: 626000 ns, At safepoint: 11041 ns, Total: 637041 ns
[2024-04-11T16:51:34.791+0000][7][safepoint   ] Safepoint "Cleanup", Time since last: 1002792751 ns, Reaching safepoint: 776208 ns, At safepoint: 7167 ns, Total: 783375 ns
[2024-04-11T16:51:35.793+0000][7][safepoint   ] Safepoint "Cleanup", Time since last: 1002602042 ns, Reaching safepoint: 138208 ns, At safepoint: 14792 ns, Total: 153000 ns
[2024-04-11T16:51:36.795+0000][7][safepoint   ] Safepoint "Cleanup", Time since last: 1000539584 ns, Reaching safepoint: 799583 ns, At safepoint: 16042 ns, Total: 815625 ns
[2024-04-11T16:51:38.797+0000][7][safepoint   ] Safepoint "Cleanup", Time since last: 2001837834 ns, Reaching safepoint: 148542 ns, At safepoint: 6166 ns, Total: 154708 ns
[2024-04-11T16:51:39.797+0000][7][safepoint   ] Safepoint "Cleanup", Time since last: 1000506584 ns, Reaching safepoint: 126584 ns, At safepoint: 8583 ns, Total: 135167 ns
[2024-04-11T16:51:40.798+0000][7][safepoint   ] Safepoint "Cleanup", Time since last: 1000540167 ns, Reaching safepoint: 269667 ns, At safepoint: 7708 ns, Total: 277375 ns
[2024-04-11T16:51:41.799+0000][7][safepoint   ] Safepoint "Cleanup", Time since last: 1000741751 ns, Reaching safepoint: 245375 ns, At safepoint: 41333 ns, Total: 286708 ns
[2024-04-11T16:51:42.800+0000][7][safepoint   ] Safepoint "Cleanup", Time since last: 1000703667 ns, Reaching safepoint: 125292 ns, At safepoint: 4583 ns, Total: 129875 ns
[2024-04-11T16:51:43.802+0000][7][safepoint   ] Safepoint "Cleanup", Time since last: 1001278959 ns, Reaching safepoint: 582583 ns, At safepoint: 15584 ns, Total: 598167 ns
[2024-04-11T16:51:45.806+0000][7][safepoint   ] Safepoint "Cleanup", Time since last: 2003854417 ns, Reaching safepoint: 96334 ns, At safepoint: 17583 ns, Total: 113917 ns
[2024-04-11T16:51:46.298+0000][7][safepoint   ] Safepoint "ICBufferFull", Time since last: 492355417 ns, Reaching safepoint: 181166 ns, At safepoint: 10500 ns, Total: 191666 ns
[2024-04-11T16:51:47.299+0000][7][safepoint   ] Safepoint "Cleanup", Time since last: 1000487459 ns, Reaching safepoint: 147167 ns, At safepoint: 18750 ns, Total: 165917 ns
[2024-04-11T16:51:48.300+0000][7][safepoint   ] Safepoint "Cleanup", Time since last: 1000559209 ns, Reaching safepoint: 191166 ns, At safepoint: 5125 ns, Total: 196291 ns
[2024-04-11T16:51:49.302+0000][7][safepoint   ] Safepoint "Cleanup", Time since last: 1001512543 ns, Reaching safepoint: 124333 ns, At safepoint: 11250 ns, Total: 135583 ns
[2024-04-11T16:51:50.303+0000][7][safepoint   ] Safepoint "Cleanup", Time since last: 1000906917 ns, Reaching safepoint: 411792 ns, At safepoint: 12166 ns, Total: 423958 ns
[2024-04-11T16:51:51.304+0000][7][safepoint   ] Safepoint "Cleanup", Time since last: 1001049751 ns, Reaching safepoint: 428375 ns, At safepoint: 14833 ns, Total: 443208 ns
[2024-04-11T16:51:52.307+0000][7][safepoint   ] Safepoint "Cleanup", Time since last: 1002409876 ns, Reaching safepoint: 452208 ns, At safepoint: 44292 ns, Total: 496500 ns
[2024-04-11T16:51:53.310+0000][7][safepoint   ] Safepoint "Cleanup", Time since last: 1002185750 ns, Reaching safepoint: 938417 ns, At safepoint: 14166 ns, Total: 952583 ns
[2024-04-11T16:51:55.317+0000][7][safepoint   ] Safepoint "Cleanup", Time since last: 2006385293 ns, Reaching safepoint: 344542 ns, At safepoint: 11208 ns, Total: 355750 ns
[2024-04-11T16:51:56.320+0000][7][safepoint   ] Safepoint "Cleanup", Time since last: 1002495959 ns, Reaching safepoint: 221500 ns, At safepoint: 8833 ns, Total: 230333 ns
[2024-04-11T16:51:58.328+0000][7][safepoint   ] Safepoint "Cleanup", Time since last: 2007439209 ns, Reaching safepoint: 500875 ns, At safepoint: 8500 ns, Total: 509375 ns
[2024-04-11T16:51:59.332+0000][7][safepoint   ] Safepoint "Cleanup", Time since last: 1003657209 ns, Reaching safepoint: 234250 ns, At safepoint: 10542 ns, Total: 244792 ns
[2024-04-11T16:52:01.333+0000][7][safepoint   ] Safepoint "Cleanup", Time since last: 2001187501 ns, Reaching safepoint: 105375 ns, At safepoint: 12791 ns, Total: 118166 ns
[2024-04-11T16:52:01.935+0000][7][safepoint   ] Safepoint "ICBufferFull", Time since last: 602316917 ns, Reaching safepoint: 168792 ns, At safepoint: 2917 ns, Total: 171709 ns
[2024-04-11T16:52:02.902+0000][7][gc,start    ] GC(23) Pause Young (Normal) (G1 Evacuation Pause)
[2024-04-11T16:52:02.902+0000][7][gc,task     ] GC(23) Using 8 workers of 8 for evacuation
[2024-04-11T16:52:02.902+0000][7][gc,age      ] GC(23) Desired survivor size 16777216 bytes, new threshold 15 (max threshold 15)
[2024-04-11T16:52:02.913+0000][7][gc,phases   ] GC(23)   Pre Evacuate Collection Set: 0.2ms
[2024-04-11T16:52:02.913+0000][7][gc,phases   ] GC(23)   Merge Heap Roots: 0.1ms
[2024-04-11T16:52:02.913+0000][7][gc,phases   ] GC(23)   Evacuate Collection Set: 8.9ms
[2024-04-11T16:52:02.913+0000][7][gc,phases   ] GC(23)   Post Evacuate Collection Set: 1.3ms
[2024-04-11T16:52:02.913+0000][7][gc,phases   ] GC(23)   Other: 0.4ms
[2024-04-11T16:52:02.913+0000][7][gc,age      ] GC(23) Age table with threshold 15 (max threshold 15)
[2024-04-11T16:52:02.913+0000][7][gc,age      ] GC(23) - age   1:    3277144 bytes,    3277144 total
[2024-04-11T16:52:02.913+0000][7][gc,age      ] GC(23) - age   2:     360344 bytes,    3637488 total
[2024-04-11T16:52:02.913+0000][7][gc,age      ] GC(23) - age   3:    3804544 bytes,    7442032 total
[2024-04-11T16:52:02.913+0000][7][gc,age      ] GC(23) - age   4:    7092168 bytes,   14534200 total
[2024-04-11T16:52:02.913+0000][7][gc,heap     ] GC(23) Eden regions: 60->0(62)
[2024-04-11T16:52:02.914+0000][7][gc,heap     ] GC(23) Survivor regions: 4->4(8)
[2024-04-11T16:52:02.914+0000][7][gc,heap     ] GC(23) Old regions: 29->29
[2024-04-11T16:52:02.914+0000][7][gc,heap     ] GC(23) Archive regions: 2->2
[2024-04-11T16:52:02.914+0000][7][gc,heap     ] GC(23) Humongous regions: 2->2
[2024-04-11T16:52:02.914+0000][7][gc,metaspace] GC(23) Metaspace: 116367K(119552K)->116367K(119552K) NonClass: 100649K(102336K)->100649K(102336K) Class: 15717K(17216K)->15717K(17216K)
[2024-04-11T16:52:02.914+0000][7][gc          ] GC(23) Pause Young (Normal) (G1 Evacuation Pause) 379M->141M(512M) 12.311ms
[2024-04-11T16:52:02.914+0000][7][gc,cpu      ] GC(23) User=0.06s Sys=0.00s Real=0.01s
[2024-04-11T16:52:02.914+0000][7][safepoint   ] Safepoint "G1CollectForAllocation", Time since last: 965822000 ns, Reaching safepoint: 181833 ns, At safepoint: 12533875 ns, Total: 12715708 ns
[2024-04-11T16:52:03.854+0000][7][safepoint   ] Safepoint "ICBufferFull", Time since last: 939649376 ns, Reaching safepoint: 196833 ns, At safepoint: 12583 ns, Total: 209416 ns
[2024-04-11T16:52:04.855+0000][7][safepoint   ] Safepoint "Cleanup", Time since last: 1000967334 ns, Reaching safepoint: 498417 ns, At safepoint: 13958 ns, Total: 512375 ns
[2024-04-11T16:52:05.858+0000][7][safepoint   ] Safepoint "Cleanup", Time since last: 1001934584 ns, Reaching safepoint: 381458 ns, At safepoint: 10542 ns, Total: 392000 ns
[2024-04-11T16:52:06.865+0000][7][safepoint   ] Safepoint "Cleanup", Time since last: 1006876459 ns, Reaching safepoint: 251583 ns, At safepoint: 10209 ns, Total: 261792 ns
[2024-04-11T16:52:08.867+0000][7][safepoint   ] Safepoint "Cleanup", Time since last: 2002288209 ns, Reaching safepoint: 245625 ns, At safepoint: 8833 ns, Total: 254458 ns
[2024-04-11T16:52:09.869+0000][7][safepoint   ] Safepoint "Cleanup", Time since last: 1001130626 ns, Reaching safepoint: 111625 ns, At safepoint: 9833 ns, Total: 121458 ns
[2024-04-11T16:52:10.869+0000][7][safepoint   ] Safepoint "Cleanup", Time since last: 1000490500 ns, Reaching safepoint: 93834 ns, At safepoint: 24125 ns, Total: 117959 ns
[2024-04-11T16:52:12.871+0000][7][safepoint   ] Safepoint "Cleanup", Time since last: 2001072251 ns, Reaching safepoint: 238583 ns, At safepoint: 4250 ns, Total: 242833 ns
[2024-04-11T16:52:13.871+0000][7][safepoint   ] Safepoint "Cleanup", Time since last: 1000672167 ns, Reaching safepoint: 177167 ns, At safepoint: 41917 ns, Total: 219084 ns
[2024-04-11T16:52:14.874+0000][7][safepoint   ] Safepoint "Cleanup", Time since last: 1001142625 ns, Reaching safepoint: 1016333 ns, At safepoint: 16542 ns, Total: 1032875 ns
[2024-04-11T16:52:15.806+0000][7][safepoint   ] Safepoint "ICBufferFull", Time since last: 932054875 ns, Reaching safepoint: 139042 ns, At safepoint: 7292 ns, Total: 146334 ns
[2024-04-11T16:52:16.806+0000][7][safepoint   ] Safepoint "Cleanup", Time since last: 1000266792 ns, Reaching safepoint: 325167 ns, At safepoint: 7291 ns, Total: 332458 ns
[2024-04-11T16:52:18.809+0000][7][safepoint   ] Safepoint "Cleanup", Time since last: 2002038335 ns, Reaching safepoint: 143708 ns, At safepoint: 3833 ns, Total: 147541 ns
[2024-04-11T16:52:20.809+0000][7][safepoint   ] Safepoint "Cleanup", Time since last: 2000515085 ns, Reaching safepoint: 137708 ns, At safepoint: 3750 ns, Total: 141458 ns
[2024-04-11T16:52:21.810+0000][7][safepoint   ] Safepoint "Cleanup", Time since last: 1000497000 ns, Reaching safepoint: 223959 ns, At safepoint: 13750 ns, Total: 237709 ns
[2024-04-11T16:52:22.811+0000][7][safepoint   ] Safepoint "Cleanup", Time since last: 1000816000 ns, Reaching safepoint: 205042 ns, At safepoint: 4667 ns, Total: 209709 ns
[2024-04-11T16:52:23.813+0000][7][safepoint   ] Safepoint "Cleanup", Time since last: 1001000750 ns, Reaching safepoint: 754250 ns, At safepoint: 12000 ns, Total: 766250 ns
[2024-04-11T16:52:24.814+0000][7][safepoint   ] Safepoint "Cleanup", Time since last: 1001189209 ns, Reaching safepoint: 105333 ns, At safepoint: 3958 ns, Total: 109291 ns
[2024-04-11T16:52:25.815+0000][7][safepoint   ] Safepoint "Cleanup", Time since last: 1000382501 ns, Reaching safepoint: 114042 ns, At safepoint: 7791 ns, Total: 121833 ns
[2024-04-11T16:52:27.816+0000][7][safepoint   ] Safepoint "Cleanup", Time since last: 2001700835 ns, Reaching safepoint: 134416 ns, At safepoint: 3334 ns, Total: 137750 ns
[2024-04-11T16:52:28.817+0000][7][safepoint   ] Safepoint "Cleanup", Time since last: 1000437041 ns, Reaching safepoint: 159167 ns, At safepoint: 6375 ns, Total: 165542 ns
[2024-04-11T16:52:30.818+0000][7][safepoint   ] Safepoint "Cleanup", Time since last: 2000704834 ns, Reaching safepoint: 215583 ns, At safepoint: 14959 ns, Total: 230542 ns
[2024-04-11T16:52:31.820+0000][7][safepoint   ] Safepoint "Cleanup", Time since last: 1002155917 ns, Reaching safepoint: 443083 ns, At safepoint: 13458 ns, Total: 456541 ns
[2024-04-11T16:52:33.826+0000][7][safepoint   ] Safepoint "Cleanup", Time since last: 2006128126 ns, Reaching safepoint: 146500 ns, At safepoint: 4542 ns, Total: 151042 ns
[2024-04-11T16:52:34.829+0000][7][safepoint   ] Safepoint "Cleanup", Time since last: 1001435334 ns, Reaching safepoint: 1356667 ns, At safepoint: 15250 ns, Total: 1371917 ns
[2024-04-11T16:52:35.831+0000][7][safepoint   ] Safepoint "Cleanup", Time since last: 1001588458 ns, Reaching safepoint: 525292 ns, At safepoint: 14583 ns, Total: 539875 ns
[2024-04-11T16:52:36.833+0000][7][safepoint   ] Safepoint "Cleanup", Time since last: 1001368459 ns, Reaching safepoint: 282917 ns, At safepoint: 7125 ns, Total: 290042 ns
[2024-04-11T16:52:39.835+0000][7][safepoint   ] Safepoint "Cleanup", Time since last: 3002041835 ns, Reaching safepoint: 95541 ns, At safepoint: 12084 ns, Total: 107625 ns
[2024-04-11T16:52:40.838+0000][7][safepoint   ] Safepoint "Cleanup", Time since last: 1002321417 ns, Reaching safepoint: 107791 ns, At safepoint: 4042 ns, Total: 111833 ns
[2024-04-11T16:52:42.840+0000][7][safepoint   ] Safepoint "Cleanup", Time since last: 2001962376 ns, Reaching safepoint: 138958 ns, At safepoint: 6459 ns, Total: 145417 ns
[2024-04-11T16:52:43.841+0000][7][safepoint   ] Safepoint "Cleanup", Time since last: 1000724625 ns, Reaching safepoint: 395625 ns, At safepoint: 6209 ns, Total: 401834 ns
[2024-04-11T16:52:45.842+0000][7][safepoint   ] Safepoint "Cleanup", Time since last: 2001195542 ns, Reaching safepoint: 92250 ns, At safepoint: 11792 ns, Total: 104042 ns
[2024-04-11T16:52:46.843+0000][7][safepoint   ] Safepoint "Cleanup", Time since last: 1000557959 ns, Reaching safepoint: 496208 ns, At safepoint: 6875 ns, Total: 503083 ns
[2024-04-11T16:52:48.846+0000][7][safepoint   ] Safepoint "Cleanup", Time since last: 2002981418 ns, Reaching safepoint: 285541 ns, At safepoint: 6834 ns, Total: 292375 ns
[2024-04-11T16:52:51.848+0000][7][safepoint   ] Safepoint "Cleanup", Time since last: 3001358376 ns, Reaching safepoint: 155875 ns, At safepoint: 15250 ns, Total: 171125 ns
[2024-04-11T16:52:52.849+0000][7][safepoint   ] Safepoint "Cleanup", Time since last: 1000526542 ns, Reaching safepoint: 383792 ns, At safepoint: 12333 ns, Total: 396125 ns
[2024-04-11T16:52:53.852+0000][7][safepoint   ] Safepoint "Cleanup", Time since last: 1001990334 ns, Reaching safepoint: 688167 ns, At safepoint: 15500 ns, Total: 703667 ns
[2024-04-11T16:52:54.854+0000][7][safepoint   ] Safepoint "Cleanup", Time since last: 1001541250 ns, Reaching safepoint: 1070333 ns, At safepoint: 23792 ns, Total: 1094125 ns
[2024-04-11T16:52:55.856+0000][7][safepoint   ] Safepoint "Cleanup", Time since last: 1002119126 ns, Reaching safepoint: 130791 ns, At safepoint: 8000 ns, Total: 138791 ns
[2024-04-11T16:52:56.862+0000][7][safepoint   ] Safepoint "Cleanup", Time since last: 1005400667 ns, Reaching safepoint: 587084 ns, At safepoint: 12250 ns, Total: 599334 ns
[2024-04-11T16:52:57.869+0000][7][safepoint   ] Safepoint "Cleanup", Time since last: 1006169042 ns, Reaching safepoint: 261625 ns, At safepoint: 14917 ns, Total: 276542 ns
[2024-04-11T16:52:58.232+0000][7][gc,start    ] GC(24) Pause Young (Normal) (G1 Evacuation Pause)
[2024-04-11T16:52:58.232+0000][7][gc,task     ] GC(24) Using 8 workers of 8 for evacuation
[2024-04-11T16:52:58.232+0000][7][gc,age      ] GC(24) Desired survivor size 18874368 bytes, new threshold 15 (max threshold 15)
[2024-04-11T16:52:58.253+0000][7][gc,phases   ] GC(24)   Pre Evacuate Collection Set: 0.3ms
[2024-04-11T16:52:58.254+0000][7][gc,phases   ] GC(24)   Merge Heap Roots: 0.4ms
[2024-04-11T16:52:58.254+0000][7][gc,phases   ] GC(24)   Evacuate Collection Set: 18.0ms
[2024-04-11T16:52:58.254+0000][7][gc,phases   ] GC(24)   Post Evacuate Collection Set: 2.1ms
[2024-04-11T16:52:58.254+0000][7][gc,phases   ] GC(24)   Other: 0.5ms
[2024-04-11T16:52:58.254+0000][7][gc,age      ] GC(24) Age table with threshold 15 (max threshold 15)
[2024-04-11T16:52:58.254+0000][7][gc,age      ] GC(24) - age   1:    2056696 bytes,    2056696 total
[2024-04-11T16:52:58.254+0000][7][gc,age      ] GC(24) - age   2:     974752 bytes,    3031448 total
[2024-04-11T16:52:58.255+0000][7][gc,age      ] GC(24) - age   3:     340616 bytes,    3372064 total
[2024-04-11T16:52:58.255+0000][7][gc,age      ] GC(24) - age   4:    3790032 bytes,    7162096 total
[2024-04-11T16:52:58.255+0000][7][gc,age      ] GC(24) - age   5:    7074296 bytes,   14236392 total
[2024-04-11T16:52:58.255+0000][7][gc,heap     ] GC(24) Eden regions: 62->0(63)
[2024-04-11T16:52:58.255+0000][7][gc,heap     ] GC(24) Survivor regions: 4->4(9)
[2024-04-11T16:52:58.255+0000][7][gc,heap     ] GC(24) Old regions: 29->29
[2024-04-11T16:52:58.255+0000][7][gc,heap     ] GC(24) Archive regions: 2->2
[2024-04-11T16:52:58.255+0000][7][gc,heap     ] GC(24) Humongous regions: 2->2
[2024-04-11T16:52:58.255+0000][7][gc,metaspace] GC(24) Metaspace: 117139K(120256K)->117139K(120256K) NonClass: 101411K(103040K)->101411K(103040K) Class: 15728K(17216K)->15728K(17216K)
[2024-04-11T16:52:58.256+0000][7][gc          ] GC(24) Pause Young (Normal) (G1 Evacuation Pause) 389M->141M(512M) 23.698ms
[2024-04-11T16:52:58.256+0000][7][gc,cpu      ] GC(24) User=0.12s Sys=0.00s Real=0.02s
[2024-04-11T16:52:58.256+0000][7][safepoint   ] Safepoint "G1CollectForAllocation", Time since last: 362678333 ns, Reaching safepoint: 146750 ns, At safepoint: 24123792 ns, Total: 24270542 ns
[2024-04-11T16:52:59.314+0000][7][safepoint   ] Safepoint "Cleanup", Time since last: 1056980958 ns, Reaching safepoint: 555375 ns, At safepoint: 36875 ns, Total: 592250 ns
[2024-04-11T16:53:01.317+0000][7][safepoint   ] Safepoint "Cleanup", Time since last: 2002415793 ns, Reaching safepoint: 211791 ns, At safepoint: 8167 ns, Total: 219958 ns
[2024-04-11T16:53:02.318+0000][7][safepoint   ] Safepoint "Cleanup", Time since last: 1001029167 ns, Reaching safepoint: 555458 ns, At safepoint: 17584 ns, Total: 573042 ns
[2024-04-11T16:53:03.320+0000][7][safepoint   ] Safepoint "Cleanup", Time since last: 1001420500 ns, Reaching safepoint: 332084 ns, At safepoint: 9250 ns, Total: 341334 ns
[2024-04-11T16:53:04.322+0000][7][safepoint   ] Safepoint "Cleanup", Time since last: 1001643875 ns, Reaching safepoint: 410583 ns, At safepoint: 10542 ns, Total: 421125 ns
[2024-04-11T16:53:05.324+0000][7][safepoint   ] Safepoint "Cleanup", Time since last: 1001335167 ns, Reaching safepoint: 748625 ns, At safepoint: 10375 ns, Total: 759000 ns
[2024-04-11T16:53:06.331+0000][7][safepoint   ] Safepoint "Cleanup", Time since last: 1006307042 ns, Reaching safepoint: 533834 ns, At safepoint: 16166 ns, Total: 550000 ns
[2024-04-11T16:53:07.334+0000][7][safepoint   ] Safepoint "Cleanup", Time since last: 1001828001 ns, Reaching safepoint: 622500 ns, At safepoint: 13833 ns, Total: 636333 ns
[2024-04-11T16:53:08.336+0000][7][safepoint   ] Safepoint "Cleanup", Time since last: 1002540251 ns, Reaching safepoint: 233375 ns, At safepoint: 8500 ns, Total: 241875 ns
[2024-04-11T16:53:09.346+0000][7][safepoint   ] Safepoint "Cleanup", Time since last: 1008825542 ns, Reaching safepoint: 333833 ns, At safepoint: 9958 ns, Total: 343791 ns
[2024-04-11T16:53:10.350+0000][7][safepoint   ] Safepoint "Cleanup", Time since last: 1004388543 ns, Reaching safepoint: 165625 ns, At safepoint: 4250 ns, Total: 169875 ns
[2024-04-11T16:53:11.351+0000][7][safepoint   ] Safepoint "Cleanup", Time since last: 1000636625 ns, Reaching safepoint: 539500 ns, At safepoint: 12333 ns, Total: 551833 ns
[2024-04-11T16:53:13.356+0000][7][safepoint   ] Safepoint "Cleanup", Time since last: 2003916835 ns, Reaching safepoint: 457291 ns, At safepoint: 18000 ns, Total: 475291 ns
[2024-04-11T16:53:15.360+0000][7][safepoint   ] Safepoint "Cleanup", Time since last: 2003281960 ns, Reaching safepoint: 840291 ns, At safepoint: 16042 ns, Total: 856333 ns
[2024-04-11T16:53:16.362+0000][7][safepoint   ] Safepoint "Cleanup", Time since last: 1002061875 ns, Reaching safepoint: 300125 ns, At safepoint: 33875 ns, Total: 334000 ns
[2024-04-11T16:53:18.366+0000][7][safepoint   ] Safepoint "Cleanup", Time since last: 2003133043 ns, Reaching safepoint: 418125 ns, At safepoint: 10333 ns, Total: 428458 ns
[2024-04-11T16:53:19.368+0000][7][safepoint   ] Safepoint "Cleanup", Time since last: 1001829418 ns, Reaching safepoint: 242708 ns, At safepoint: 34083 ns, Total: 276791 ns
[2024-04-11T16:53:21.393+0000][7][safepoint   ] Safepoint "Cleanup", Time since last: 2023622376 ns, Reaching safepoint: 1328958 ns, At safepoint: 12625 ns, Total: 1341583 ns
[2024-04-11T16:53:22.396+0000][7][safepoint   ] Safepoint "Cleanup", Time since last: 1002005959 ns, Reaching safepoint: 686625 ns, At safepoint: 9667 ns, Total: 696292 ns
[2024-04-11T16:53:23.401+0000][7][safepoint   ] Safepoint "Cleanup", Time since last: 1004709709 ns, Reaching safepoint: 309750 ns, At safepoint: 10416 ns, Total: 320166 ns
[2024-04-11T16:53:26.409+0000][7][safepoint   ] Safepoint "Cleanup", Time since last: 3007539210 ns, Reaching safepoint: 387917 ns, At safepoint: 11083 ns, Total: 399000 ns
[2024-04-11T16:53:28.411+0000][7][safepoint   ] Safepoint "Cleanup", Time since last: 2001994667 ns, Reaching safepoint: 434125 ns, At safepoint: 11625 ns, Total: 445750 ns
[2024-04-11T16:53:29.413+0000][7][safepoint   ] Safepoint "Cleanup", Time since last: 1001209125 ns, Reaching safepoint: 330542 ns, At safepoint: 6167 ns, Total: 336709 ns
[2024-04-11T16:53:31.417+0000][7][safepoint   ] Safepoint "Cleanup", Time since last: 2003475042 ns, Reaching safepoint: 339709 ns, At safepoint: 8333 ns, Total: 348042 ns
[2024-04-11T16:53:34.422+0000][7][safepoint   ] Safepoint "Cleanup", Time since last: 3004233793 ns, Reaching safepoint: 1312458 ns, At safepoint: 14542 ns, Total: 1327000 ns
[2024-04-11T16:53:35.429+0000][7][safepoint   ] Safepoint "Cleanup", Time since last: 1005977417 ns, Reaching safepoint: 885709 ns, At safepoint: 8666 ns, Total: 894375 ns
[2024-04-11T16:53:39.436+0000][7][safepoint   ] Safepoint "Cleanup", Time since last: 4006285544 ns, Reaching safepoint: 423750 ns, At safepoint: 5458 ns, Total: 429208 ns
[2024-04-11T16:53:40.438+0000][7][safepoint   ] Safepoint "Cleanup", Time since last: 1001328001 ns, Reaching safepoint: 224541 ns, At safepoint: 18292 ns, Total: 242833 ns
[2024-04-11T16:53:41.439+0000][7][safepoint   ] Safepoint "Cleanup", Time since last: 1001161959 ns, Reaching safepoint: 78041 ns, At safepoint: 11709 ns, Total: 89750 ns
[2024-04-11T16:53:42.441+0000][7][safepoint   ] Safepoint "Cleanup", Time since last: 1001447875 ns, Reaching safepoint: 680750 ns, At safepoint: 10209 ns, Total: 690959 ns
[2024-04-11T16:53:43.445+0000][7][safepoint   ] Safepoint "Cleanup", Time since last: 1004219250 ns, Reaching safepoint: 215417 ns, At safepoint: 19250 ns, Total: 234667 ns
[2024-04-11T16:53:46.451+0000][7][safepoint   ] Safepoint "Cleanup", Time since last: 3005016543 ns, Reaching safepoint: 412208 ns, At safepoint: 9417 ns, Total: 421625 ns
[2024-04-11T16:53:49.455+0000][7][safepoint   ] Safepoint "Cleanup", Time since last: 3003376710 ns, Reaching safepoint: 771083 ns, At safepoint: 16000 ns, Total: 787083 ns
[2024-04-11T16:53:51.458+0000][7][safepoint   ] Safepoint "Cleanup", Time since last: 2002403626 ns, Reaching safepoint: 474458 ns, At safepoint: 17042 ns, Total: 491500 ns
[2024-04-11T16:53:52.463+0000][7][safepoint   ] Safepoint "Cleanup", Time since last: 1004254834 ns, Reaching safepoint: 551375 ns, At safepoint: 9416 ns, Total: 560791 ns
[2024-04-11T16:53:53.465+0000][7][safepoint   ] Safepoint "Cleanup", Time since last: 1002508251 ns, Reaching safepoint: 171791 ns, At safepoint: 7917 ns, Total: 179708 ns
[2024-04-11T16:53:55.814+0000][7][safepoint   ] Safepoint "Cleanup", Time since last: 2345929918 ns, Reaching safepoint: 2315042 ns, At safepoint: 25500 ns, Total: 2340542 ns
[2024-04-11T16:53:57.816+0000][7][safepoint   ] Safepoint "Cleanup", Time since last: 2001697542 ns, Reaching safepoint: 158709 ns, At safepoint: 16166 ns, Total: 174875 ns
[2024-04-11T16:53:58.817+0000][7][safepoint   ] Safepoint "Cleanup", Time since last: 1000996625 ns, Reaching safepoint: 146875 ns, At safepoint: 12792 ns, Total: 159667 ns
[2024-04-11T16:54:00.821+0000][7][safepoint   ] Safepoint "Cleanup", Time since last: 2003385751 ns, Reaching safepoint: 233916 ns, At safepoint: 5750 ns, Total: 239666 ns
[2024-04-11T16:54:02.850+0000][7][safepoint   ] Safepoint "Cleanup", Time since last: 2028704668 ns, Reaching safepoint: 1009833 ns, At safepoint: 23167 ns, Total: 1033000 ns
[2024-04-11T16:54:03.852+0000][7][safepoint   ] Safepoint "Cleanup", Time since last: 1001863750 ns, Reaching safepoint: 102875 ns, At safepoint: 8667 ns, Total: 111542 ns
[2024-04-11T16:54:04.853+0000][7][safepoint   ] Safepoint "Cleanup", Time since last: 1000578709 ns, Reaching safepoint: 318500 ns, At safepoint: 13958 ns, Total: 332458 ns
[2024-04-11T16:54:05.855+0000][7][safepoint   ] Safepoint "Cleanup", Time since last: 1001255584 ns, Reaching safepoint: 366167 ns, At safepoint: 12250 ns, Total: 378417 ns
[2024-04-11T16:54:06.858+0000][7][safepoint   ] Safepoint "Cleanup", Time since last: 1002505792 ns, Reaching safepoint: 265458 ns, At safepoint: 7750 ns, Total: 273208 ns
[2024-04-11T16:54:08.862+0000][7][safepoint   ] Safepoint "Cleanup", Time since last: 2003987085 ns, Reaching safepoint: 59708 ns, At safepoint: 2458 ns, Total: 62166 ns
[2024-04-11T16:54:09.800+0000][7][gc,start    ] GC(25) Pause Young (Normal) (G1 Evacuation Pause)
[2024-04-11T16:54:09.800+0000][7][gc,task     ] GC(25) Using 8 workers of 8 for evacuation
[2024-04-11T16:54:09.801+0000][7][gc,age      ] GC(25) Desired survivor size 18874368 bytes, new threshold 15 (max threshold 15)
[2024-04-11T16:54:09.832+0000][7][gc,phases   ] GC(25)   Pre Evacuate Collection Set: 0.5ms
[2024-04-11T16:54:09.832+0000][7][gc,phases   ] GC(25)   Merge Heap Roots: 0.5ms
[2024-04-11T16:54:09.833+0000][7][gc,phases   ] GC(25)   Evacuate Collection Set: 26.4ms
[2024-04-11T16:54:09.833+0000][7][gc,phases   ] GC(25)   Post Evacuate Collection Set: 3.2ms
[2024-04-11T16:54:09.833+0000][7][gc,phases   ] GC(25)   Other: 1.1ms
[2024-04-11T16:54:09.833+0000][7][gc,age      ] GC(25) Age table with threshold 15 (max threshold 15)
[2024-04-11T16:54:09.834+0000][7][gc,age      ] GC(25) - age   1:    3610192 bytes,    3610192 total
[2024-04-11T16:54:09.834+0000][7][gc,age      ] GC(25) - age   2:     570096 bytes,    4180288 total
[2024-04-11T16:54:09.834+0000][7][gc,age      ] GC(25) - age   3:     968592 bytes,    5148880 total
[2024-04-11T16:54:09.834+0000][7][gc,age      ] GC(25) - age   4:     340336 bytes,    5489216 total
[2024-04-11T16:54:09.834+0000][7][gc,age      ] GC(25) - age   5:    3789568 bytes,    9278784 total
[2024-04-11T16:54:09.835+0000][7][gc,age      ] GC(25) - age   6:    7074296 bytes,   16353080 total
[2024-04-11T16:54:09.835+0000][7][gc,heap     ] GC(25) Eden regions: 63->0(63)
[2024-04-11T16:54:09.835+0000][7][gc,heap     ] GC(25) Survivor regions: 4->5(9)
[2024-04-11T16:54:09.835+0000][7][gc,heap     ] GC(25) Old regions: 29->29
[2024-04-11T16:54:09.835+0000][7][gc,heap     ] GC(25) Archive regions: 2->2
[2024-04-11T16:54:09.835+0000][7][gc,heap     ] GC(25) Humongous regions: 2->2
[2024-04-11T16:54:09.836+0000][7][gc,metaspace] GC(25) Metaspace: 117800K(120960K)->117800K(120960K) NonClass: 102066K(103744K)->102066K(103744K) Class: 15733K(17216K)->15733K(17216K)
[2024-04-11T16:54:09.836+0000][7][gc          ] GC(25) Pause Young (Normal) (G1 Evacuation Pause) 393M->143M(512M) 36.112ms
[2024-04-11T16:54:09.836+0000][7][gc,cpu      ] GC(25) User=0.19s Sys=0.00s Real=0.04s
[2024-04-11T16:54:09.836+0000][7][safepoint   ] Safepoint "G1CollectForAllocation", Time since last: 937533292 ns, Reaching safepoint: 251125 ns, At safepoint: 36622375 ns, Total: 36873500 ns
[2024-04-11T16:54:10.838+0000][7][safepoint   ] Safepoint "Cleanup", Time since last: 1001229459 ns, Reaching safepoint: 283333 ns, At safepoint: 10167 ns, Total: 293500 ns
[2024-04-11T16:54:12.839+0000][7][safepoint   ] Safepoint "Cleanup", Time since last: 2001651626 ns, Reaching safepoint: 128917 ns, At safepoint: 3500 ns, Total: 132417 ns
[2024-04-11T16:54:13.843+0000][7][safepoint   ] Safepoint "Cleanup", Time since last: 1003038709 ns, Reaching safepoint: 356291 ns, At safepoint: 9959 ns, Total: 366250 ns
[2024-04-11T16:54:15.845+0000][7][safepoint   ] Safepoint "Cleanup", Time since last: 2002440334 ns, Reaching safepoint: 100792 ns, At safepoint: 4250 ns, Total: 105042 ns
[2024-04-11T16:54:16.851+0000][7][safepoint   ] Safepoint "Cleanup", Time since last: 1005045708 ns, Reaching safepoint: 637000 ns, At safepoint: 10250 ns, Total: 647250 ns
[2024-04-11T16:54:18.853+0000][7][safepoint   ] Safepoint "Cleanup", Time since last: 2001986793 ns, Reaching safepoint: 294625 ns, At safepoint: 5625 ns, Total: 300250 ns
[2024-04-11T16:54:21.857+0000][7][safepoint   ] Safepoint "Cleanup", Time since last: 3003373168 ns, Reaching safepoint: 104333 ns, At safepoint: 18084 ns, Total: 122417 ns
[2024-04-11T16:54:22.859+0000][7][safepoint   ] Safepoint "Cleanup", Time since last: 1001559084 ns, Reaching safepoint: 229916 ns, At safepoint: 6375 ns, Total: 236291 ns
[2024-04-11T16:54:23.860+0000][7][safepoint   ] Safepoint "Cleanup", Time since last: 1001372084 ns, Reaching safepoint: 239042 ns, At safepoint: 17291 ns, Total: 256333 ns
[2024-04-11T16:54:24.861+0000][7][safepoint   ] Safepoint "Cleanup", Time since last: 1001006501 ns, Reaching safepoint: 128875 ns, At safepoint: 11750 ns, Total: 140625 ns
[2024-04-11T16:54:25.863+0000][7][safepoint   ] Safepoint "Cleanup", Time since last: 1000843500 ns, Reaching safepoint: 429292 ns, At safepoint: 12125 ns, Total: 441417 ns
[2024-04-11T16:54:27.865+0000][7][safepoint   ] Safepoint "Cleanup", Time since last: 2001995793 ns, Reaching safepoint: 155958 ns, At safepoint: 21250 ns, Total: 177208 ns
[2024-04-11T16:54:28.866+0000][7][safepoint   ] Safepoint "Cleanup", Time since last: 1000745083 ns, Reaching safepoint: 184333 ns, At safepoint: 8750 ns, Total: 193083 ns
[2024-04-11T16:54:30.867+0000][7][safepoint   ] Safepoint "Cleanup", Time since last: 2000929084 ns, Reaching safepoint: 116834 ns, At safepoint: 5041 ns, Total: 121875 ns
[2024-04-11T16:54:31.867+0000][7][safepoint   ] Safepoint "Cleanup", Time since last: 1000375418 ns, Reaching safepoint: 166875 ns, At safepoint: 12541 ns, Total: 179416 ns
[2024-04-11T16:54:33.870+0000][7][safepoint   ] Safepoint "Cleanup", Time since last: 2002599209 ns, Reaching safepoint: 76459 ns, At safepoint: 2250 ns, Total: 78709 ns
[2024-04-11T16:54:34.871+0000][7][safepoint   ] Safepoint "Cleanup", Time since last: 1000443709 ns, Reaching safepoint: 313416 ns, At safepoint: 13042 ns, Total: 326458 ns
[2024-04-11T16:54:36.874+0000][7][safepoint   ] Safepoint "Cleanup", Time since last: 2002857543 ns, Reaching safepoint: 215375 ns, At safepoint: 15416 ns, Total: 230791 ns
[2024-04-11T16:54:39.877+0000][7][safepoint   ] Safepoint "Cleanup", Time since last: 3002165293 ns, Reaching safepoint: 479417 ns, At safepoint: 12417 ns, Total: 491834 ns
[2024-04-11T16:54:40.878+0000][7][safepoint   ] Safepoint "Cleanup", Time since last: 1001099375 ns, Reaching safepoint: 579042 ns, At safepoint: 14958 ns, Total: 594000 ns
[2024-04-11T16:54:41.881+0000][7][safepoint   ] Safepoint "Cleanup", Time since last: 1001870542 ns, Reaching safepoint: 726250 ns, At safepoint: 16209 ns, Total: 742459 ns
[2024-04-11T16:54:42.884+0000][7][safepoint   ] Safepoint "Cleanup", Time since last: 1003391500 ns, Reaching safepoint: 120167 ns, At safepoint: 4458 ns, Total: 124625 ns
[2024-04-11T16:54:45.889+0000][7][safepoint   ] Safepoint "Cleanup", Time since last: 3004501127 ns, Reaching safepoint: 101916 ns, At safepoint: 3709 ns, Total: 105625 ns
[2024-04-11T16:54:46.890+0000][7][safepoint   ] Safepoint "Cleanup", Time since last: 1000525000 ns, Reaching safepoint: 415542 ns, At safepoint: 15333 ns, Total: 430875 ns
[2024-04-11T16:54:48.892+0000][7][safepoint   ] Safepoint "Cleanup", Time since last: 2001544084 ns, Reaching safepoint: 126667 ns, At safepoint: 7875 ns, Total: 134542 ns
[2024-04-11T16:54:51.898+0000][7][safepoint   ] Safepoint "Cleanup", Time since last: 3006432960 ns, Reaching safepoint: 82666 ns, At safepoint: 7834 ns, Total: 90500 ns
[2024-04-11T16:54:52.900+0000][7][safepoint   ] Safepoint "Cleanup", Time since last: 1000935042 ns, Reaching safepoint: 661583 ns, At safepoint: 15875 ns, Total: 677458 ns
[2024-04-11T16:54:54.904+0000][7][safepoint   ] Safepoint "Cleanup", Time since last: 2003981918 ns, Reaching safepoint: 544250 ns, At safepoint: 8083 ns, Total: 552333 ns
[2024-04-11T16:54:58.912+0000][7][safepoint   ] Safepoint "Cleanup", Time since last: 4007364543 ns, Reaching safepoint: 344375 ns, At safepoint: 8417 ns, Total: 352792 ns
[2024-04-11T16:55:00.914+0000][7][safepoint   ] Safepoint "Cleanup", Time since last: 2001708793 ns, Reaching safepoint: 233625 ns, At safepoint: 4541 ns, Total: 238166 ns
[2024-04-11T16:55:01.917+0000][7][safepoint   ] Safepoint "Cleanup", Time since last: 1002481209 ns, Reaching safepoint: 499000 ns, At safepoint: 14875 ns, Total: 513875 ns
[2024-04-11T16:55:02.922+0000][7][safepoint   ] Safepoint "Cleanup", Time since last: 1004254834 ns, Reaching safepoint: 417250 ns, At safepoint: 11708 ns, Total: 428958 ns
[2024-04-11T16:55:03.925+0000][7][safepoint   ] Safepoint "Cleanup", Time since last: 1002842001 ns, Reaching safepoint: 99875 ns, At safepoint: 3708 ns, Total: 103583 ns
[2024-04-11T16:55:04.927+0000][7][safepoint   ] Safepoint "Cleanup", Time since last: 1001869292 ns, Reaching safepoint: 250750 ns, At safepoint: 15875 ns, Total: 266625 ns
[2024-04-11T16:55:05.930+0000][7][safepoint   ] Safepoint "Cleanup", Time since last: 1002170292 ns, Reaching safepoint: 316459 ns, At safepoint: 9208 ns, Total: 325667 ns
[2024-04-11T16:55:06.932+0000][7][safepoint   ] Safepoint "Cleanup", Time since last: 1002518126 ns, Reaching safepoint: 95625 ns, At safepoint: 4750 ns, Total: 100375 ns
[2024-04-11T16:55:09.935+0000][7][safepoint   ] Safepoint "Cleanup", Time since last: 3002525168 ns, Reaching safepoint: 66500 ns, At safepoint: 1750 ns, Total: 68250 ns
[2024-04-11T16:55:09.961+0000][7][gc,start    ] GC(26) Pause Young (Normal) (G1 Evacuation Pause)
[2024-04-11T16:55:09.961+0000][7][gc,task     ] GC(26) Using 8 workers of 8 for evacuation
[2024-04-11T16:55:09.961+0000][7][gc,age      ] GC(26) Desired survivor size 18874368 bytes, new threshold 15 (max threshold 15)
[2024-04-11T16:55:09.976+0000][7][gc,phases   ] GC(26)   Pre Evacuate Collection Set: 0.2ms
[2024-04-11T16:55:09.976+0000][7][gc,phases   ] GC(26)   Merge Heap Roots: 0.2ms
[2024-04-11T16:55:09.976+0000][7][gc,phases   ] GC(26)   Evacuate Collection Set: 12.6ms
[2024-04-11T16:55:09.976+0000][7][gc,phases   ] GC(26)   Post Evacuate Collection Set: 1.6ms
[2024-04-11T16:55:09.977+0000][7][gc,phases   ] GC(26)   Other: 0.4ms
[2024-04-11T16:55:09.977+0000][7][gc,age      ] GC(26) Age table with threshold 15 (max threshold 15)
[2024-04-11T16:55:09.977+0000][7][gc,age      ] GC(26) - age   1:    1818600 bytes,    1818600 total
[2024-04-11T16:55:09.977+0000][7][gc,age      ] GC(26) - age   2:    2786992 bytes,    4605592 total
[2024-04-11T16:55:09.977+0000][7][gc,age      ] GC(26) - age   3:     568112 bytes,    5173704 total
[2024-04-11T16:55:09.977+0000][7][gc,age      ] GC(26) - age   4:     967608 bytes,    6141312 total
[2024-04-11T16:55:09.977+0000][7][gc,age      ] GC(26) - age   5:     340208 bytes,    6481520 total
[2024-04-11T16:55:09.977+0000][7][gc,age      ] GC(26) - age   6:    3668864 bytes,   10150384 total
[2024-04-11T16:55:09.978+0000][7][gc,age      ] GC(26) - age   7:    7074296 bytes,   17224680 total
[2024-04-11T16:55:09.978+0000][7][gc,heap     ] GC(26) Eden regions: 63->0(64)
[2024-04-11T16:55:09.978+0000][7][gc,heap     ] GC(26) Survivor regions: 5->5(9)
[2024-04-11T16:55:09.978+0000][7][gc,heap     ] GC(26) Old regions: 29->29
[2024-04-11T16:55:09.978+0000][7][gc,heap     ] GC(26) Archive regions: 2->2
[2024-04-11T16:55:09.978+0000][7][gc,heap     ] GC(26) Humongous regions: 2->2
[2024-04-11T16:55:09.978+0000][7][gc,metaspace] GC(26) Metaspace: 118300K(121472K)->118300K(121472K) NonClass: 102566K(104256K)->102566K(104256K) Class: 15734K(17216K)->15734K(17216K)
[2024-04-11T16:55:09.978+0000][7][gc          ] GC(26) Pause Young (Normal) (G1 Evacuation Pause) 395M->145M(512M) 17.659ms
[2024-04-11T16:55:09.978+0000][7][gc,cpu      ] GC(26) User=0.09s Sys=0.00s Real=0.01s
[2024-04-11T16:55:09.979+0000][7][safepoint   ] Safepoint "G1CollectForAllocation", Time since last: 25627333 ns, Reaching safepoint: 108333 ns, At safepoint: 17972750 ns, Total: 18081083 ns
[2024-04-11T16:55:11.081+0000][7][safepoint   ] Safepoint "Cleanup", Time since last: 1101587084 ns, Reaching safepoint: 534542 ns, At safepoint: 10542 ns, Total: 545084 ns
[2024-04-11T16:55:12.104+0000][7][safepoint   ] Safepoint "Cleanup", Time since last: 1022409500 ns, Reaching safepoint: 416625 ns, At safepoint: 10125 ns, Total: 426750 ns
[2024-04-11T16:55:13.107+0000][7][safepoint   ] Safepoint "Cleanup", Time since last: 1002858001 ns, Reaching safepoint: 342458 ns, At safepoint: 8208 ns, Total: 350666 ns
[2024-04-11T16:55:14.323+0000][7][safepoint   ] Safepoint "Cleanup", Time since last: 1216235417 ns, Reaching safepoint: 266125 ns, At safepoint: 34000 ns, Total: 300125 ns
[2024-04-11T16:55:16.326+0000][7][safepoint   ] Safepoint "Cleanup", Time since last: 2001931793 ns, Reaching safepoint: 1110167 ns, At safepoint: 16250 ns, Total: 1126417 ns
[2024-04-11T16:55:17.329+0000][7][safepoint   ] Safepoint "Cleanup", Time since last: 1001592750 ns, Reaching safepoint: 925250 ns, At safepoint: 19167 ns, Total: 944417 ns
[2024-04-11T16:55:22.334+0000][7][safepoint   ] Safepoint "Cleanup", Time since last: 5004251711 ns, Reaching safepoint: 1036666 ns, At safepoint: 7000 ns, Total: 1043666 ns
[2024-04-11T16:55:25.338+0000][7][safepoint   ] Safepoint "Cleanup", Time since last: 3003611460 ns, Reaching safepoint: 423625 ns, At safepoint: 8750 ns, Total: 432375 ns
[2024-04-11T16:55:28.349+0000][7][safepoint   ] Safepoint "Cleanup", Time since last: 3009738085 ns, Reaching safepoint: 818000 ns, At safepoint: 32958 ns, Total: 850958 ns
[2024-04-11T16:55:31.353+0000][7][safepoint   ] Safepoint "Cleanup", Time since last: 3004877709 ns, Reaching safepoint: 285917 ns, At safepoint: 11000 ns, Total: 296917 ns
[2024-04-11T16:55:34.361+0000][7][safepoint   ] Safepoint "Cleanup", Time since last: 3005178793 ns, Reaching safepoint: 2039500 ns, At safepoint: 14708 ns, Total: 2054208 ns
[2024-04-11T16:55:35.366+0000][7][safepoint   ] Safepoint "Cleanup", Time since last: 1004517542 ns, Reaching safepoint: 519250 ns, At safepoint: 7000 ns, Total: 526250 ns
[2024-04-11T16:55:36.367+0000][7][safepoint   ] Safepoint "Cleanup", Time since last: 1000970751 ns, Reaching safepoint: 678416 ns, At safepoint: 6667 ns, Total: 685083 ns
[2024-04-11T16:55:37.368+0000][7][safepoint   ] Safepoint "Cleanup", Time since last: 1000739917 ns, Reaching safepoint: 345542 ns, At safepoint: 10125 ns, Total: 355667 ns
[2024-04-11T16:55:40.370+0000][7][safepoint   ] Safepoint "Cleanup", Time since last: 3001531668 ns, Reaching safepoint: 245875 ns, At safepoint: 24375 ns, Total: 270250 ns
[2024-04-11T16:55:43.376+0000][7][safepoint   ] Safepoint "Cleanup", Time since last: 3005169668 ns, Reaching safepoint: 547000 ns, At safepoint: 10083 ns, Total: 557083 ns
[2024-04-11T16:55:46.381+0000][7][safepoint   ] Safepoint "Cleanup", Time since last: 3004565168 ns, Reaching safepoint: 391584 ns, At safepoint: 11125 ns, Total: 402709 ns
[2024-04-11T16:55:52.386+0000][7][safepoint   ] Safepoint "Cleanup", Time since last: 6004864294 ns, Reaching safepoint: 544875 ns, At safepoint: 13125 ns, Total: 558000 ns
[2024-04-11T16:55:54.391+0000][7][safepoint   ] Safepoint "Cleanup", Time since last: 2004565376 ns, Reaching safepoint: 279334 ns, At safepoint: 10333 ns, Total: 289667 ns
[2024-04-11T16:55:58.400+0000][7][safepoint   ] Safepoint "Cleanup", Time since last: 4005638002 ns, Reaching safepoint: 2598333 ns, At safepoint: 4750 ns, Total: 2603083 ns
[2024-04-11T16:55:59.402+0000][7][safepoint   ] Safepoint "Cleanup", Time since last: 1001038584 ns, Reaching safepoint: 156583 ns, At safepoint: 19500 ns, Total: 176083 ns
[2024-04-11T16:56:01.403+0000][7][safepoint   ] Safepoint "Cleanup", Time since last: 2001010959 ns, Reaching safepoint: 125334 ns, At safepoint: 7791 ns, Total: 133125 ns
[2024-04-11T16:56:03.405+0000][7][safepoint   ] Safepoint "Cleanup", Time since last: 2001604501 ns, Reaching safepoint: 956292 ns, At safepoint: 11958 ns, Total: 968250 ns
[2024-04-11T16:56:04.421+0000][7][safepoint   ] Safepoint "Cleanup", Time since last: 1015383126 ns, Reaching safepoint: 211625 ns, At safepoint: 65208 ns, Total: 276833 ns
[2024-04-11T16:56:05.422+0000][7][safepoint   ] Safepoint "Cleanup", Time since last: 1001190376 ns, Reaching safepoint: 336125 ns, At safepoint: 10750 ns, Total: 346875 ns
[2024-04-11T16:56:06.425+0000][7][safepoint   ] Safepoint "Cleanup", Time since last: 1002036750 ns, Reaching safepoint: 787833 ns, At safepoint: 73667 ns, Total: 861500 ns
[2024-04-11T16:56:07.432+0000][7][safepoint   ] Safepoint "Cleanup", Time since last: 1005352000 ns, Reaching safepoint: 1174250 ns, At safepoint: 60125 ns, Total: 1234375 ns
[2024-04-11T16:56:09.435+0000][7][safepoint   ] Safepoint "Cleanup", Time since last: 2003233376 ns, Reaching safepoint: 207750 ns, At safepoint: 6834 ns, Total: 214584 ns
[2024-04-11T16:56:10.438+0000][7][safepoint   ] Safepoint "Cleanup", Time since last: 1002230000 ns, Reaching safepoint: 160000 ns, At safepoint: 5667 ns, Total: 165667 ns
[2024-04-11T16:56:11.439+0000][7][safepoint   ] Safepoint "Cleanup", Time since last: 1000951084 ns, Reaching safepoint: 643375 ns, At safepoint: 20625 ns, Total: 664000 ns
[2024-04-11T16:56:13.442+0000][7][safepoint   ] Safepoint "Cleanup", Time since last: 2002067167 ns, Reaching safepoint: 104167 ns, At safepoint: 4375 ns, Total: 108542 ns
[2024-04-11T16:56:16.445+0000][7][safepoint   ] Safepoint "Cleanup", Time since last: 3002120626 ns, Reaching safepoint: 855084 ns, At safepoint: 12750 ns, Total: 867834 ns
[2024-04-11T16:56:17.447+0000][7][safepoint   ] Safepoint "Cleanup", Time since last: 1002369792 ns, Reaching safepoint: 270667 ns, At safepoint: 15416 ns, Total: 286083 ns
[2024-04-11T16:56:17.931+0000][7][safepoint   ] Safepoint "ICBufferFull", Time since last: 474282709 ns, Reaching safepoint: 9575583 ns, At safepoint: 21375 ns, Total: 9596958 ns
[2024-04-11T16:56:17.949+0000][7][gc,start    ] GC(27) Pause Young (Normal) (G1 Evacuation Pause)
[2024-04-11T16:56:17.950+0000][7][gc,task     ] GC(27) Using 8 workers of 8 for evacuation
[2024-04-11T16:56:17.951+0000][7][gc,age      ] GC(27) Desired survivor size 18874368 bytes, new threshold 15 (max threshold 15)
[2024-04-11T16:56:18.000+0000][7][gc,phases   ] GC(27)   Pre Evacuate Collection Set: 0.4ms
[2024-04-11T16:56:18.000+0000][7][gc,phases   ] GC(27)   Merge Heap Roots: 0.6ms
[2024-04-11T16:56:18.000+0000][7][gc,phases   ] GC(27)   Evacuate Collection Set: 39.9ms
[2024-04-11T16:56:18.001+0000][7][gc,phases   ] GC(27)   Post Evacuate Collection Set: 7.1ms
[2024-04-11T16:56:18.001+0000][7][gc,phases   ] GC(27)   Other: 1.8ms
[2024-04-11T16:56:18.002+0000][7][gc,age      ] GC(27) Age table with threshold 15 (max threshold 15)
[2024-04-11T16:56:18.002+0000][7][gc,age      ] GC(27) - age   1:    1889104 bytes,    1889104 total
[2024-04-11T16:56:18.002+0000][7][gc,age      ] GC(27) - age   2:     127688 bytes,    2016792 total
[2024-04-11T16:56:18.002+0000][7][gc,age      ] GC(27) - age   3:    2779848 bytes,    4796640 total
[2024-04-11T16:56:18.002+0000][7][gc,age      ] GC(27) - age   4:     460600 bytes,    5257240 total
[2024-04-11T16:56:18.003+0000][7][gc,age      ] GC(27) - age   5:     967384 bytes,    6224624 total
[2024-04-11T16:56:18.003+0000][7][gc,age      ] GC(27) - age   6:     339936 bytes,    6564560 total
[2024-04-11T16:56:18.003+0000][7][gc,age      ] GC(27) - age   7:    3668304 bytes,   10232864 total
[2024-04-11T16:56:18.003+0000][7][gc,age      ] GC(27) - age   8:    7073432 bytes,   17306296 total
[2024-04-11T16:56:18.003+0000][7][gc,heap     ] GC(27) Eden regions: 64->0(65)
[2024-04-11T16:56:18.003+0000][7][gc,heap     ] GC(27) Survivor regions: 5->5(9)
[2024-04-11T16:56:18.003+0000][7][gc,heap     ] GC(27) Old regions: 29->29
[2024-04-11T16:56:18.004+0000][7][gc,heap     ] GC(27) Archive regions: 2->2
[2024-04-11T16:56:18.004+0000][7][gc,heap     ] GC(27) Humongous regions: 2->2
[2024-04-11T16:56:18.004+0000][7][gc,metaspace] GC(27) Metaspace: 119166K(122240K)->119166K(122240K) NonClass: 103363K(104960K)->103363K(104960K) Class: 15803K(17280K)->15803K(17280K)
[2024-04-11T16:56:18.005+0000][7][gc          ] GC(27) Pause Young (Normal) (G1 Evacuation Pause) 401M->144M(512M) 56.164ms
[2024-04-11T16:56:18.006+0000][7][gc,cpu      ] GC(27) User=0.12s Sys=0.01s Real=0.06s
[2024-04-11T16:56:18.006+0000][7][safepoint   ] Safepoint "G1CollectForAllocation", Time since last: 17758084 ns, Reaching safepoint: 340208 ns, At safepoint: 56619125 ns, Total: 56959333 ns
[2024-04-11T16:56:18.129+0000][7][safepoint   ] Safepoint "ICBufferFull", Time since last: 117243875 ns, Reaching safepoint: 3161750 ns, At safepoint: 3017708 ns, Total: 6179458 ns
[2024-04-11T16:56:18.201+0000][7][safepoint   ] Safepoint "ICBufferFull", Time since last: 71522625 ns, Reaching safepoint: 250667 ns, At safepoint: 5083 ns, Total: 255750 ns
[2024-04-11T16:56:18.341+0000][7][safepoint   ] Safepoint "ICBufferFull", Time since last: 139896709 ns, Reaching safepoint: 186250 ns, At safepoint: 3208 ns, Total: 189458 ns
[2024-04-11T16:56:19.345+0000][7][safepoint   ] Safepoint "Cleanup", Time since last: 1001122375 ns, Reaching safepoint: 2279209 ns, At safepoint: 22833 ns, Total: 2302042 ns
[2024-04-11T16:56:20.361+0000][7][safepoint   ] Safepoint "Cleanup", Time since last: 1014072667 ns, Reaching safepoint: 2279959 ns, At safepoint: 112958 ns, Total: 2392917 ns
[2024-04-11T16:56:21.365+0000][7][safepoint   ] Safepoint "Cleanup", Time since last: 1003185709 ns, Reaching safepoint: 424250 ns, At safepoint: 3791 ns, Total: 428041 ns
[2024-04-11T16:56:22.366+0000][7][safepoint   ] Safepoint "Cleanup", Time since last: 1001356501 ns, Reaching safepoint: 213958 ns, At safepoint: 4542 ns, Total: 218500 ns
[2024-04-11T16:56:24.376+0000][7][safepoint   ] Safepoint "Cleanup", Time since last: 2008437043 ns, Reaching safepoint: 1694625 ns, At safepoint: 14250 ns, Total: 1708875 ns
[2024-04-11T16:56:26.385+0000][7][safepoint   ] Safepoint "Cleanup", Time since last: 2007136876 ns, Reaching safepoint: 1251208 ns, At safepoint: 12542 ns, Total: 1263750 ns
[2024-04-11T16:56:28.387+0000][7][safepoint   ] Safepoint "Cleanup", Time since last: 2001443167 ns, Reaching safepoint: 384417 ns, At safepoint: 11208 ns, Total: 395625 ns
[2024-04-11T16:56:29.389+0000][7][safepoint   ] Safepoint "Cleanup", Time since last: 1000773334 ns, Reaching safepoint: 431958 ns, At safepoint: 11917 ns, Total: 443875 ns
[2024-04-11T16:56:31.396+0000][7][safepoint   ] Safepoint "Cleanup", Time since last: 2007247334 ns, Reaching safepoint: 402667 ns, At safepoint: 9250 ns, Total: 411917 ns
[2024-04-11T16:56:34.399+0000][7][safepoint   ] Safepoint "Cleanup", Time since last: 3002240918 ns, Reaching safepoint: 476625 ns, At safepoint: 20875 ns, Total: 497500 ns
[2024-04-11T16:56:35.401+0000][7][safepoint   ] Safepoint "Cleanup", Time since last: 1001799709 ns, Reaching safepoint: 482583 ns, At safepoint: 41750 ns, Total: 524333 ns
[2024-04-11T16:56:37.405+0000][7][safepoint   ] Safepoint "Cleanup", Time since last: 2001949209 ns, Reaching safepoint: 1944833 ns, At safepoint: 7167 ns, Total: 1952000 ns
[2024-04-11T16:56:40.415+0000][7][safepoint   ] Safepoint "Cleanup", Time since last: 3009699168 ns, Reaching safepoint: 118709 ns, At safepoint: 20791 ns, Total: 139500 ns
[2024-04-11T16:56:46.420+0000][7][safepoint   ] Safepoint "Cleanup", Time since last: 6003616420 ns, Reaching safepoint: 1056916 ns, At safepoint: 13959 ns, Total: 1070875 ns
[2024-04-11T16:56:47.423+0000][7][safepoint   ] Safepoint "Cleanup", Time since last: 1003003709 ns, Reaching safepoint: 155541 ns, At safepoint: 5292 ns, Total: 160833 ns
[2024-04-11T16:56:49.432+0000][7][safepoint   ] Safepoint "Cleanup", Time since last: 2008716668 ns, Reaching safepoint: 274250 ns, At safepoint: 27666 ns, Total: 301916 ns
[2024-04-11T16:56:51.434+0000][7][safepoint   ] Safepoint "Cleanup", Time since last: 2001616751 ns, Reaching safepoint: 361417 ns, At safepoint: 11166 ns, Total: 372583 ns
[2024-04-11T16:56:51.914+0000][7][gc,start    ] GC(28) Pause Young (Normal) (G1 Evacuation Pause)
[2024-04-11T16:56:51.914+0000][7][gc,task     ] GC(28) Using 8 workers of 8 for evacuation
[2024-04-11T16:56:51.914+0000][7][gc,age      ] GC(28) Desired survivor size 18874368 bytes, new threshold 15 (max threshold 15)
[2024-04-11T16:56:51.945+0000][7][gc,phases   ] GC(28)   Pre Evacuate Collection Set: 0.4ms
[2024-04-11T16:56:51.946+0000][7][gc,phases   ] GC(28)   Merge Heap Roots: 0.3ms
[2024-04-11T16:56:51.946+0000][7][gc,phases   ] GC(28)   Evacuate Collection Set: 24.5ms
[2024-04-11T16:56:51.946+0000][7][gc,phases   ] GC(28)   Post Evacuate Collection Set: 5.0ms
[2024-04-11T16:56:51.946+0000][7][gc,phases   ] GC(28)   Other: 0.7ms
[2024-04-11T16:56:51.946+0000][7][gc,age      ] GC(28) Age table with threshold 15 (max threshold 15)
[2024-04-11T16:56:51.946+0000][7][gc,age      ] GC(28) - age   1:    2927168 bytes,    2927168 total
[2024-04-11T16:56:51.946+0000][7][gc,age      ] GC(28) - age   2:     310816 bytes,    3237984 total
[2024-04-11T16:56:51.946+0000][7][gc,age      ] GC(28) - age   3:     125352 bytes,    3363336 total
[2024-04-11T16:56:51.947+0000][7][gc,age      ] GC(28) - age   4:    2758752 bytes,    6122088 total
[2024-04-11T16:56:51.947+0000][7][gc,age      ] GC(28) - age   5:     389544 bytes,    6511632 total
[2024-04-11T16:56:51.947+0000][7][gc,age      ] GC(28) - age   6:     939312 bytes,    7450944 total
[2024-04-11T16:56:51.947+0000][7][gc,age      ] GC(28) - age   7:     334472 bytes,    7785416 total
[2024-04-11T16:56:51.947+0000][7][gc,age      ] GC(28) - age   8:    3169544 bytes,   10954960 total
[2024-04-11T16:56:51.947+0000][7][gc,age      ] GC(28) - age   9:    7044696 bytes,   17999656 total
[2024-04-11T16:56:51.947+0000][7][gc,heap     ] GC(28) Eden regions: 65->0(65)
[2024-04-11T16:56:51.947+0000][7][gc,heap     ] GC(28) Survivor regions: 5->5(9)
[2024-04-11T16:56:51.947+0000][7][gc,heap     ] GC(28) Old regions: 29->29
[2024-04-11T16:56:51.948+0000][7][gc,heap     ] GC(28) Archive regions: 2->2
[2024-04-11T16:56:51.948+0000][7][gc,heap     ] GC(28) Humongous regions: 2->2
[2024-04-11T16:56:51.948+0000][7][gc,metaspace] GC(28) Metaspace: 120535K(123648K)->120535K(123648K) NonClass: 104521K(106176K)->104521K(106176K) Class: 16014K(17472K)->16014K(17472K)
[2024-04-11T16:56:51.948+0000][7][gc          ] GC(28) Pause Young (Normal) (G1 Evacuation Pause) 404M->146M(512M) 33.908ms
[2024-04-11T16:56:51.948+0000][7][gc,cpu      ] GC(28) User=0.17s Sys=0.01s Real=0.03s
[2024-04-11T16:56:51.948+0000][7][safepoint   ] Safepoint "G1CollectForAllocation", Time since last: 479879334 ns, Reaching safepoint: 126167 ns, At safepoint: 34279666 ns, Total: 34405833 ns
[2024-04-11T16:56:52.950+0000][7][safepoint   ] Safepoint "Cleanup", Time since last: 1000970751 ns, Reaching safepoint: 470917 ns, At safepoint: 13166 ns, Total: 484083 ns
[2024-04-11T16:56:55.954+0000][7][safepoint   ] Safepoint "Cleanup", Time since last: 3003705627 ns, Reaching safepoint: 504375 ns, At safepoint: 12500 ns, Total: 516875 ns
[2024-04-11T16:56:57.955+0000][7][safepoint   ] Safepoint "Cleanup", Time since last: 2001115501 ns, Reaching safepoint: 86500 ns, At safepoint: 3666 ns, Total: 90166 ns
[2024-04-11T16:56:58.956+0000][7][safepoint   ] Safepoint "Cleanup", Time since last: 1000473833 ns, Reaching safepoint: 206542 ns, At safepoint: 59958 ns, Total: 266500 ns
[2024-04-11T16:57:00.957+0000][7][safepoint   ] Safepoint "Cleanup", Time since last: 2001790751 ns, Reaching safepoint: 133125 ns, At safepoint: 5292 ns, Total: 138417 ns
[2024-04-11T16:57:02.039+0000][7][safepoint   ] Safepoint "Cleanup", Time since last: 1080576584 ns, Reaching safepoint: 649625 ns, At safepoint: 17250 ns, Total: 666875 ns
[2024-04-11T16:57:04.040+0000][7][safepoint   ] Safepoint "Cleanup", Time since last: 2001542584 ns, Reaching safepoint: 54459 ns, At safepoint: 3541 ns, Total: 58000 ns
[2024-04-11T16:57:05.041+0000][7][safepoint   ] Safepoint "Cleanup", Time since last: 1000412084 ns, Reaching safepoint: 162875 ns, At safepoint: 4500 ns, Total: 167375 ns
[2024-04-11T16:57:06.046+0000][7][safepoint   ] Safepoint "Cleanup", Time since last: 1004069875 ns, Reaching safepoint: 1303000 ns, At safepoint: 44917 ns, Total: 1347917 ns
[2024-04-11T16:57:09.051+0000][7][safepoint   ] Safepoint "Cleanup", Time since last: 3004877460 ns, Reaching safepoint: 135667 ns, At safepoint: 8625 ns, Total: 144292 ns
[2024-04-11T16:57:10.054+0000][7][safepoint   ] Safepoint "Cleanup", Time since last: 1002187167 ns, Reaching safepoint: 72541 ns, At safepoint: 16000 ns, Total: 88541 ns
[2024-04-11T16:57:11.055+0000][7][safepoint   ] Safepoint "Cleanup", Time since last: 1001027709 ns, Reaching safepoint: 641542 ns, At safepoint: 15083 ns, Total: 656625 ns
[2024-04-11T16:57:13.061+0000][7][safepoint   ] Safepoint "Cleanup", Time since last: 2005428209 ns, Reaching safepoint: 248709 ns, At safepoint: 4083 ns, Total: 252792 ns
[2024-04-11T16:57:14.063+0000][7][safepoint   ] Safepoint "Cleanup", Time since last: 1001815084 ns, Reaching safepoint: 445417 ns, At safepoint: 11458 ns, Total: 456875 ns
[2024-04-11T16:57:16.066+0000][7][safepoint   ] Safepoint "Cleanup", Time since last: 2002207918 ns, Reaching safepoint: 157750 ns, At safepoint: 3500 ns, Total: 161250 ns
[2024-04-11T16:57:17.067+0000][7][safepoint   ] Safepoint "Cleanup", Time since last: 1001218750 ns, Reaching safepoint: 237750 ns, At safepoint: 6458 ns, Total: 244208 ns
[2024-04-11T16:57:19.071+0000][7][safepoint   ] Safepoint "Cleanup", Time since last: 2003170501 ns, Reaching safepoint: 353167 ns, At safepoint: 18958 ns, Total: 372125 ns
[2024-04-11T16:57:22.072+0000][7][safepoint   ] Safepoint "Cleanup", Time since last: 3001526252 ns, Reaching safepoint: 59125 ns, At safepoint: 1916 ns, Total: 61041 ns
[2024-04-11T16:57:23.073+0000][7][safepoint   ] Safepoint "Cleanup", Time since last: 1000604751 ns, Reaching safepoint: 297958 ns, At safepoint: 12459 ns, Total: 310417 ns
[2024-04-11T16:57:28.079+0000][7][safepoint   ] Safepoint "Cleanup", Time since last: 5006195794 ns, Reaching safepoint: 124083 ns, At safepoint: 8458 ns, Total: 132541 ns
[2024-04-11T16:57:31.101+0000][7][safepoint   ] Safepoint "Cleanup", Time since last: 3020562168 ns, Reaching safepoint: 647458 ns, At safepoint: 41625 ns, Total: 689083 ns
[2024-04-11T16:57:34.105+0000][7][safepoint   ] Safepoint "Cleanup", Time since last: 3004232002 ns, Reaching safepoint: 143042 ns, At safepoint: 13958 ns, Total: 157000 ns
[2024-04-11T16:57:37.110+0000][7][safepoint   ] Safepoint "Cleanup", Time since last: 3003843085 ns, Reaching safepoint: 342541 ns, At safepoint: 12292 ns, Total: 354833 ns
[2024-04-11T16:57:40.113+0000][7][safepoint   ] Safepoint "Cleanup", Time since last: 3003248543 ns, Reaching safepoint: 106208 ns, At safepoint: 7500 ns, Total: 113708 ns
[2024-04-11T16:57:41.114+0000][7][safepoint   ] Safepoint "Cleanup", Time since last: 1001363293 ns, Reaching safepoint: 141500 ns, At safepoint: 7208 ns, Total: 148708 ns
[2024-04-11T16:57:43.117+0000][7][safepoint   ] Safepoint "Cleanup", Time since last: 2002487543 ns, Reaching safepoint: 165958 ns, At safepoint: 32958 ns, Total: 198916 ns
[2024-04-11T16:57:46.120+0000][7][safepoint   ] Safepoint "Cleanup", Time since last: 3003170377 ns, Reaching safepoint: 86375 ns, At safepoint: 10625 ns, Total: 97000 ns
[2024-04-11T16:57:47.121+0000][7][safepoint   ] Safepoint "Cleanup", Time since last: 1000469333 ns, Reaching safepoint: 143292 ns, At safepoint: 5417 ns, Total: 148709 ns
[2024-04-11T16:57:52.128+0000][7][safepoint   ] Safepoint "Cleanup", Time since last: 5006207669 ns, Reaching safepoint: 155000 ns, At safepoint: 144375 ns, Total: 299375 ns
[2024-04-11T16:57:58.133+0000][7][safepoint   ] Safepoint "Cleanup", Time since last: 6005504419 ns, Reaching safepoint: 177459 ns, At safepoint: 11750 ns, Total: 189209 ns
[2024-04-11T16:58:03.998+0000][7][gc,start    ] GC(29) Pause Young (Normal) (G1 Evacuation Pause)
[2024-04-11T16:58:03.998+0000][7][gc,task     ] GC(29) Using 8 workers of 8 for evacuation
[2024-04-11T16:58:03.998+0000][7][gc,age      ] GC(29) Desired survivor size 18874368 bytes, new threshold 15 (max threshold 15)
[2024-04-11T16:58:04.026+0000][7][gc,phases   ] GC(29)   Pre Evacuate Collection Set: 0.3ms
[2024-04-11T16:58:04.026+0000][7][gc,phases   ] GC(29)   Merge Heap Roots: 0.1ms
[2024-04-11T16:58:04.026+0000][7][gc,phases   ] GC(29)   Evacuate Collection Set: 24.3ms
[2024-04-11T16:58:04.026+0000][7][gc,phases   ] GC(29)   Post Evacuate Collection Set: 2.3ms
[2024-04-11T16:58:04.026+0000][7][gc,phases   ] GC(29)   Other: 0.4ms
[2024-04-11T16:58:04.026+0000][7][gc,age      ] GC(29) Age table with threshold 15 (max threshold 15)
[2024-04-11T16:58:04.026+0000][7][gc,age      ] GC(29) - age   1:    2020000 bytes,    2020000 total
[2024-04-11T16:58:04.027+0000][7][gc,age      ] GC(29) - age   2:    1959072 bytes,    3979072 total
[2024-04-11T16:58:04.027+0000][7][gc,age      ] GC(29) - age   3:     288616 bytes,    4267688 total
[2024-04-11T16:58:04.027+0000][7][gc,age      ] GC(29) - age   4:     123760 bytes,    4391448 total
[2024-04-11T16:58:04.027+0000][7][gc,age      ] GC(29) - age   5:    2757472 bytes,    7148920 total
[2024-04-11T16:58:04.027+0000][7][gc,age      ] GC(29) - age   6:     389336 bytes,    7538256 total
[2024-04-11T16:58:04.027+0000][7][gc,age      ] GC(29) - age   7:     939112 bytes,    8477368 total
[2024-04-11T16:58:04.027+0000][7][gc,age      ] GC(29) - age   8:     334472 bytes,    8811840 total
[2024-04-11T16:58:04.027+0000][7][gc,age      ] GC(29) - age   9:    3169504 bytes,   11981344 total
[2024-04-11T16:58:04.027+0000][7][gc,age      ] GC(29) - age  10:    7044696 bytes,   19026040 total
[2024-04-11T16:58:04.027+0000][7][gc,heap     ] GC(29) Eden regions: 65->0(65)
[2024-04-11T16:58:04.027+0000][7][gc,heap     ] GC(29) Survivor regions: 5->5(9)
[2024-04-11T16:58:04.027+0000][7][gc,heap     ] GC(29) Old regions: 29->29
[2024-04-11T16:58:04.027+0000][7][gc,heap     ] GC(29) Archive regions: 2->2
[2024-04-11T16:58:04.027+0000][7][gc,heap     ] GC(29) Humongous regions: 2->2
[2024-04-11T16:58:04.027+0000][7][gc,metaspace] GC(29) Metaspace: 120926K(124032K)->120926K(124032K) NonClass: 104912K(106560K)->104912K(106560K) Class: 16014K(17472K)->16014K(17472K)
[2024-04-11T16:58:04.028+0000][7][gc          ] GC(29) Pause Young (Normal) (G1 Evacuation Pause) 405M->146M(512M) 29.590ms
[2024-04-11T16:58:04.028+0000][7][gc,cpu      ] GC(29) User=0.17s Sys=0.00s Real=0.03s
[2024-04-11T16:58:04.028+0000][7][safepoint   ] Safepoint "G1CollectForAllocation", Time since last: 5863934085 ns, Reaching safepoint: 163500 ns, At safepoint: 29862083 ns, Total: 30025583 ns
[2024-04-11T16:58:05.029+0000][7][safepoint   ] Safepoint "Cleanup", Time since last: 1001049542 ns, Reaching safepoint: 336000 ns, At safepoint: 10334 ns, Total: 346334 ns
[2024-04-11T16:58:06.030+0000][7][safepoint   ] Safepoint "Cleanup", Time since last: 1000780750 ns, Reaching safepoint: 565167 ns, At safepoint: 6041 ns, Total: 571208 ns
[2024-04-11T16:58:10.032+0000][7][safepoint   ] Safepoint "Cleanup", Time since last: 4001079877 ns, Reaching safepoint: 102250 ns, At safepoint: 3625 ns, Total: 105875 ns
[2024-04-11T16:58:11.032+0000][7][safepoint   ] Safepoint "Cleanup", Time since last: 1000372834 ns, Reaching safepoint: 302459 ns, At safepoint: 28958 ns, Total: 331417 ns
[2024-04-11T16:58:13.036+0000][7][safepoint   ] Safepoint "Cleanup", Time since last: 2002840292 ns, Reaching safepoint: 495959 ns, At safepoint: 13750 ns, Total: 509709 ns
[2024-04-11T16:58:16.042+0000][7][safepoint   ] Safepoint "Cleanup", Time since last: 3006084960 ns, Reaching safepoint: 123791 ns, At safepoint: 4042 ns, Total: 127833 ns
[2024-04-11T16:58:19.044+0000][7][safepoint   ] Safepoint "Cleanup", Time since last: 3002220835 ns, Reaching safepoint: 149416 ns, At safepoint: 6084 ns, Total: 155500 ns
[2024-04-11T16:58:22.053+0000][7][safepoint   ] Safepoint "Cleanup", Time since last: 3008243793 ns, Reaching safepoint: 113458 ns, At safepoint: 3458 ns, Total: 116916 ns
[2024-04-11T16:58:23.054+0000][7][safepoint   ] Safepoint "Cleanup", Time since last: 1000794293 ns, Reaching safepoint: 497500 ns, At safepoint: 7291 ns, Total: 504791 ns
[2024-04-11T16:58:26.060+0000][7][safepoint   ] Safepoint "Cleanup", Time since last: 3005615043 ns, Reaching safepoint: 395750 ns, At safepoint: 13542 ns, Total: 409292 ns
[2024-04-11T16:58:28.062+0000][7][safepoint   ] Safepoint "Cleanup", Time since last: 2002170376 ns, Reaching safepoint: 208417 ns, At safepoint: 28666 ns, Total: 237083 ns
[2024-04-11T16:58:29.065+0000][7][safepoint   ] Safepoint "Cleanup", Time since last: 1002272125 ns, Reaching safepoint: 273208 ns, At safepoint: 28000 ns, Total: 301208 ns
[2024-04-11T16:58:40.075+0000][7][safepoint   ] Safepoint "Cleanup", Time since last: 11009273755 ns, Reaching safepoint: 420084 ns, At safepoint: 16875 ns, Total: 436959 ns
[2024-04-11T16:58:41.077+0000][7][safepoint   ] Safepoint "Cleanup", Time since last: 1001961375 ns, Reaching safepoint: 114834 ns, At safepoint: 18041 ns, Total: 132875 ns
[2024-04-11T16:58:44.081+0000][7][safepoint   ] Safepoint "Cleanup", Time since last: 3002333460 ns, Reaching safepoint: 2092250 ns, At safepoint: 11917 ns, Total: 2104167 ns
[2024-04-11T16:58:46.085+0000][7][safepoint   ] Safepoint "Cleanup", Time since last: 2003540917 ns, Reaching safepoint: 64542 ns, At safepoint: 2458 ns, Total: 67000 ns
[2024-04-11T16:58:47.087+0000][7][safepoint   ] Safepoint "Cleanup", Time since last: 1001057292 ns, Reaching safepoint: 756667 ns, At safepoint: 16583 ns, Total: 773250 ns
[2024-04-11T16:58:49.097+0000][7][safepoint   ] Safepoint "Cleanup", Time since last: 2010071335 ns, Reaching safepoint: 265958 ns, At safepoint: 10417 ns, Total: 276375 ns
[2024-04-11T16:58:52.100+0000][7][safepoint   ] Safepoint "Cleanup", Time since last: 3002489709 ns, Reaching safepoint: 121959 ns, At safepoint: 4500 ns, Total: 126459 ns
[2024-04-11T16:58:53.107+0000][7][safepoint   ] Safepoint "Cleanup", Time since last: 1006594417 ns, Reaching safepoint: 331375 ns, At safepoint: 34750 ns, Total: 366125 ns
[2024-04-11T16:58:55.109+0000][7][safepoint   ] Safepoint "Cleanup", Time since last: 2001840918 ns, Reaching safepoint: 287458 ns, At safepoint: 13875 ns, Total: 301333 ns
[2024-04-11T16:58:58.116+0000][7][safepoint   ] Safepoint "Cleanup", Time since last: 3006777626 ns, Reaching safepoint: 91292 ns, At safepoint: 12417 ns, Total: 103709 ns
[2024-04-11T16:59:02.119+0000][7][safepoint   ] Safepoint "Cleanup", Time since last: 4001770834 ns, Reaching safepoint: 770417 ns, At safepoint: 12333 ns, Total: 782750 ns
[2024-04-11T16:59:04.121+0000][7][safepoint   ] Safepoint "Cleanup", Time since last: 2001889959 ns, Reaching safepoint: 89834 ns, At safepoint: 3125 ns, Total: 92959 ns
[2024-04-11T16:59:09.132+0000][7][safepoint   ] Safepoint "Cleanup", Time since last: 5011217794 ns, Reaching safepoint: 299625 ns, At safepoint: 12125 ns, Total: 311750 ns
[2024-04-11T16:59:10.051+0000][7][gc,start    ] GC(30) Pause Young (Normal) (G1 Evacuation Pause)
[2024-04-11T16:59:10.051+0000][7][gc,task     ] GC(30) Using 8 workers of 8 for evacuation
[2024-04-11T16:59:10.051+0000][7][gc,age      ] GC(30) Desired survivor size 18874368 bytes, new threshold 10 (max threshold 15)
[2024-04-11T16:59:10.089+0000][7][gc,phases   ] GC(30)   Pre Evacuate Collection Set: 0.2ms
[2024-04-11T16:59:10.089+0000][7][gc,phases   ] GC(30)   Merge Heap Roots: 0.2ms
[2024-04-11T16:59:10.090+0000][7][gc,phases   ] GC(30)   Evacuate Collection Set: 31.3ms
[2024-04-11T16:59:10.090+0000][7][gc,phases   ] GC(30)   Post Evacuate Collection Set: 5.2ms
[2024-04-11T16:59:10.090+0000][7][gc,phases   ] GC(30)   Other: 0.5ms
[2024-04-11T16:59:10.090+0000][7][gc,age      ] GC(30) Age table with threshold 10 (max threshold 15)
[2024-04-11T16:59:10.090+0000][7][gc,age      ] GC(30) - age   1:    1562960 bytes,    1562960 total
[2024-04-11T16:59:10.090+0000][7][gc,age      ] GC(30) - age   2:     120792 bytes,    1683752 total
[2024-04-11T16:59:10.090+0000][7][gc,age      ] GC(30) - age   3:    1957752 bytes,    3641504 total
[2024-04-11T16:59:10.090+0000][7][gc,age      ] GC(30) - age   4:     287240 bytes,    3928744 total
[2024-04-11T16:59:10.090+0000][7][gc,age      ] GC(30) - age   5:     122464 bytes,    4051208 total
[2024-04-11T16:59:10.090+0000][7][gc,age      ] GC(30) - age   6:    2752608 bytes,    6803816 total
[2024-04-11T16:59:10.090+0000][7][gc,age      ] GC(30) - age   7:     389336 bytes,    7193152 total
[2024-04-11T16:59:10.091+0000][7][gc,age      ] GC(30) - age   8:     938112 bytes,    8131264 total
[2024-04-11T16:59:10.091+0000][7][gc,age      ] GC(30) - age   9:     333696 bytes,    8464960 total
[2024-04-11T16:59:10.091+0000][7][gc,age      ] GC(30) - age  10:    3125288 bytes,   11590248 total
[2024-04-11T16:59:10.091+0000][7][gc,heap     ] GC(30) Eden regions: 65->0(65)
[2024-04-11T16:59:10.091+0000][7][gc,heap     ] GC(30) Survivor regions: 5->4(9)
[2024-04-11T16:59:10.091+0000][7][gc,heap     ] GC(30) Old regions: 29->31
[2024-04-11T16:59:10.091+0000][7][gc,heap     ] GC(30) Archive regions: 2->2
[2024-04-11T16:59:10.091+0000][7][gc,heap     ] GC(30) Humongous regions: 2->2
[2024-04-11T16:59:10.091+0000][7][gc,metaspace] GC(30) Metaspace: 121074K(124160K)->121074K(124160K) NonClass: 105060K(106688K)->105060K(106688K) Class: 16014K(17472K)->16014K(17472K)
[2024-04-11T16:59:10.091+0000][7][gc          ] GC(30) Pause Young (Normal) (G1 Evacuation Pause) 406M->145M(512M) 40.610ms
[2024-04-11T16:59:10.092+0000][7][gc,cpu      ] GC(30) User=0.24s Sys=0.00s Real=0.04s
[2024-04-11T16:59:10.092+0000][7][safepoint   ] Safepoint "G1CollectForAllocation", Time since last: 918450792 ns, Reaching safepoint: 81916 ns, At safepoint: 40915667 ns, Total: 40997583 ns
[2024-04-11T16:59:11.094+0000][7][safepoint   ] Safepoint "Cleanup", Time since last: 1002214876 ns, Reaching safepoint: 560291 ns, At safepoint: 17792 ns, Total: 578083 ns
[2024-04-11T16:59:13.098+0000][7][safepoint   ] Safepoint "Cleanup", Time since last: 2002644626 ns, Reaching safepoint: 467500 ns, At safepoint: 13375 ns, Total: 480875 ns
[2024-04-11T16:59:16.105+0000][7][safepoint   ] Safepoint "Cleanup", Time since last: 3007179668 ns, Reaching safepoint: 122208 ns, At safepoint: 16459 ns, Total: 138667 ns
[2024-04-11T16:59:17.106+0000][7][safepoint   ] Safepoint "Cleanup", Time since last: 1000722167 ns, Reaching safepoint: 753750 ns, At safepoint: 12500 ns, Total: 766250 ns
[2024-04-11T16:59:18.112+0000][7][safepoint   ] Safepoint "Cleanup", Time since last: 1005083667 ns, Reaching safepoint: 447000 ns, At safepoint: 9542 ns, Total: 456542 ns
[2024-04-11T16:59:19.113+0000][7][safepoint   ] Safepoint "Cleanup", Time since last: 1001110833 ns, Reaching safepoint: 184667 ns, At safepoint: 7333 ns, Total: 192000 ns
[2024-04-11T16:59:21.117+0000][7][safepoint   ] Safepoint "Cleanup", Time since last: 2003247710 ns, Reaching safepoint: 249333 ns, At safepoint: 8917 ns, Total: 258250 ns
[2024-04-11T16:59:22.120+0000][7][safepoint   ] Safepoint "Cleanup", Time since last: 1003420458 ns, Reaching safepoint: 174167 ns, At safepoint: 7667 ns, Total: 181834 ns
[2024-04-11T16:59:23.133+0000][7][safepoint   ] Safepoint "Cleanup", Time since last: 1012057084 ns, Reaching safepoint: 252541 ns, At safepoint: 8167 ns, Total: 260708 ns
[2024-04-11T16:59:26.138+0000][7][safepoint   ] Safepoint "Cleanup", Time since last: 3004915960 ns, Reaching safepoint: 92875 ns, At safepoint: 4833 ns, Total: 97708 ns
[2024-04-11T16:59:27.140+0000][7][safepoint   ] Safepoint "Cleanup", Time since last: 1001684167 ns, Reaching safepoint: 940500 ns, At safepoint: 16125 ns, Total: 956625 ns
[2024-04-11T16:59:34.150+0000][7][safepoint   ] Safepoint "Cleanup", Time since last: 7008987753 ns, Reaching safepoint: 96167 ns, At safepoint: 4708 ns, Total: 100875 ns
[2024-04-11T16:59:35.151+0000][7][safepoint   ] Safepoint "Cleanup", Time since last: 1001385917 ns, Reaching safepoint: 256167 ns, At safepoint: 7250 ns, Total: 263417 ns
[2024-04-11T16:59:40.156+0000][7][safepoint   ] Safepoint "Cleanup", Time since last: 5004794794 ns, Reaching safepoint: 143083 ns, At safepoint: 6833 ns, Total: 149916 ns
[2024-04-11T16:59:41.158+0000][7][safepoint   ] Safepoint "Cleanup", Time since last: 1001207209 ns, Reaching safepoint: 126875 ns, At safepoint: 16959 ns, Total: 143834 ns
[2024-04-11T16:59:43.161+0000][7][safepoint   ] Safepoint "Cleanup", Time since last: 2001266834 ns, Reaching safepoint: 1488542 ns, At safepoint: 13291 ns, Total: 1501833 ns
[2024-04-11T16:59:46.163+0000][7][safepoint   ] Safepoint "Cleanup", Time since last: 3001665627 ns, Reaching safepoint: 370416 ns, At safepoint: 18667 ns, Total: 389083 ns
[2024-04-11T16:59:47.165+0000][7][safepoint   ] Safepoint "Cleanup", Time since last: 1002408459 ns, Reaching safepoint: 84666 ns, At safepoint: 9834 ns, Total: 94500 ns
[2024-04-11T16:59:50.171+0000][7][safepoint   ] Safepoint "Cleanup", Time since last: 3004975501 ns, Reaching safepoint: 594084 ns, At safepoint: 14791 ns, Total: 608875 ns
[2024-04-11T16:59:52.173+0000][7][safepoint   ] Safepoint "Cleanup", Time since last: 2002186710 ns, Reaching safepoint: 140166 ns, At safepoint: 5000 ns, Total: 145166 ns
[2024-04-11T16:59:58.177+0000][7][safepoint   ] Safepoint "Cleanup", Time since last: 6004107836 ns, Reaching safepoint: 231209 ns, At safepoint: 5125 ns, Total: 236334 ns
[2024-04-11T17:00:04.181+0000][7][safepoint   ] Safepoint "Cleanup", Time since last: 6003216169 ns, Reaching safepoint: 144208 ns, At safepoint: 4959 ns, Total: 149167 ns
[2024-04-11T17:00:10.187+0000][7][safepoint   ] Safepoint "Cleanup", Time since last: 6006370252 ns, Reaching safepoint: 95542 ns, At safepoint: 3500 ns, Total: 99042 ns
[2024-04-11T17:00:11.189+0000][7][safepoint   ] Safepoint "Cleanup", Time since last: 1001230876 ns, Reaching safepoint: 492750 ns, At safepoint: 11041 ns, Total: 503791 ns
[2024-04-11T17:00:13.195+0000][7][safepoint   ] Safepoint "Cleanup", Time since last: 2006193460 ns, Reaching safepoint: 445208 ns, At safepoint: 11125 ns, Total: 456333 ns
[2024-04-11T17:00:16.207+0000][7][safepoint   ] Safepoint "Cleanup", Time since last: 3011623335 ns, Reaching safepoint: 139958 ns, At safepoint: 4667 ns, Total: 144625 ns
[2024-04-11T17:00:17.208+0000][7][safepoint   ] Safepoint "Cleanup", Time since last: 1000334958 ns, Reaching safepoint: 160459 ns, At safepoint: 6625 ns, Total: 167084 ns
[2024-04-11T17:00:22.002+0000][7][gc,start    ] GC(31) Pause Young (Normal) (G1 Evacuation Pause)
[2024-04-11T17:00:22.002+0000][7][gc,task     ] GC(31) Using 8 workers of 8 for evacuation
[2024-04-11T17:00:22.002+0000][7][gc,age      ] GC(31) Desired survivor size 18874368 bytes, new threshold 15 (max threshold 15)
[2024-04-11T17:00:22.021+0000][7][gc,phases   ] GC(31)   Pre Evacuate Collection Set: 0.3ms
[2024-04-11T17:00:22.022+0000][7][gc,phases   ] GC(31)   Merge Heap Roots: 0.5ms
[2024-04-11T17:00:22.022+0000][7][gc,phases   ] GC(31)   Evacuate Collection Set: 15.9ms
[2024-04-11T17:00:22.022+0000][7][gc,phases   ] GC(31)   Post Evacuate Collection Set: 2.0ms
[2024-04-11T17:00:22.022+0000][7][gc,phases   ] GC(31)   Other: 0.5ms
[2024-04-11T17:00:22.022+0000][7][gc,age      ] GC(31) Age table with threshold 15 (max threshold 15)
[2024-04-11T17:00:22.022+0000][7][gc,age      ] GC(31) - age   1:    1150680 bytes,    1150680 total
[2024-04-11T17:00:22.022+0000][7][gc,age      ] GC(31) - age   2:      60568 bytes,    1211248 total
[2024-04-11T17:00:22.022+0000][7][gc,age      ] GC(31) - age   3:     114984 bytes,    1326232 total
[2024-04-11T17:00:22.023+0000][7][gc,age      ] GC(31) - age   4:    1957216 bytes,    3283448 total
[2024-04-11T17:00:22.023+0000][7][gc,age      ] GC(31) - age   5:     287128 bytes,    3570576 total
[2024-04-11T17:00:22.023+0000][7][gc,age      ] GC(31) - age   6:     122464 bytes,    3693040 total
[2024-04-11T17:00:22.023+0000][7][gc,age      ] GC(31) - age   7:    2750984 bytes,    6444024 total
[2024-04-11T17:00:22.023+0000][7][gc,age      ] GC(31) - age   8:     389336 bytes,    6833360 total
[2024-04-11T17:00:22.023+0000][7][gc,age      ] GC(31) - age   9:     937976 bytes,    7771336 total
[2024-04-11T17:00:22.023+0000][7][gc,age      ] GC(31) - age  10:     333696 bytes,    8105032 total
[2024-04-11T17:00:22.023+0000][7][gc,age      ] GC(31) - age  11:    3125288 bytes,   11230320 total
[2024-04-11T17:00:22.023+0000][7][gc,heap     ] GC(31) Eden regions: 65->0(65)
[2024-04-11T17:00:22.024+0000][7][gc,heap     ] GC(31) Survivor regions: 4->4(9)
[2024-04-11T17:00:22.024+0000][7][gc,heap     ] GC(31) Old regions: 31->31
[2024-04-11T17:00:22.024+0000][7][gc,heap     ] GC(31) Archive regions: 2->2
[2024-04-11T17:00:22.024+0000][7][gc,heap     ] GC(31) Humongous regions: 2->2
[2024-04-11T17:00:22.024+0000][7][gc,metaspace] GC(31) Metaspace: 121239K(124352K)->121239K(124352K) NonClass: 105225K(106880K)->105225K(106880K) Class: 16014K(17472K)->16014K(17472K)
[2024-04-11T17:00:22.024+0000][7][gc          ] GC(31) Pause Young (Normal) (G1 Evacuation Pause) 405M->145M(512M) 22.272ms
[2024-04-11T17:00:22.024+0000][7][gc,cpu      ] GC(31) User=0.07s Sys=0.00s Real=0.03s
[2024-04-11T17:00:22.024+0000][7][safepoint   ] Safepoint "G1CollectForAllocation", Time since last: 4793962794 ns, Reaching safepoint: 71041 ns, At safepoint: 22611667 ns, Total: 22682708 ns
[2024-04-11T17:00:23.026+0000][7][safepoint   ] Safepoint "Cleanup", Time since last: 1000787042 ns, Reaching safepoint: 419292 ns, At safepoint: 9625 ns, Total: 428917 ns
[2024-04-11T17:00:28.032+0000][7][safepoint   ] Safepoint "Cleanup", Time since last: 5006591086 ns, Reaching safepoint: 237625 ns, At safepoint: 11958 ns, Total: 249583 ns
[2024-04-11T17:00:29.035+0000][7][safepoint   ] Safepoint "Cleanup", Time since last: 1001207708 ns, Reaching safepoint: 152125 ns, At safepoint: 6875 ns, Total: 159000 ns
[2024-04-11T17:00:32.041+0000][7][safepoint   ] Safepoint "Cleanup", Time since last: 3004716668 ns, Reaching safepoint: 1171000 ns, At safepoint: 12917 ns, Total: 1183917 ns
[2024-04-11T17:00:34.074+0000][7][safepoint   ] Safepoint "Cleanup", Time since last: 2033333418 ns, Reaching safepoint: 149291 ns, At safepoint: 10084 ns, Total: 159375 ns
[2024-04-11T17:00:35.075+0000][7][safepoint   ] Safepoint "Cleanup", Time since last: 1000477500 ns, Reaching safepoint: 95375 ns, At safepoint: 3208 ns, Total: 98583 ns
[2024-04-11T17:00:40.126+0000][7][safepoint   ] Safepoint "Cleanup", Time since last: 5050639711 ns, Reaching safepoint: 444167 ns, At safepoint: 16166 ns, Total: 460333 ns
[2024-04-11T17:00:41.127+0000][7][safepoint   ] Safepoint "Cleanup", Time since last: 1000752084 ns, Reaching safepoint: 474250 ns, At safepoint: 50000 ns, Total: 524250 ns
[2024-04-11T17:00:45.384+0000][7][safepoint   ] Safepoint "Cleanup", Time since last: 4255072127 ns, Reaching safepoint: 1419542 ns, At safepoint: 11958 ns, Total: 1431500 ns
[2024-04-11T17:00:47.067+0000][7][safepoint   ] Safepoint "Cleanup", Time since last: 1682977334 ns, Reaching safepoint: 296084 ns, At safepoint: 5541 ns, Total: 301625 ns
[2024-04-11T17:00:49.072+0000][7][safepoint   ] Safepoint "Cleanup", Time since last: 2005226043 ns, Reaching safepoint: 125333 ns, At safepoint: 9792 ns, Total: 135125 ns
[2024-04-11T17:00:52.075+0000][7][safepoint   ] Safepoint "Cleanup", Time since last: 3002750085 ns, Reaching safepoint: 65583 ns, At safepoint: 10208 ns, Total: 75791 ns
[2024-04-11T17:00:53.079+0000][7][safepoint   ] Safepoint "Cleanup", Time since last: 1002170668 ns, Reaching safepoint: 1065916 ns, At safepoint: 8500 ns, Total: 1074416 ns
[2024-04-11T17:00:55.080+0000][7][safepoint   ] Safepoint "Cleanup", Time since last: 2001099918 ns, Reaching safepoint: 82125 ns, At safepoint: 3750 ns, Total: 85875 ns
[2024-04-11T17:00:58.083+0000][7][safepoint   ] Safepoint "Cleanup", Time since last: 3003028460 ns, Reaching safepoint: 112916 ns, At safepoint: 4625 ns, Total: 117541 ns
[2024-04-11T17:00:59.160+0000][7][safepoint   ] Safepoint "Cleanup", Time since last: 1001079791 ns, Reaching safepoint: 448375 ns, At safepoint: 26209 ns, Total: 474584 ns
[2024-04-11T17:01:00.161+0000][7][safepoint   ] Safepoint "Cleanup", Time since last: 1000706042 ns, Reaching safepoint: 237167 ns, At safepoint: 10250 ns, Total: 247417 ns
[2024-04-11T17:01:01.163+0000][7][safepoint   ] Safepoint "Cleanup", Time since last: 1001532417 ns, Reaching safepoint: 199166 ns, At safepoint: 13334 ns, Total: 212500 ns
[2024-04-11T17:01:09.177+0000][7][safepoint   ] Safepoint "Cleanup", Time since last: 8008272212 ns, Reaching safepoint: 1843750 ns, At safepoint: 4425500 ns, Total: 6269250 ns
[2024-04-11T17:01:10.180+0000][7][safepoint   ] Safepoint "Cleanup", Time since last: 1002603125 ns, Reaching safepoint: 97000 ns, At safepoint: 3584 ns, Total: 100584 ns
[2024-04-11T17:01:11.182+0000][7][safepoint   ] Safepoint "Cleanup", Time since last: 1002023042 ns, Reaching safepoint: 280125 ns, At safepoint: 8333 ns, Total: 288458 ns
[2024-04-11T17:01:13.184+0000][7][safepoint   ] Safepoint "Cleanup", Time since last: 2001215710 ns, Reaching safepoint: 209541 ns, At safepoint: 32375 ns, Total: 241916 ns
[2024-04-11T17:01:16.203+0000][7][safepoint   ] Safepoint "Cleanup", Time since last: 3019341585 ns, Reaching safepoint: 367250 ns, At safepoint: 9667 ns, Total: 376917 ns
[2024-04-11T17:01:19.208+0000][7][safepoint   ] Safepoint "Cleanup", Time since last: 3004263584 ns, Reaching safepoint: 204875 ns, At safepoint: 69375 ns, Total: 274250 ns
[2024-04-11T17:01:22.211+0000][7][safepoint   ] Safepoint "Cleanup", Time since last: 3002354543 ns, Reaching safepoint: 406917 ns, At safepoint: 9542 ns, Total: 416459 ns
[2024-04-11T17:01:23.214+0000][7][safepoint   ] Safepoint "Cleanup", Time since last: 1002655542 ns, Reaching safepoint: 486458 ns, At safepoint: 15334 ns, Total: 501792 ns
[2024-04-11T17:01:25.240+0000][7][safepoint   ] Safepoint "Cleanup", Time since last: 2024428917 ns, Reaching safepoint: 1331375 ns, At safepoint: 10042 ns, Total: 1341417 ns
[2024-04-11T17:01:26.241+0000][7][safepoint   ] Safepoint "Cleanup", Time since last: 1000868334 ns, Reaching safepoint: 116166 ns, At safepoint: 15667 ns, Total: 131833 ns
[2024-04-11T17:01:28.131+0000][7][gc,start    ] GC(32) Pause Young (Normal) (G1 Evacuation Pause)
[2024-04-11T17:01:28.131+0000][7][gc,task     ] GC(32) Using 8 workers of 8 for evacuation
[2024-04-11T17:01:28.131+0000][7][gc,age      ] GC(32) Desired survivor size 18874368 bytes, new threshold 15 (max threshold 15)
[2024-04-11T17:01:28.154+0000][7][gc,phases   ] GC(32)   Pre Evacuate Collection Set: 0.4ms
[2024-04-11T17:01:28.154+0000][7][gc,phases   ] GC(32)   Merge Heap Roots: 0.2ms
[2024-04-11T17:01:28.155+0000][7][gc,phases   ] GC(32)   Evacuate Collection Set: 19.6ms
[2024-04-11T17:01:28.155+0000][7][gc,phases   ] GC(32)   Post Evacuate Collection Set: 2.3ms
[2024-04-11T17:01:28.155+0000][7][gc,phases   ] GC(32)   Other: 0.5ms
[2024-04-11T17:01:28.155+0000][7][gc,age      ] GC(32) Age table with threshold 15 (max threshold 15)
[2024-04-11T17:01:28.155+0000][7][gc,age      ] GC(32) - age   1:    2001432 bytes,    2001432 total
[2024-04-11T17:01:28.155+0000][7][gc,age      ] GC(32) - age   2:      72272 bytes,    2073704 total
[2024-04-11T17:01:28.155+0000][7][gc,age      ] GC(32) - age   3:      58592 bytes,    2132296 total
[2024-04-11T17:01:28.155+0000][7][gc,age      ] GC(32) - age   4:      58912 bytes,    2191208 total
[2024-04-11T17:01:28.155+0000][7][gc,age      ] GC(32) - age   5:    1839920 bytes,    4031128 total
[2024-04-11T17:01:28.155+0000][7][gc,age      ] GC(32) - age   6:     287128 bytes,    4318256 total
[2024-04-11T17:01:28.156+0000][7][gc,age      ] GC(32) - age   7:     122264 bytes,    4440520 total
[2024-04-11T17:01:28.156+0000][7][gc,age      ] GC(32) - age   8:    2750984 bytes,    7191504 total
[2024-04-11T17:01:28.156+0000][7][gc,age      ] GC(32) - age   9:     388776 bytes,    7580280 total
[2024-04-11T17:01:28.156+0000][7][gc,age      ] GC(32) - age  10:     937728 bytes,    8518008 total
[2024-04-11T17:01:28.156+0000][7][gc,age      ] GC(32) - age  11:     318832 bytes,    8836840 total
[2024-04-11T17:01:28.156+0000][7][gc,age      ] GC(32) - age  12:    3107352 bytes,   11944192 total
[2024-04-11T17:01:28.156+0000][7][gc,heap     ] GC(32) Eden regions: 65->0(65)
[2024-04-11T17:01:28.156+0000][7][gc,heap     ] GC(32) Survivor regions: 4->4(9)
[2024-04-11T17:01:28.156+0000][7][gc,heap     ] GC(32) Old regions: 31->31
[2024-04-11T17:01:28.156+0000][7][gc,heap     ] GC(32) Archive regions: 2->2
[2024-04-11T17:01:28.156+0000][7][gc,heap     ] GC(32) Humongous regions: 2->2
[2024-04-11T17:01:28.157+0000][7][gc,metaspace] GC(32) Metaspace: 121450K(124608K)->121450K(124608K) NonClass: 105405K(107072K)->105405K(107072K) Class: 16045K(17536K)->16045K(17536K)
[2024-04-11T17:01:28.157+0000][7][gc          ] GC(32) Pause Young (Normal) (G1 Evacuation Pause) 405M->146M(512M) 25.664ms
[2024-04-11T17:01:28.157+0000][7][gc,cpu      ] GC(32) User=0.13s Sys=0.00s Real=0.02s
[2024-04-11T17:01:28.157+0000][7][safepoint   ] Safepoint "G1CollectForAllocation", Time since last: 1890124751 ns, Reaching safepoint: 129708 ns, At safepoint: 25968500 ns, Total: 26098208 ns
[2024-04-11T17:01:29.161+0000][7][safepoint   ] Safepoint "Cleanup", Time since last: 1000314917 ns, Reaching safepoint: 441541 ns, At safepoint: 13417 ns, Total: 454958 ns
[2024-04-11T17:01:30.166+0000][7][safepoint   ] Safepoint "Cleanup", Time since last: 1003525209 ns, Reaching safepoint: 908708 ns, At safepoint: 12042 ns, Total: 920750 ns
[2024-04-11T17:01:34.179+0000][7][safepoint   ] Safepoint "Cleanup", Time since last: 4013690919 ns, Reaching safepoint: 99666 ns, At safepoint: 3667 ns, Total: 103333 ns
[2024-04-11T17:01:35.181+0000][7][safepoint   ] Safepoint "Cleanup", Time since last: 1000685375 ns, Reaching safepoint: 430209 ns, At safepoint: 9708 ns, Total: 439917 ns
[2024-04-11T17:01:40.183+0000][7][safepoint   ] Safepoint "Cleanup", Time since last: 5002315086 ns, Reaching safepoint: 139083 ns, At safepoint: 4917 ns, Total: 144000 ns
[2024-04-11T17:01:41.184+0000][7][safepoint   ] Safepoint "Cleanup", Time since last: 1001314875 ns, Reaching safepoint: 115875 ns, At safepoint: 3125 ns, Total: 119000 ns
[2024-04-11T17:01:46.188+0000][7][safepoint   ] Safepoint "Cleanup", Time since last: 5002966503 ns, Reaching safepoint: 184791 ns, At safepoint: 16292 ns, Total: 201083 ns
[2024-04-11T17:01:49.192+0000][7][safepoint   ] Safepoint "Cleanup", Time since last: 3004765210 ns, Reaching safepoint: 114916 ns, At safepoint: 15625 ns, Total: 130541 ns
[2024-04-11T17:01:50.194+0000][7][safepoint   ] Safepoint "Cleanup", Time since last: 1000412834 ns, Reaching safepoint: 595792 ns, At safepoint: 40833 ns, Total: 636625 ns
[2024-04-11T17:01:52.198+0000][7][safepoint   ] Safepoint "Cleanup", Time since last: 2004346126 ns, Reaching safepoint: 117375 ns, At safepoint: 26333 ns, Total: 143708 ns
[2024-04-11T17:01:53.200+0000][7][safepoint   ] Safepoint "Cleanup", Time since last: 1001517959 ns, Reaching safepoint: 486709 ns, At safepoint: 11958 ns, Total: 498667 ns
[2024-04-11T17:01:55.203+0000][7][safepoint   ] Safepoint "Cleanup", Time since last: 2002166751 ns, Reaching safepoint: 311833 ns, At safepoint: 10375 ns, Total: 322208 ns
[2024-04-11T17:01:58.216+0000][7][safepoint   ] Safepoint "Cleanup", Time since last: 3013651627 ns, Reaching safepoint: 94125 ns, At safepoint: 3291 ns, Total: 97416 ns
[2024-04-11T17:01:59.215+0000][7][safepoint   ] Safepoint "Cleanup", Time since last: 1000766208 ns, Reaching safepoint: 504750 ns, At safepoint: 13709 ns, Total: 518459 ns
[2024-04-11T17:02:02.219+0000][7][safepoint   ] Safepoint "Cleanup", Time since last: 3004418710 ns, Reaching safepoint: 186250 ns, At safepoint: 4791 ns, Total: 191041 ns
[2024-04-11T17:02:03.221+0000][7][safepoint   ] Safepoint "Cleanup", Time since last: 1001275001 ns, Reaching safepoint: 343208 ns, At safepoint: 329208 ns, Total: 672416 ns
[2024-04-11T17:02:05.224+0000][7][safepoint   ] Safepoint "Cleanup", Time since last: 2002337543 ns, Reaching safepoint: 229958 ns, At safepoint: 35000 ns, Total: 264958 ns
[2024-04-11T17:02:10.229+0000][7][safepoint   ] Safepoint "Cleanup", Time since last: 5004774044 ns, Reaching safepoint: 135667 ns, At safepoint: 4667 ns, Total: 140334 ns
[2024-04-11T17:02:11.230+0000][7][safepoint   ] Safepoint "Cleanup", Time since last: 1000809792 ns, Reaching safepoint: 198208 ns, At safepoint: 14875 ns, Total: 213083 ns
[2024-04-11T17:02:13.234+0000][7][safepoint   ] Safepoint "Cleanup", Time since last: 2002697626 ns, Reaching safepoint: 907417 ns, At safepoint: 11250 ns, Total: 918667 ns
[2024-04-11T17:02:16.239+0000][7][safepoint   ] Safepoint "Cleanup", Time since last: 3005103543 ns, Reaching safepoint: 199292 ns, At safepoint: 13541 ns, Total: 212833 ns
[2024-04-11T17:02:18.242+0000][7][safepoint   ] Safepoint "Cleanup", Time since last: 2002410335 ns, Reaching safepoint: 715375 ns, At safepoint: 9708 ns, Total: 725083 ns
[2024-04-11T17:02:19.246+0000][7][safepoint   ] Safepoint "Cleanup", Time since last: 1003918167 ns, Reaching safepoint: 461042 ns, At safepoint: 11208 ns, Total: 472250 ns
[2024-04-11T17:02:23.262+0000][7][safepoint   ] Safepoint "Cleanup", Time since last: 4014778752 ns, Reaching safepoint: 580542 ns, At safepoint: 9458 ns, Total: 590000 ns
[2024-04-11T17:02:28.270+0000][7][safepoint   ] Safepoint "Cleanup", Time since last: 5008179794 ns, Reaching safepoint: 246042 ns, At safepoint: 33916 ns, Total: 279958 ns
[2024-04-11T17:02:29.273+0000][7][safepoint   ] Safepoint "Cleanup", Time since last: 1002398583 ns, Reaching safepoint: 460209 ns, At safepoint: 10083 ns, Total: 470292 ns
[2024-04-11T17:02:31.117+0000][7][gc,start    ] GC(33) Pause Young (Normal) (G1 Evacuation Pause)
[2024-04-11T17:02:31.117+0000][7][gc,task     ] GC(33) Using 8 workers of 8 for evacuation
[2024-04-11T17:02:31.117+0000][7][gc,age      ] GC(33) Desired survivor size 18874368 bytes, new threshold 15 (max threshold 15)
[2024-04-11T17:02:31.152+0000][7][gc,phases   ] GC(33)   Pre Evacuate Collection Set: 0.8ms
[2024-04-11T17:02:31.152+0000][7][gc,phases   ] GC(33)   Merge Heap Roots: 0.4ms
[2024-04-11T17:02:31.152+0000][7][gc,phases   ] GC(33)   Evacuate Collection Set: 28.7ms
[2024-04-11T17:02:31.152+0000][7][gc,phases   ] GC(33)   Post Evacuate Collection Set: 3.7ms
[2024-04-11T17:02:31.152+0000][7][gc,phases   ] GC(33)   Other: 0.9ms
[2024-04-11T17:02:31.153+0000][7][gc,age      ] GC(33) Age table with threshold 15 (max threshold 15)
[2024-04-11T17:02:31.153+0000][7][gc,age      ] GC(33) - age   1:    1449280 bytes,    1449280 total
[2024-04-11T17:02:31.153+0000][7][gc,age      ] GC(33) - age   2:     186080 bytes,    1635360 total
[2024-04-11T17:02:31.153+0000][7][gc,age      ] GC(33) - age   3:      48992 bytes,    1684352 total
[2024-04-11T17:02:31.153+0000][7][gc,age      ] GC(33) - age   4:      56864 bytes,    1741216 total
[2024-04-11T17:02:31.153+0000][7][gc,age      ] GC(33) - age   5:      58528 bytes,    1799744 total
[2024-04-11T17:02:31.153+0000][7][gc,age      ] GC(33) - age   6:    1832592 bytes,    3632336 total
[2024-04-11T17:02:31.153+0000][7][gc,age      ] GC(33) - age   7:     286872 bytes,    3919208 total
[2024-04-11T17:02:31.153+0000][7][gc,age      ] GC(33) - age   8:     120992 bytes,    4040200 total
[2024-04-11T17:02:31.153+0000][7][gc,age      ] GC(33) - age   9:    2750848 bytes,    6791048 total
[2024-04-11T17:02:31.153+0000][7][gc,age      ] GC(33) - age  10:     388776 bytes,    7179824 total
[2024-04-11T17:02:31.154+0000][7][gc,age      ] GC(33) - age  11:     937400 bytes,    8117224 total
[2024-04-11T17:02:31.154+0000][7][gc,age      ] GC(33) - age  12:     318832 bytes,    8436056 total
[2024-04-11T17:02:31.154+0000][7][gc,age      ] GC(33) - age  13:    3107352 bytes,   11543408 total
[2024-04-11T17:02:31.154+0000][7][gc,heap     ] GC(33) Eden regions: 65->0(67)
[2024-04-11T17:02:31.154+0000][7][gc,heap     ] GC(33) Survivor regions: 4->3(9)
[2024-04-11T17:02:31.154+0000][7][gc,heap     ] GC(33) Old regions: 31->31
[2024-04-11T17:02:31.154+0000][7][gc,heap     ] GC(33) Archive regions: 2->2
[2024-04-11T17:02:31.154+0000][7][gc,heap     ] GC(33) Humongous regions: 2->2
[2024-04-11T17:02:31.154+0000][7][gc,metaspace] GC(33) Metaspace: 121618K(124800K)->121618K(124800K) NonClass: 105571K(107264K)->105571K(107264K) Class: 16047K(17536K)->16047K(17536K)
[2024-04-11T17:02:31.155+0000][7][gc          ] GC(33) Pause Young (Normal) (G1 Evacuation Pause) 406M->145M(512M) 38.013ms
[2024-04-11T17:02:31.155+0000][7][gc,cpu      ] GC(33) User=0.20s Sys=0.00s Real=0.04s
[2024-04-11T17:02:31.155+0000][7][safepoint   ] Safepoint "G1CollectForAllocation", Time since last: 1843380917 ns, Reaching safepoint: 124250 ns, At safepoint: 38497750 ns, Total: 38622000 ns
[2024-04-11T17:02:33.157+0000][7][safepoint   ] Safepoint "Cleanup", Time since last: 2002133585 ns, Reaching safepoint: 214625 ns, At safepoint: 9000 ns, Total: 223625 ns
[2024-04-11T17:02:35.159+0000][7][safepoint   ] Safepoint "Cleanup", Time since last: 2001382459 ns, Reaching safepoint: 710583 ns, At safepoint: 7959 ns, Total: 718542 ns
[2024-04-11T17:02:37.166+0000][7][safepoint   ] Safepoint "Cleanup", Time since last: 2003943209 ns, Reaching safepoint: 2299667 ns, At safepoint: 14125 ns, Total: 2313792 ns
[2024-04-11T17:02:40.169+0000][7][safepoint   ] Safepoint "Cleanup", Time since last: 3003740168 ns, Reaching safepoint: 214541 ns, At safepoint: 11375 ns, Total: 225916 ns
[2024-04-11T17:02:41.172+0000][7][safepoint   ] Safepoint "Cleanup", Time since last: 1000505543 ns, Reaching safepoint: 1532375 ns, At safepoint: 16958 ns, Total: 1549333 ns
[2024-04-11T17:02:43.178+0000][7][safepoint   ] Safepoint "Cleanup", Time since last: 2005580209 ns, Reaching safepoint: 514875 ns, At safepoint: 10125 ns, Total: 525000 ns
[2024-04-11T17:02:52.184+0000][7][safepoint   ] Safepoint "Cleanup", Time since last: 9005568421 ns, Reaching safepoint: 412333 ns, At safepoint: 12292 ns, Total: 424625 ns
[2024-04-11T17:02:53.186+0000][7][safepoint   ] Safepoint "Cleanup", Time since last: 1000410751 ns, Reaching safepoint: 2164875 ns, At safepoint: 14916 ns, Total: 2179791 ns
[2024-04-11T17:02:56.197+0000][7][safepoint   ] Safepoint "Cleanup", Time since last: 3007718960 ns, Reaching safepoint: 2836000 ns, At safepoint: 24958 ns, Total: 2860958 ns
[2024-04-11T17:02:59.201+0000][7][safepoint   ] Safepoint "Cleanup", Time since last: 3002981543 ns, Reaching safepoint: 181125 ns, At safepoint: 21417 ns, Total: 202542 ns
[2024-04-11T17:03:02.203+0000][7][safepoint   ] Safepoint "Cleanup", Time since last: 3001513585 ns, Reaching safepoint: 545750 ns, At safepoint: 14041 ns, Total: 559791 ns
[2024-04-11T17:03:07.208+0000][7][safepoint   ] Safepoint "Cleanup", Time since last: 5004350586 ns, Reaching safepoint: 587417 ns, At safepoint: 49750 ns, Total: 637167 ns
[2024-04-11T17:03:09.212+0000][7][safepoint   ] Safepoint "Cleanup", Time since last: 2003910042 ns, Reaching safepoint: 158667 ns, At safepoint: 6125 ns, Total: 164792 ns
[2024-04-11T17:03:11.215+0000][7][safepoint   ] Safepoint "Cleanup", Time since last: 2002904918 ns, Reaching safepoint: 297875 ns, At safepoint: 85375 ns, Total: 383250 ns
[2024-04-11T17:03:13.217+0000][7][safepoint   ] Safepoint "Cleanup", Time since last: 2001082209 ns, Reaching safepoint: 423958 ns, At safepoint: 13042 ns, Total: 437000 ns
[2024-04-11T17:03:16.221+0000][7][safepoint   ] Safepoint "Cleanup", Time since last: 3003949460 ns, Reaching safepoint: 105833 ns, At safepoint: 15583 ns, Total: 121416 ns
[2024-04-11T17:03:17.222+0000][7][safepoint   ] Safepoint "Cleanup", Time since last: 1000626792 ns, Reaching safepoint: 527375 ns, At safepoint: 17000 ns, Total: 544375 ns
[2024-04-11T17:03:18.224+0000][7][safepoint   ] Safepoint "Cleanup", Time since last: 1001733001 ns, Reaching safepoint: 471500 ns, At safepoint: 13083 ns, Total: 484583 ns
[2024-04-11T17:03:22.232+0000][7][safepoint   ] Safepoint "Cleanup", Time since last: 4004130460 ns, Reaching safepoint: 3748334 ns, At safepoint: 42750 ns, Total: 3791084 ns
[2024-04-11T17:03:23.235+0000][7][safepoint   ] Safepoint "Cleanup", Time since last: 1001193375 ns, Reaching safepoint: 1344084 ns, At safepoint: 13375 ns, Total: 1357459 ns
[2024-04-11T17:03:26.238+0000][7][safepoint   ] Safepoint "Cleanup", Time since last: 3003124709 ns, Reaching safepoint: 299667 ns, At safepoint: 9958 ns, Total: 309625 ns
[2024-04-11T17:03:34.249+0000][7][safepoint   ] Safepoint "Cleanup", Time since last: 8010544753 ns, Reaching safepoint: 101667 ns, At safepoint: 2500 ns, Total: 104167 ns
[2024-04-11T17:03:35.250+0000][7][safepoint   ] Safepoint "Cleanup", Time since last: 1000754917 ns, Reaching safepoint: 224125 ns, At safepoint: 5750 ns, Total: 229875 ns
[2024-04-11T17:03:40.173+0000][7][gc,start    ] GC(34) Pause Young (Normal) (G1 Evacuation Pause)
[2024-04-11T17:03:40.174+0000][7][gc,task     ] GC(34) Using 8 workers of 8 for evacuation
[2024-04-11T17:03:40.174+0000][7][gc,age      ] GC(34) Desired survivor size 18874368 bytes, new threshold 15 (max threshold 15)
[2024-04-11T17:03:40.197+0000][7][gc,phases   ] GC(34)   Pre Evacuate Collection Set: 0.3ms
[2024-04-11T17:03:40.197+0000][7][gc,phases   ] GC(34)   Merge Heap Roots: 0.2ms
[2024-04-11T17:03:40.197+0000][7][gc,phases   ] GC(34)   Evacuate Collection Set: 18.0ms
[2024-04-11T17:03:40.197+0000][7][gc,phases   ] GC(34)   Post Evacuate Collection Set: 4.3ms
[2024-04-11T17:03:40.198+0000][7][gc,phases   ] GC(34)   Other: 0.4ms
[2024-04-11T17:03:40.198+0000][7][gc,age      ] GC(34) Age table with threshold 15 (max threshold 15)
[2024-04-11T17:03:40.198+0000][7][gc,age      ] GC(34) - age   1:    1406704 bytes,    1406704 total
[2024-04-11T17:03:40.198+0000][7][gc,age      ] GC(34) - age   2:     107144 bytes,    1513848 total
[2024-04-11T17:03:40.198+0000][7][gc,age      ] GC(34) - age   3:     182576 bytes,    1696424 total
[2024-04-11T17:03:40.198+0000][7][gc,age      ] GC(34) - age   4:      45856 bytes,    1742280 total
[2024-04-11T17:03:40.199+0000][7][gc,age      ] GC(34) - age   5:      49616 bytes,    1791896 total
[2024-04-11T17:03:40.199+0000][7][gc,age      ] GC(34) - age   6:      56624 bytes,    1848520 total
[2024-04-11T17:03:40.199+0000][7][gc,age      ] GC(34) - age   7:    1831104 bytes,    3679624 total
[2024-04-11T17:03:40.199+0000][7][gc,age      ] GC(34) - age   8:     286872 bytes,    3966496 total
[2024-04-11T17:03:40.199+0000][7][gc,age      ] GC(34) - age   9:     120992 bytes,    4087488 total
[2024-04-11T17:03:40.199+0000][7][gc,age      ] GC(34) - age  10:    2750408 bytes,    6837896 total
[2024-04-11T17:03:40.200+0000][7][gc,age      ] GC(34) - age  11:     388776 bytes,    7226672 total
[2024-04-11T17:03:40.200+0000][7][gc,age      ] GC(34) - age  12:     937064 bytes,    8163736 total
[2024-04-11T17:03:40.200+0000][7][gc,age      ] GC(34) - age  13:     318832 bytes,    8482568 total
[2024-04-11T17:03:40.200+0000][7][gc,age      ] GC(34) - age  14:    3107352 bytes,   11589920 total
[2024-04-11T17:03:40.200+0000][7][gc,heap     ] GC(34) Eden regions: 67->0(67)
[2024-04-11T17:03:40.200+0000][7][gc,heap     ] GC(34) Survivor regions: 3->3(9)
[2024-04-11T17:03:40.201+0000][7][gc,heap     ] GC(34) Old regions: 31->31
[2024-04-11T17:03:40.201+0000][7][gc,heap     ] GC(34) Archive regions: 2->2
[2024-04-11T17:03:40.201+0000][7][gc,heap     ] GC(34) Humongous regions: 2->2
[2024-04-11T17:03:40.201+0000][7][gc,metaspace] GC(34) Metaspace: 121735K(124864K)->121735K(124864K) NonClass: 105687K(107328K)->105687K(107328K) Class: 16048K(17536K)->16048K(17536K)
[2024-04-11T17:03:40.201+0000][7][gc          ] GC(34) Pause Young (Normal) (G1 Evacuation Pause) 413M->145M(512M) 27.942ms
[2024-04-11T17:03:40.201+0000][7][gc,cpu      ] GC(34) User=0.12s Sys=0.00s Real=0.03s
[2024-04-11T17:03:40.202+0000][7][safepoint   ] Safepoint "G1CollectForAllocation", Time since last: 4923494461 ns, Reaching safepoint: 186125 ns, At safepoint: 28358875 ns, Total: 28545000 ns
[2024-04-11T17:03:47.210+0000][7][safepoint   ] Safepoint "Cleanup", Time since last: 7008204170 ns, Reaching safepoint: 394750 ns, At safepoint: 8791 ns, Total: 403541 ns
[2024-04-11T17:03:52.215+0000][7][safepoint   ] Safepoint "Cleanup", Time since last: 5004491628 ns, Reaching safepoint: 69000 ns, At safepoint: 3125 ns, Total: 72125 ns
[2024-04-11T17:03:53.217+0000][7][safepoint   ] Safepoint "Cleanup", Time since last: 1001434750 ns, Reaching safepoint: 660542 ns, At safepoint: 8708 ns, Total: 669250 ns
[2024-04-11T17:03:58.223+0000][7][safepoint   ] Safepoint "Cleanup", Time since last: 5005733711 ns, Reaching safepoint: 99167 ns, At safepoint: 4041 ns, Total: 103208 ns
[2024-04-11T17:04:01.224+0000][7][safepoint   ] Safepoint "Cleanup", Time since last: 3000729209 ns, Reaching safepoint: 444000 ns, At safepoint: 17334 ns, Total: 461334 ns
[2024-04-11T17:04:04.227+0000][7][safepoint   ] Safepoint "Cleanup", Time since last: 3002213876 ns, Reaching safepoint: 84875 ns, At safepoint: 3167 ns, Total: 88042 ns
[2024-04-11T17:04:07.230+0000][7][safepoint   ] Safepoint "Cleanup", Time since last: 3002520501 ns, Reaching safepoint: 555209 ns, At safepoint: 7208 ns, Total: 562417 ns
[2024-04-11T17:04:12.234+0000][7][safepoint   ] Safepoint "Cleanup", Time since last: 5003577336 ns, Reaching safepoint: 310458 ns, At safepoint: 10958 ns, Total: 321416 ns
[2024-04-11T17:04:16.243+0000][7][safepoint   ] Safepoint "Cleanup", Time since last: 4009239502 ns, Reaching safepoint: 146000 ns, At safepoint: 16167 ns, Total: 162167 ns
[2024-04-11T17:04:22.255+0000][7][safepoint   ] Safepoint "Cleanup", Time since last: 6012202211 ns, Reaching safepoint: 126958 ns, At safepoint: 4042 ns, Total: 131000 ns
[2024-04-11T17:04:23.256+0000][7][safepoint   ] Safepoint "Cleanup", Time since last: 1000319126 ns, Reaching safepoint: 373291 ns, At safepoint: 9959 ns, Total: 383250 ns
[2024-04-11T17:04:28.260+0000][7][safepoint   ] Safepoint "Cleanup", Time since last: 5004302919 ns, Reaching safepoint: 118250 ns, At safepoint: 2666 ns, Total: 120916 ns
[2024-04-11T17:04:34.269+0000][7][safepoint   ] Safepoint "Cleanup", Time since last: 6008050836 ns, Reaching safepoint: 180542 ns, At safepoint: 13000 ns, Total: 193542 ns
[2024-04-11T17:04:35.271+0000][7][safepoint   ] Safepoint "Cleanup", Time since last: 1002077583 ns, Reaching safepoint: 407250 ns, At safepoint: 14292 ns, Total: 421542 ns
[2024-04-11T17:04:40.278+0000][7][safepoint   ] Safepoint "Cleanup", Time since last: 5005863919 ns, Reaching safepoint: 948125 ns, At safepoint: 18375 ns, Total: 966500 ns
[2024-04-11T17:04:41.282+0000][7][safepoint   ] Safepoint "Cleanup", Time since last: 1003474709 ns, Reaching safepoint: 443125 ns, At safepoint: 11875 ns, Total: 455000 ns
[2024-04-11T17:04:43.290+0000][7][safepoint   ] Safepoint "Cleanup", Time since last: 2007133376 ns, Reaching safepoint: 435083 ns, At safepoint: 28209 ns, Total: 463292 ns
[2024-04-11T17:04:46.264+0000][7][gc,start    ] GC(35) Pause Young (Normal) (G1 Evacuation Pause)
[2024-04-11T17:04:46.265+0000][7][gc,task     ] GC(35) Using 8 workers of 8 for evacuation
[2024-04-11T17:04:46.265+0000][7][gc,age      ] GC(35) Desired survivor size 18874368 bytes, new threshold 15 (max threshold 15)
[2024-04-11T17:04:46.315+0000][7][gc,phases   ] GC(35)   Pre Evacuate Collection Set: 0.4ms
[2024-04-11T17:04:46.315+0000][7][gc,phases   ] GC(35)   Merge Heap Roots: 0.4ms
[2024-04-11T17:04:46.315+0000][7][gc,phases   ] GC(35)   Evacuate Collection Set: 45.1ms
[2024-04-11T17:04:46.315+0000][7][gc,phases   ] GC(35)   Post Evacuate Collection Set: 3.6ms
[2024-04-11T17:04:46.315+0000][7][gc,phases   ] GC(35)   Other: 0.5ms
[2024-04-11T17:04:46.316+0000][7][gc,age      ] GC(35) Age table with threshold 15 (max threshold 15)
[2024-04-11T17:04:46.316+0000][7][gc,age      ] GC(35) - age   1:     991744 bytes,     991744 total
[2024-04-11T17:04:46.316+0000][7][gc,age      ] GC(35) - age   2:     173768 bytes,    1165512 total
[2024-04-11T17:04:46.316+0000][7][gc,age      ] GC(35) - age   3:      98928 bytes,    1264440 total
[2024-04-11T17:04:46.316+0000][7][gc,age      ] GC(35) - age   4:     181752 bytes,    1446192 total
[2024-04-11T17:04:46.316+0000][7][gc,age      ] GC(35) - age   5:      45488 bytes,    1491680 total
[2024-04-11T17:04:46.316+0000][7][gc,age      ] GC(35) - age   6:      48664 bytes,    1540344 total
[2024-04-11T17:04:46.316+0000][7][gc,age      ] GC(35) - age   7:      56464 bytes,    1596808 total
[2024-04-11T17:04:46.317+0000][7][gc,age      ] GC(35) - age   8:    1831104 bytes,    3427912 total
[2024-04-11T17:04:46.317+0000][7][gc,age      ] GC(35) - age   9:     286712 bytes,    3714624 total
[2024-04-11T17:04:46.317+0000][7][gc,age      ] GC(35) - age  10:     120992 bytes,    3835616 total
[2024-04-11T17:04:46.317+0000][7][gc,age      ] GC(35) - age  11:    2750408 bytes,    6586024 total
[2024-04-11T17:04:46.317+0000][7][gc,age      ] GC(35) - age  12:     388776 bytes,    6974800 total
[2024-04-11T17:04:46.317+0000][7][gc,age      ] GC(35) - age  13:     937064 bytes,    7911864 total
[2024-04-11T17:04:46.317+0000][7][gc,age      ] GC(35) - age  14:     318832 bytes,    8230696 total
[2024-04-11T17:04:46.318+0000][7][gc,age      ] GC(35) - age  15:    3107184 bytes,   11337880 total
[2024-04-11T17:04:46.318+0000][7][gc,heap     ] GC(35) Eden regions: 67->0(67)
[2024-04-11T17:04:46.318+0000][7][gc,heap     ] GC(35) Survivor regions: 3->3(9)
[2024-04-11T17:04:46.318+0000][7][gc,heap     ] GC(35) Old regions: 31->31
[2024-04-11T17:04:46.318+0000][7][gc,heap     ] GC(35) Archive regions: 2->2
[2024-04-11T17:04:46.318+0000][7][gc,heap     ] GC(35) Humongous regions: 2->2
[2024-04-11T17:04:46.319+0000][7][gc,metaspace] GC(35) Metaspace: 121801K(124928K)->121801K(124928K) NonClass: 105752K(107392K)->105752K(107392K) Class: 16048K(17536K)->16048K(17536K)
[2024-04-11T17:04:46.319+0000][7][gc          ] GC(35) Pause Young (Normal) (G1 Evacuation Pause) 413M->145M(512M) 54.734ms
[2024-04-11T17:04:46.319+0000][7][gc,cpu      ] GC(35) User=0.24s Sys=0.01s Real=0.05s
[2024-04-11T17:04:46.319+0000][7][safepoint   ] Safepoint "G1CollectForAllocation", Time since last: 2974351001 ns, Reaching safepoint: 82375 ns, At safepoint: 55181250 ns, Total: 55263625 ns
[2024-04-11T17:04:52.327+0000][7][safepoint   ] Safepoint "Cleanup", Time since last: 6007444878 ns, Reaching safepoint: 297792 ns, At safepoint: 4500 ns, Total: 302292 ns
[2024-04-11T17:04:59.335+0000][7][safepoint   ] Safepoint "Cleanup", Time since last: 7006704585 ns, Reaching safepoint: 351500 ns, At safepoint: 11375 ns, Total: 362875 ns
[2024-04-11T17:05:02.343+0000][7][safepoint   ] Safepoint "Cleanup", Time since last: 3007631502 ns, Reaching safepoint: 180333 ns, At safepoint: 6875 ns, Total: 187208 ns
[2024-04-11T17:05:05.344+0000][7][safepoint   ] Safepoint "Cleanup", Time since last: 3001663960 ns, Reaching safepoint: 173458 ns, At safepoint: 4958 ns, Total: 178416 ns
[2024-04-11T17:05:10.347+0000][7][safepoint   ] Safepoint "Cleanup", Time since last: 5002608794 ns, Reaching safepoint: 141084 ns, At safepoint: 9041 ns, Total: 150125 ns
[2024-04-11T17:05:16.351+0000][7][safepoint   ] Safepoint "Cleanup", Time since last: 6003691253 ns, Reaching safepoint: 140209 ns, At safepoint: 4833 ns, Total: 145042 ns
[2024-04-11T17:05:17.352+0000][7][safepoint   ] Safepoint "Cleanup", Time since last: 1000993667 ns, Reaching safepoint: 217750 ns, At safepoint: 8958 ns, Total: 226708 ns
[2024-04-11T17:05:19.355+0000][7][safepoint   ] Safepoint "Cleanup", Time since last: 2001073710 ns, Reaching safepoint: 1577375 ns, At safepoint: 16583 ns, Total: 1593958 ns
[2024-04-11T17:05:22.359+0000][7][safepoint   ] Safepoint "Cleanup", Time since last: 3003640627 ns, Reaching safepoint: 159625 ns, At safepoint: 24666 ns, Total: 184291 ns
[2024-04-11T17:05:28.362+0000][7][safepoint   ] Safepoint "Cleanup", Time since last: 6003419961 ns, Reaching safepoint: 154667 ns, At safepoint: 3917 ns, Total: 158584 ns
[2024-04-11T17:05:34.367+0000][7][safepoint   ] Safepoint "Cleanup", Time since last: 6004479127 ns, Reaching safepoint: 138667 ns, At safepoint: 3958 ns, Total: 142625 ns
[2024-04-11T17:05:36.370+0000][7][safepoint   ] Safepoint "Cleanup", Time since last: 2002877501 ns, Reaching safepoint: 177750 ns, At safepoint: 7542 ns, Total: 185292 ns
[2024-04-11T17:05:40.360+0000][7][safepoint   ] Safepoint "Cleanup", Time since last: 3990280960 ns, Reaching safepoint: 180125 ns, At safepoint: 26875 ns, Total: 207000 ns
[2024-04-11T17:05:41.365+0000][7][safepoint   ] Safepoint "Cleanup", Time since last: 1004405501 ns, Reaching safepoint: 628583 ns, At safepoint: 11833 ns, Total: 640416 ns
[2024-04-11T17:05:46.369+0000][7][safepoint   ] Safepoint "Cleanup", Time since last: 5003584753 ns, Reaching safepoint: 175500 ns, At safepoint: 8916 ns, Total: 184416 ns
[2024-04-11T17:05:47.370+0000][7][safepoint   ] Safepoint "Cleanup", Time since last: 1000948126 ns, Reaching safepoint: 208041 ns, At safepoint: 10292 ns, Total: 218333 ns
[2024-04-11T17:05:55.176+0000][7][gc,start    ] GC(36) Pause Young (Normal) (G1 Evacuation Pause)
[2024-04-11T17:05:55.178+0000][7][gc,task     ] GC(36) Using 8 workers of 8 for evacuation
[2024-04-11T17:05:55.179+0000][7][gc,age      ] GC(36) Desired survivor size 18874368 bytes, new threshold 15 (max threshold 15)
[2024-04-11T17:05:55.219+0000][7][gc,phases   ] GC(36)   Pre Evacuate Collection Set: 0.8ms
[2024-04-11T17:05:55.220+0000][7][gc,phases   ] GC(36)   Merge Heap Roots: 0.4ms
[2024-04-11T17:05:55.220+0000][7][gc,phases   ] GC(36)   Evacuate Collection Set: 31.6ms
[2024-04-11T17:05:55.221+0000][7][gc,phases   ] GC(36)   Post Evacuate Collection Set: 7.2ms
[2024-04-11T17:05:55.222+0000][7][gc,phases   ] GC(36)   Other: 1.1ms
[2024-04-11T17:05:55.223+0000][7][gc,age      ] GC(36) Age table with threshold 15 (max threshold 15)
[2024-04-11T17:05:55.223+0000][7][gc,age      ] GC(36) - age   1:     754592 bytes,     754592 total
[2024-04-11T17:05:55.224+0000][7][gc,age      ] GC(36) - age   2:      43080 bytes,     797672 total
[2024-04-11T17:05:55.224+0000][7][gc,age      ] GC(36) - age   3:      60368 bytes,     858040 total
[2024-04-11T17:05:55.225+0000][7][gc,age      ] GC(36) - age   4:      95680 bytes,     953720 total
[2024-04-11T17:05:55.225+0000][7][gc,age      ] GC(36) - age   5:     181720 bytes,    1135440 total
[2024-04-11T17:05:55.225+0000][7][gc,age      ] GC(36) - age   6:      45488 bytes,    1180928 total
[2024-04-11T17:05:55.225+0000][7][gc,age      ] GC(36) - age   7:      48664 bytes,    1229592 total
[2024-04-11T17:05:55.225+0000][7][gc,age      ] GC(36) - age   8:      56464 bytes,    1286056 total
[2024-04-11T17:05:55.226+0000][7][gc,age      ] GC(36) - age   9:    1830904 bytes,    3116960 total
[2024-04-11T17:05:55.226+0000][7][gc,age      ] GC(36) - age  10:     286712 bytes,    3403672 total
[2024-04-11T17:05:55.226+0000][7][gc,age      ] GC(36) - age  11:     120992 bytes,    3524664 total
[2024-04-11T17:05:55.226+0000][7][gc,age      ] GC(36) - age  12:    2750320 bytes,    6274984 total
[2024-04-11T17:05:55.227+0000][7][gc,age      ] GC(36) - age  13:     388776 bytes,    6663760 total
[2024-04-11T17:05:55.227+0000][7][gc,age      ] GC(36) - age  14:     928632 bytes,    7592392 total
[2024-04-11T17:05:55.227+0000][7][gc,age      ] GC(36) - age  15:     318832 bytes,    7911224 total
[2024-04-11T17:05:55.227+0000][7][gc,heap     ] GC(36) Eden regions: 67->0(66)
[2024-04-11T17:05:55.227+0000][7][gc,heap     ] GC(36) Survivor regions: 3->3(9)
[2024-04-11T17:05:55.227+0000][7][gc,heap     ] GC(36) Old regions: 31->32
[2024-04-11T17:05:55.228+0000][7][gc,heap     ] GC(36) Archive regions: 2->2
[2024-04-11T17:05:55.228+0000][7][gc,heap     ] GC(36) Humongous regions: 2->2
[2024-04-11T17:05:55.228+0000][7][gc,metaspace] GC(36) Metaspace: 121860K(124992K)->121860K(124992K) NonClass: 105811K(107456K)->105811K(107456K) Class: 16048K(17536K)->16048K(17536K)
[2024-04-11T17:05:55.231+0000][7][gc          ] GC(36) Pause Young (Normal) (G1 Evacuation Pause) 413M->145M(512M) 54.582ms
[2024-04-11T17:05:55.231+0000][7][gc,cpu      ] GC(36) User=0.27s Sys=0.01s Real=0.05s
[2024-04-11T17:05:55.231+0000][7][safepoint   ] Safepoint "G1CollectForAllocation", Time since last: 7805224296 ns, Reaching safepoint: 295250 ns, At safepoint: 55300333 ns, Total: 55595583 ns
[2024-04-11T17:05:59.235+0000][7][safepoint   ] Safepoint "Cleanup", Time since last: 4003754376 ns, Reaching safepoint: 196875 ns, At safepoint: 24417 ns, Total: 221292 ns
[2024-04-11T17:06:01.237+0000][7][safepoint   ] Safepoint "Cleanup", Time since last: 2001824792 ns, Reaching safepoint: 195292 ns, At safepoint: 12750 ns, Total: 208042 ns
[2024-04-11T17:06:02.239+0000][7][safepoint   ] Safepoint "Cleanup", Time since last: 1001422751 ns, Reaching safepoint: 326375 ns, At safepoint: 11208 ns, Total: 337583 ns
[2024-04-11T17:06:05.242+0000][7][safepoint   ] Safepoint "Cleanup", Time since last: 3002567460 ns, Reaching safepoint: 199750 ns, At safepoint: 18291 ns, Total: 218041 ns
[2024-04-11T17:06:10.245+0000][7][safepoint   ] Safepoint "Cleanup", Time since last: 5003207461 ns, Reaching safepoint: 206917 ns, At safepoint: 29583 ns, Total: 236500 ns
[2024-04-11T17:06:11.246+0000][7][safepoint   ] Safepoint "Cleanup", Time since last: 1000718834 ns, Reaching safepoint: 84875 ns, At safepoint: 13958 ns, Total: 98833 ns
[2024-04-11T17:06:15.250+0000][7][safepoint   ] Safepoint "Cleanup", Time since last: 4003129544 ns, Reaching safepoint: 443458 ns, At safepoint: 31833 ns, Total: 475291 ns
[2024-04-11T17:06:16.251+0000][7][safepoint   ] Safepoint "Cleanup", Time since last: 1001480709 ns, Reaching safepoint: 114792 ns, At safepoint: 4792 ns, Total: 119584 ns
[2024-04-11T17:06:17.255+0000][7][safepoint   ] Safepoint "Cleanup", Time since last: 1001902750 ns, Reaching safepoint: 1387583 ns, At safepoint: 13875 ns, Total: 1401458 ns
[2024-04-11T17:06:19.261+0000][7][safepoint   ] Safepoint "Cleanup", Time since last: 2005338293 ns, Reaching safepoint: 392958 ns, At safepoint: 4959 ns, Total: 397917 ns
[2024-04-11T17:06:23.262+0000][7][safepoint   ] Safepoint "Cleanup", Time since last: 4001669877 ns, Reaching safepoint: 198666 ns, At safepoint: 13042 ns, Total: 211708 ns
[2024-04-11T17:06:24.274+0000][7][safepoint   ] Safepoint "Cleanup", Time since last: 1010881959 ns, Reaching safepoint: 541416 ns, At safepoint: 10834 ns, Total: 552250 ns
[2024-04-11T17:06:28.285+0000][7][safepoint   ] Safepoint "Cleanup", Time since last: 4010710627 ns, Reaching safepoint: 132583 ns, At safepoint: 10542 ns, Total: 143125 ns
[2024-04-11T17:06:29.286+0000][7][safepoint   ] Safepoint "Cleanup", Time since last: 1001075167 ns, Reaching safepoint: 247916 ns, At safepoint: 11459 ns, Total: 259375 ns
[2024-04-11T17:06:34.293+0000][7][safepoint   ] Safepoint "Cleanup", Time since last: 5006111960 ns, Reaching safepoint: 97375 ns, At safepoint: 18000 ns, Total: 115375 ns
[2024-04-11T17:06:35.295+0000][7][safepoint   ] Safepoint "Cleanup", Time since last: 1002307334 ns, Reaching safepoint: 171458 ns, At safepoint: 10209 ns, Total: 181667 ns
[2024-04-11T17:06:40.300+0000][7][safepoint   ] Safepoint "Cleanup", Time since last: 5004357044 ns, Reaching safepoint: 138333 ns, At safepoint: 5000 ns, Total: 143333 ns
[2024-04-11T17:06:41.301+0000][7][safepoint   ] Safepoint "Cleanup", Time since last: 1000763251 ns, Reaching safepoint: 810041 ns, At safepoint: 14250 ns, Total: 824291 ns
[2024-04-11T17:06:46.305+0000][7][safepoint   ] Safepoint "Cleanup", Time since last: 5003240294 ns, Reaching safepoint: 104042 ns, At safepoint: 3875 ns, Total: 107917 ns
[2024-04-11T17:06:47.306+0000][7][safepoint   ] Safepoint "Cleanup", Time since last: 1000561542 ns, Reaching safepoint: 435750 ns, At safepoint: 11667 ns, Total: 447417 ns
[2024-04-11T17:06:52.309+0000][7][safepoint   ] Safepoint "Cleanup", Time since last: 5003735419 ns, Reaching safepoint: 92916 ns, At safepoint: 4334 ns, Total: 97250 ns
[2024-04-11T17:06:58.314+0000][7][safepoint   ] Safepoint "Cleanup", Time since last: 6004034086 ns, Reaching safepoint: 60375 ns, At safepoint: 3458 ns, Total: 63833 ns
[2024-04-11T17:07:02.318+0000][7][safepoint   ] Safepoint "Cleanup", Time since last: 4003660377 ns, Reaching safepoint: 1012541 ns, At safepoint: 10542 ns, Total: 1023083 ns
[2024-04-11T17:07:04.296+0000][7][gc,start    ] GC(37) Pause Young (Normal) (G1 Evacuation Pause)
[2024-04-11T17:07:04.297+0000][7][gc,task     ] GC(37) Using 8 workers of 8 for evacuation
[2024-04-11T17:07:04.297+0000][7][gc,age      ] GC(37) Desired survivor size 18874368 bytes, new threshold 15 (max threshold 15)
[2024-04-11T17:07:04.315+0000][7][gc,phases   ] GC(37)   Pre Evacuate Collection Set: 0.4ms
[2024-04-11T17:07:04.315+0000][7][gc,phases   ] GC(37)   Merge Heap Roots: 0.2ms
[2024-04-11T17:07:04.315+0000][7][gc,phases   ] GC(37)   Evacuate Collection Set: 14.0ms
[2024-04-11T17:07:04.315+0000][7][gc,phases   ] GC(37)   Post Evacuate Collection Set: 2.4ms
[2024-04-11T17:07:04.315+0000][7][gc,phases   ] GC(37)   Other: 1.0ms
[2024-04-11T17:07:04.315+0000][7][gc,age      ] GC(37) Age table with threshold 15 (max threshold 15)
[2024-04-11T17:07:04.316+0000][7][gc,age      ] GC(37) - age   1:    2064368 bytes,    2064368 total
[2024-04-11T17:07:04.316+0000][7][gc,age      ] GC(37) - age   2:      48216 bytes,    2112584 total
[2024-04-11T17:07:04.316+0000][7][gc,age      ] GC(37) - age   3:      20208 bytes,    2132792 total
[2024-04-11T17:07:04.316+0000][7][gc,age      ] GC(37) - age   4:      49544 bytes,    2182336 total
[2024-04-11T17:07:04.316+0000][7][gc,age      ] GC(37) - age   5:      83784 bytes,    2266120 total
[2024-04-11T17:07:04.316+0000][7][gc,age      ] GC(37) - age   6:     177960 bytes,    2444080 total
[2024-04-11T17:07:04.316+0000][7][gc,age      ] GC(37) - age   7:      38448 bytes,    2482528 total
[2024-04-11T17:07:04.316+0000][7][gc,age      ] GC(37) - age   8:      40768 bytes,    2523296 total
[2024-04-11T17:07:04.316+0000][7][gc,age      ] GC(37) - age   9:      42864 bytes,    2566160 total
[2024-04-11T17:07:04.317+0000][7][gc,age      ] GC(37) - age  10:    1830808 bytes,    4396968 total
[2024-04-11T17:07:04.317+0000][7][gc,age      ] GC(37) - age  11:     279992 bytes,    4676960 total
[2024-04-11T17:07:04.317+0000][7][gc,age      ] GC(37) - age  12:     114272 bytes,    4791232 total
[2024-04-11T17:07:04.317+0000][7][gc,age      ] GC(37) - age  13:    2734416 bytes,    7525648 total
[2024-04-11T17:07:04.317+0000][7][gc,age      ] GC(37) - age  14:     388776 bytes,    7914424 total
[2024-04-11T17:07:04.317+0000][7][gc,age      ] GC(37) - age  15:     928496 bytes,    8842920 total
[2024-04-11T17:07:04.317+0000][7][gc,heap     ] GC(37) Eden regions: 66->0(66)
[2024-04-11T17:07:04.317+0000][7][gc,heap     ] GC(37) Survivor regions: 3->3(9)
[2024-04-11T17:07:04.317+0000][7][gc,heap     ] GC(37) Old regions: 32->32
[2024-04-11T17:07:04.317+0000][7][gc,heap     ] GC(37) Archive regions: 2->2
[2024-04-11T17:07:04.318+0000][7][gc,heap     ] GC(37) Humongous regions: 2->2
[2024-04-11T17:07:04.318+0000][7][gc,metaspace] GC(37) Metaspace: 121963K(125056K)->121963K(125056K) NonClass: 105912K(107520K)->105912K(107520K) Class: 16050K(17536K)->16050K(17536K)
[2024-04-11T17:07:04.318+0000][7][gc          ] GC(37) Pause Young (Normal) (G1 Evacuation Pause) 409M->146M(512M) 21.614ms
[2024-04-11T17:07:04.318+0000][7][gc,cpu      ] GC(37) User=0.08s Sys=0.00s Real=0.02s
[2024-04-11T17:07:04.318+0000][7][safepoint   ] Safepoint "G1CollectForAllocation", Time since last: 1977700334 ns, Reaching safepoint: 187375 ns, At safepoint: 21967584 ns, Total: 22154959 ns
[2024-04-11T17:07:05.321+0000][7][safepoint   ] Safepoint "Cleanup", Time since last: 1002210833 ns, Reaching safepoint: 372334 ns, At safepoint: 187416 ns, Total: 559750 ns
[2024-04-11T17:07:09.327+0000][7][safepoint   ] Safepoint "Cleanup", Time since last: 4005730711 ns, Reaching safepoint: 231958 ns, At safepoint: 10750 ns, Total: 242708 ns
[2024-04-11T17:07:10.329+0000][7][safepoint   ] Safepoint "Cleanup", Time since last: 1002153042 ns, Reaching safepoint: 164875 ns, At safepoint: 14792 ns, Total: 179667 ns
[2024-04-11T17:07:11.331+0000][7][safepoint   ] Safepoint "Cleanup", Time since last: 1001410042 ns, Reaching safepoint: 153625 ns, At safepoint: 3250 ns, Total: 156875 ns
[2024-04-11T17:07:14.333+0000][7][safepoint   ] Safepoint "Cleanup", Time since last: 3002157460 ns, Reaching safepoint: 393291 ns, At safepoint: 14375 ns, Total: 407666 ns
[2024-04-11T17:07:19.345+0000][7][safepoint   ] Safepoint "Cleanup", Time since last: 5010771378 ns, Reaching safepoint: 527875 ns, At safepoint: 21708 ns, Total: 549583 ns
[2024-04-11T17:07:21.346+0000][7][safepoint   ] Safepoint "Cleanup", Time since last: 2001321043 ns, Reaching safepoint: 85208 ns, At safepoint: 3458 ns, Total: 88666 ns
[2024-04-11T17:07:23.348+0000][7][safepoint   ] Safepoint "Cleanup", Time since last: 2001587960 ns, Reaching safepoint: 387500 ns, At safepoint: 11791 ns, Total: 399291 ns
[2024-04-11T17:07:24.359+0000][7][safepoint   ] Safepoint "Cleanup", Time since last: 1008317501 ns, Reaching safepoint: 2475416 ns, At safepoint: 31834 ns, Total: 2507250 ns
[2024-04-11T17:07:34.381+0000][7][safepoint   ] Safepoint "Cleanup", Time since last: 10021513713 ns, Reaching safepoint: 254625 ns, At safepoint: 3041 ns, Total: 257666 ns
[2024-04-11T17:07:35.383+0000][7][safepoint   ] Safepoint "Cleanup", Time since last: 1001819084 ns, Reaching safepoint: 442250 ns, At safepoint: 8208 ns, Total: 450458 ns
[2024-04-11T17:07:47.403+0000][7][safepoint   ] Safepoint "Cleanup", Time since last: 12018401006 ns, Reaching safepoint: 844833 ns, At safepoint: 40459 ns, Total: 885292 ns
[2024-04-11T17:07:52.413+0000][7][safepoint   ] Safepoint "Cleanup", Time since last: 5010000461 ns, Reaching safepoint: 140916 ns, At safepoint: 3917 ns, Total: 144833 ns
[2024-04-11T17:07:54.414+0000][7][safepoint   ] Safepoint "Cleanup", Time since last: 2000742084 ns, Reaching safepoint: 412833 ns, At safepoint: 11167 ns, Total: 424000 ns
[2024-04-11T17:07:58.424+0000][7][safepoint   ] Safepoint "Cleanup", Time since last: 4010357502 ns, Reaching safepoint: 194583 ns, At safepoint: 4209 ns, Total: 198792 ns
[2024-04-11T17:08:04.432+0000][7][safepoint   ] Safepoint "Cleanup", Time since last: 6006758461 ns, Reaching safepoint: 322750 ns, At safepoint: 25083 ns, Total: 347833 ns
[2024-04-11T17:08:05.434+0000][7][safepoint   ] Safepoint "Cleanup", Time since last: 1002030959 ns, Reaching safepoint: 238000 ns, At safepoint: 7208 ns, Total: 245208 ns
[2024-04-11T17:08:07.435+0000][7][safepoint   ] Safepoint "Cleanup", Time since last: 2001058084 ns, Reaching safepoint: 83167 ns, At safepoint: 10375 ns, Total: 93542 ns
[2024-04-11T17:08:08.167+0000][7][gc,start    ] GC(38) Pause Young (Normal) (G1 Evacuation Pause)
[2024-04-11T17:08:08.168+0000][7][gc,task     ] GC(38) Using 8 workers of 8 for evacuation
[2024-04-11T17:08:08.168+0000][7][gc,age      ] GC(38) Desired survivor size 18874368 bytes, new threshold 15 (max threshold 15)
[2024-04-11T17:08:08.206+0000][7][gc,phases   ] GC(38)   Pre Evacuate Collection Set: 0.5ms
[2024-04-11T17:08:08.206+0000][7][gc,phases   ] GC(38)   Merge Heap Roots: 0.3ms
[2024-04-11T17:08:08.207+0000][7][gc,phases   ] GC(38)   Evacuate Collection Set: 25.1ms
[2024-04-11T17:08:08.207+0000][7][gc,phases   ] GC(38)   Post Evacuate Collection Set: 11.4ms
[2024-04-11T17:08:08.208+0000][7][gc,phases   ] GC(38)   Other: 1.1ms
[2024-04-11T17:08:08.208+0000][7][gc,age      ] GC(38) Age table with threshold 15 (max threshold 15)
[2024-04-11T17:08:08.208+0000][7][gc,age      ] GC(38) - age   1:    1630152 bytes,    1630152 total
[2024-04-11T17:08:08.208+0000][7][gc,age      ] GC(38) - age   2:     114496 bytes,    1744648 total
[2024-04-11T17:08:08.208+0000][7][gc,age      ] GC(38) - age   3:      47072 bytes,    1791720 total
[2024-04-11T17:08:08.210+0000][7][gc,age      ] GC(38) - age   4:      19408 bytes,    1811128 total
[2024-04-11T17:08:08.211+0000][7][gc,age      ] GC(38) - age   5:      49224 bytes,    1860352 total
[2024-04-11T17:08:08.211+0000][7][gc,age      ] GC(38) - age   6:      83592 bytes,    1943944 total
[2024-04-11T17:08:08.211+0000][7][gc,age      ] GC(38) - age   7:     177696 bytes,    2121640 total
[2024-04-11T17:08:08.211+0000][7][gc,age      ] GC(38) - age   8:      38448 bytes,    2160088 total
[2024-04-11T17:08:08.211+0000][7][gc,age      ] GC(38) - age   9:      39904 bytes,    2199992 total
[2024-04-11T17:08:08.211+0000][7][gc,age      ] GC(38) - age  10:      42296 bytes,    2242288 total
[2024-04-11T17:08:08.212+0000][7][gc,age      ] GC(38) - age  11:    1830808 bytes,    4073096 total
[2024-04-11T17:08:08.212+0000][7][gc,age      ] GC(38) - age  12:     279992 bytes,    4353088 total
[2024-04-11T17:08:08.212+0000][7][gc,age      ] GC(38) - age  13:     114272 bytes,    4467360 total
[2024-04-11T17:08:08.212+0000][7][gc,age      ] GC(38) - age  14:    2733472 bytes,    7200832 total
[2024-04-11T17:08:08.212+0000][7][gc,age      ] GC(38) - age  15:     388776 bytes,    7589608 total
[2024-04-11T17:08:08.212+0000][7][gc,heap     ] GC(38) Eden regions: 66->0(68)
[2024-04-11T17:08:08.212+0000][7][gc,heap     ] GC(38) Survivor regions: 3->2(9)
[2024-04-11T17:08:08.213+0000][7][gc,heap     ] GC(38) Old regions: 32->32
[2024-04-11T17:08:08.213+0000][7][gc,heap     ] GC(38) Archive regions: 2->2
[2024-04-11T17:08:08.213+0000][7][gc,heap     ] GC(38) Humongous regions: 2->2
[2024-04-11T17:08:08.213+0000][7][gc,metaspace] GC(38) Metaspace: 122021K(125120K)->122021K(125120K) NonClass: 105970K(107584K)->105970K(107584K) Class: 16050K(17536K)->16050K(17536K)
[2024-04-11T17:08:08.213+0000][7][gc          ] GC(38) Pause Young (Normal) (G1 Evacuation Pause) 409M->145M(512M) 45.977ms
[2024-04-11T17:08:08.213+0000][7][gc,cpu      ] GC(38) User=0.17s Sys=0.01s Real=0.04s
[2024-04-11T17:08:08.213+0000][7][safepoint   ] Safepoint "G1CollectForAllocation", Time since last: 731392084 ns, Reaching safepoint: 181125 ns, At safepoint: 46492291 ns, Total: 46673416 ns
[2024-04-11T17:08:09.214+0000][7][safepoint   ] Safepoint "Cleanup", Time since last: 1000526001 ns, Reaching safepoint: 144458 ns, At safepoint: 6584 ns, Total: 151042 ns
[2024-04-11T17:08:11.216+0000][7][safepoint   ] Safepoint "Cleanup", Time since last: 2001561834 ns, Reaching safepoint: 583083 ns, At safepoint: 13084 ns, Total: 596167 ns
[2024-04-11T17:08:16.223+0000][7][safepoint   ] Safepoint "Cleanup", Time since last: 5004909794 ns, Reaching safepoint: 1433458 ns, At safepoint: 9750 ns, Total: 1443208 ns
[2024-04-11T17:08:20.232+0000][7][safepoint   ] Safepoint "Cleanup", Time since last: 4008083627 ns, Reaching safepoint: 1136625 ns, At safepoint: 12333 ns, Total: 1148958 ns
[2024-04-11T17:08:22.237+0000][7][safepoint   ] Safepoint "Cleanup", Time since last: 2004817209 ns, Reaching safepoint: 556209 ns, At safepoint: 10083 ns, Total: 566292 ns
[2024-04-11T17:08:23.243+0000][7][safepoint   ] Safepoint "Cleanup", Time since last: 1005598667 ns, Reaching safepoint: 631084 ns, At safepoint: 11083 ns, Total: 642167 ns
[2024-04-11T17:08:25.247+0000][7][safepoint   ] Safepoint "Cleanup", Time since last: 2002451209 ns, Reaching safepoint: 990250 ns, At safepoint: 17417 ns, Total: 1007667 ns
[2024-04-11T17:08:26.252+0000][7][safepoint   ] Safepoint "Cleanup", Time since last: 1001781000 ns, Reaching safepoint: 3507459 ns, At safepoint: 17208 ns, Total: 3524667 ns
[2024-04-11T17:08:29.261+0000][7][safepoint   ] Safepoint "Cleanup", Time since last: 3008482709 ns, Reaching safepoint: 135292 ns, At safepoint: 4875 ns, Total: 140167 ns
[2024-04-11T17:08:35.267+0000][7][safepoint   ] Safepoint "Cleanup", Time since last: 6006012461 ns, Reaching safepoint: 397042 ns, At safepoint: 17083 ns, Total: 414125 ns
[2024-04-11T17:08:44.276+0000][7][safepoint   ] Safepoint "Cleanup", Time since last: 9008426879 ns, Reaching safepoint: 378209 ns, At safepoint: 9041 ns, Total: 387250 ns
[2024-04-11T17:08:47.281+0000][7][safepoint   ] Safepoint "Cleanup", Time since last: 3002825377 ns, Reaching safepoint: 1650333 ns, At safepoint: 23292 ns, Total: 1673625 ns
[2024-04-11T17:08:59.298+0000][7][safepoint   ] Safepoint "Cleanup", Time since last: 12016893255 ns, Reaching safepoint: 300667 ns, At safepoint: 12083 ns, Total: 312750 ns
[2024-04-11T17:09:01.301+0000][7][safepoint   ] Safepoint "Cleanup", Time since last: 2002865001 ns, Reaching safepoint: 128958 ns, At safepoint: 8334 ns, Total: 137292 ns
[2024-04-11T17:09:02.302+0000][7][safepoint   ] Safepoint "Cleanup", Time since last: 1000704584 ns, Reaching safepoint: 371500 ns, At safepoint: 27000 ns, Total: 398500 ns
[2024-04-11T17:09:05.304+0000][7][safepoint   ] Safepoint "Cleanup", Time since last: 3001613584 ns, Reaching safepoint: 162625 ns, At safepoint: 7834 ns, Total: 170459 ns
[2024-04-11T17:09:10.309+0000][7][safepoint   ] Safepoint "Cleanup", Time since last: 5004140210 ns, Reaching safepoint: 208459 ns, At safepoint: 18458 ns, Total: 226917 ns
[2024-04-11T17:09:11.310+0000][7][safepoint   ] Safepoint "Cleanup", Time since last: 1001484417 ns, Reaching safepoint: 106000 ns, At safepoint: 3209 ns, Total: 109209 ns
[2024-04-11T17:09:16.283+0000][7][gc,start    ] GC(39) Pause Young (Normal) (G1 Evacuation Pause)
[2024-04-11T17:09:16.286+0000][7][gc,task     ] GC(39) Using 8 workers of 8 for evacuation
[2024-04-11T17:09:16.286+0000][7][gc,age      ] GC(39) Desired survivor size 18874368 bytes, new threshold 15 (max threshold 15)
[2024-04-11T17:09:16.317+0000][7][gc,phases   ] GC(39)   Pre Evacuate Collection Set: 0.8ms
[2024-04-11T17:09:16.317+0000][7][gc,phases   ] GC(39)   Merge Heap Roots: 0.4ms
[2024-04-11T17:09:16.317+0000][7][gc,phases   ] GC(39)   Evacuate Collection Set: 24.1ms
[2024-04-11T17:09:16.317+0000][7][gc,phases   ] GC(39)   Post Evacuate Collection Set: 4.2ms
[2024-04-11T17:09:16.318+0000][7][gc,phases   ] GC(39)   Other: 1.3ms
[2024-04-11T17:09:16.318+0000][7][gc,age      ] GC(39) Age table with threshold 15 (max threshold 15)
[2024-04-11T17:09:16.318+0000][7][gc,age      ] GC(39) - age   1:    1178832 bytes,    1178832 total
[2024-04-11T17:09:16.318+0000][7][gc,age      ] GC(39) - age   2:      66272 bytes,    1245104 total
[2024-04-11T17:09:16.318+0000][7][gc,age      ] GC(39) - age   3:     101040 bytes,    1346144 total
[2024-04-11T17:09:16.318+0000][7][gc,age      ] GC(39) - age   4:      46880 bytes,    1393024 total
[2024-04-11T17:09:16.318+0000][7][gc,age      ] GC(39) - age   5:      19376 bytes,    1412400 total
[2024-04-11T17:09:16.319+0000][7][gc,age      ] GC(39) - age   6:      49024 bytes,    1461424 total
[2024-04-11T17:09:16.319+0000][7][gc,age      ] GC(39) - age   7:      83592 bytes,    1545016 total
[2024-04-11T17:09:16.319+0000][7][gc,age      ] GC(39) - age   8:     177696 bytes,    1722712 total
[2024-04-11T17:09:16.319+0000][7][gc,age      ] GC(39) - age   9:      38280 bytes,    1760992 total
[2024-04-11T17:09:16.319+0000][7][gc,age      ] GC(39) - age  10:      39904 bytes,    1800896 total
[2024-04-11T17:09:16.319+0000][7][gc,age      ] GC(39) - age  11:      42296 bytes,    1843192 total
[2024-04-11T17:09:16.319+0000][7][gc,age      ] GC(39) - age  12:    1830808 bytes,    3674000 total
[2024-04-11T17:09:16.320+0000][7][gc,age      ] GC(39) - age  13:     279992 bytes,    3953992 total
[2024-04-11T17:09:16.320+0000][7][gc,age      ] GC(39) - age  14:     114272 bytes,    4068264 total
[2024-04-11T17:09:16.320+0000][7][gc,age      ] GC(39) - age  15:    2732024 bytes,    6800288 total
[2024-04-11T17:09:16.320+0000][7][gc,heap     ] GC(39) Eden regions: 68->0(68)
[2024-04-11T17:09:16.320+0000][7][gc,heap     ] GC(39) Survivor regions: 2->2(9)
[2024-04-11T17:09:16.320+0000][7][gc,heap     ] GC(39) Old regions: 32->32
[2024-04-11T17:09:16.321+0000][7][gc,heap     ] GC(39) Archive regions: 2->2
[2024-04-11T17:09:16.321+0000][7][gc,heap     ] GC(39) Humongous regions: 2->2
[2024-04-11T17:09:16.321+0000][7][gc,metaspace] GC(39) Metaspace: 122072K(125248K)->122072K(125248K) NonClass: 106021K(107712K)->106021K(107712K) Class: 16050K(17536K)->16050K(17536K)
[2024-04-11T17:09:16.321+0000][7][gc          ] GC(39) Pause Young (Normal) (G1 Evacuation Pause) 417M->145M(512M) 37.841ms
[2024-04-11T17:09:16.321+0000][7][gc,cpu      ] GC(39) User=0.18s Sys=0.01s Real=0.04s
[2024-04-11T17:09:16.322+0000][7][safepoint   ] Safepoint "G1CollectForAllocation", Time since last: 4972820335 ns, Reaching safepoint: 278417 ns, At safepoint: 38450708 ns, Total: 38729125 ns
[2024-04-11T17:09:24.328+0000][7][safepoint   ] Safepoint "Cleanup", Time since last: 8005650129 ns, Reaching safepoint: 604125 ns, At safepoint: 10958 ns, Total: 615083 ns
[2024-04-11T17:09:28.332+0000][7][safepoint   ] Safepoint "Cleanup", Time since last: 4003320336 ns, Reaching safepoint: 256750 ns, At safepoint: 21166 ns, Total: 277916 ns
[2024-04-11T17:09:29.334+0000][7][safepoint   ] Safepoint "Cleanup", Time since last: 1001413000 ns, Reaching safepoint: 164000 ns, At safepoint: 6583 ns, Total: 170583 ns
[2024-04-11T17:09:34.337+0000][7][safepoint   ] Safepoint "Cleanup", Time since last: 5003661669 ns, Reaching safepoint: 87500 ns, At safepoint: 3875 ns, Total: 91375 ns
[2024-04-11T17:09:41.349+0000][7][safepoint   ] Safepoint "Cleanup", Time since last: 7010352462 ns, Reaching safepoint: 1319083 ns, At safepoint: 12167 ns, Total: 1331250 ns
[2024-04-11T17:09:52.356+0000][7][safepoint   ] Safepoint "Cleanup", Time since last: 11007062922 ns, Reaching safepoint: 204291 ns, At safepoint: 10709 ns, Total: 215000 ns
[2024-04-11T17:10:04.365+0000][7][safepoint   ] Safepoint "Cleanup", Time since last: 12008008546 ns, Reaching safepoint: 167875 ns, At safepoint: 4292 ns, Total: 172167 ns
[2024-04-11T17:10:10.372+0000][7][safepoint   ] Safepoint "Cleanup", Time since last: 6007524003 ns, Reaching safepoint: 113958 ns, At safepoint: 18458 ns, Total: 132416 ns
[2024-04-11T17:10:16.378+0000][7][safepoint   ] Safepoint "Cleanup", Time since last: 6005390045 ns, Reaching safepoint: 106042 ns, At safepoint: 3791 ns, Total: 109833 ns
[2024-04-11T17:10:17.380+0000][7][safepoint   ] Safepoint "Cleanup", Time since last: 1001847542 ns, Reaching safepoint: 191459 ns, At safepoint: 7000 ns, Total: 198459 ns
[2024-04-11T17:10:24.390+0000][7][safepoint   ] Safepoint "Cleanup", Time since last: 7009720045 ns, Reaching safepoint: 394833 ns, At safepoint: 7667 ns, Total: 402500 ns
[2024-04-11T17:10:25.281+0000][7][gc,start    ] GC(40) Pause Young (Normal) (G1 Evacuation Pause)
[2024-04-11T17:10:25.283+0000][7][gc,task     ] GC(40) Using 8 workers of 8 for evacuation
[2024-04-11T17:10:25.283+0000][7][gc,age      ] GC(40) Desired survivor size 18874368 bytes, new threshold 15 (max threshold 15)
[2024-04-11T17:10:25.320+0000][7][gc,phases   ] GC(40)   Pre Evacuate Collection Set: 1.0ms
[2024-04-11T17:10:25.320+0000][7][gc,phases   ] GC(40)   Merge Heap Roots: 0.4ms
[2024-04-11T17:10:25.321+0000][7][gc,phases   ] GC(40)   Evacuate Collection Set: 29.6ms
[2024-04-11T17:10:25.321+0000][7][gc,phases   ] GC(40)   Post Evacuate Collection Set: 4.4ms
[2024-04-11T17:10:25.321+0000][7][gc,phases   ] GC(40)   Other: 1.8ms
[2024-04-11T17:10:25.321+0000][7][gc,age      ] GC(40) Age table with threshold 15 (max threshold 15)
[2024-04-11T17:10:25.321+0000][7][gc,age      ] GC(40) - age   1:    1111752 bytes,    1111752 total
[2024-04-11T17:10:25.322+0000][7][gc,age      ] GC(40) - age   2:      60752 bytes,    1172504 total
[2024-04-11T17:10:25.322+0000][7][gc,age      ] GC(40) - age   3:      49200 bytes,    1221704 total
[2024-04-11T17:10:25.322+0000][7][gc,age      ] GC(40) - age   4:      89312 bytes,    1311016 total
[2024-04-11T17:10:25.322+0000][7][gc,age      ] GC(40) - age   5:      46880 bytes,    1357896 total
[2024-04-11T17:10:25.322+0000][7][gc,age      ] GC(40) - age   6:      19376 bytes,    1377272 total
[2024-04-11T17:10:25.323+0000][7][gc,age      ] GC(40) - age   7:      48856 bytes,    1426128 total
[2024-04-11T17:10:25.323+0000][7][gc,age      ] GC(40) - age   8:      83592 bytes,    1509720 total
[2024-04-11T17:10:25.323+0000][7][gc,age      ] GC(40) - age   9:     177696 bytes,    1687416 total
[2024-04-11T17:10:25.323+0000][7][gc,age      ] GC(40) - age  10:      38280 bytes,    1725696 total
[2024-04-11T17:10:25.323+0000][7][gc,age      ] GC(40) - age  11:      39904 bytes,    1765600 total
[2024-04-11T17:10:25.323+0000][7][gc,age      ] GC(40) - age  12:      42296 bytes,    1807896 total
[2024-04-11T17:10:25.324+0000][7][gc,age      ] GC(40) - age  13:    1830808 bytes,    3638704 total
[2024-04-11T17:10:25.324+0000][7][gc,age      ] GC(40) - age  14:     279992 bytes,    3918696 total
[2024-04-11T17:10:25.324+0000][7][gc,age      ] GC(40) - age  15:     114272 bytes,    4032968 total
[2024-04-11T17:10:25.324+0000][7][gc,heap     ] GC(40) Eden regions: 68->0(67)
[2024-04-11T17:10:25.324+0000][7][gc,heap     ] GC(40) Survivor regions: 2->2(9)
[2024-04-11T17:10:25.324+0000][7][gc,heap     ] GC(40) Old regions: 32->33
[2024-04-11T17:10:25.324+0000][7][gc,heap     ] GC(40) Archive regions: 2->2
[2024-04-11T17:10:25.325+0000][7][gc,heap     ] GC(40) Humongous regions: 2->2
[2024-04-11T17:10:25.325+0000][7][gc,metaspace] GC(40) Metaspace: 122112K(125248K)->122112K(125248K) NonClass: 106061K(107712K)->106061K(107712K) Class: 16050K(17536K)->16050K(17536K)
[2024-04-11T17:10:25.325+0000][7][gc          ] GC(40) Pause Young (Normal) (G1 Evacuation Pause) 417M->145M(512M) 43.693ms
[2024-04-11T17:10:25.325+0000][7][gc,cpu      ] GC(40) User=0.20s Sys=0.01s Real=0.05s
[2024-04-11T17:10:25.325+0000][7][safepoint   ] Safepoint "G1CollectForAllocation", Time since last: 890073250 ns, Reaching safepoint: 822334 ns, At safepoint: 44440791 ns, Total: 45263125 ns
[2024-04-11T17:10:41.339+0000][7][safepoint   ] Safepoint "Cleanup", Time since last: 16012788590 ns, Reaching safepoint: 383084 ns, At safepoint: 9875 ns, Total: 392959 ns
[2024-04-11T17:10:46.520+0000][7][safepoint   ] Safepoint "Cleanup", Time since last: 5181268252 ns, Reaching safepoint: 178083 ns, At safepoint: 12584 ns, Total: 190667 ns
[2024-04-11T17:10:47.526+0000][7][safepoint   ] Safepoint "Cleanup", Time since last: 1005109792 ns, Reaching safepoint: 906125 ns, At safepoint: 11000 ns, Total: 917125 ns
[2024-04-11T17:10:49.528+0000][7][safepoint   ] Safepoint "Cleanup", Time since last: 2001989459 ns, Reaching safepoint: 214458 ns, At safepoint: 6125 ns, Total: 220583 ns
[2024-04-11T17:11:02.267+0000][7][safepoint   ] Safepoint "Cleanup", Time since last: 12737223840 ns, Reaching safepoint: 776333 ns, At safepoint: 14167 ns, Total: 790500 ns
[2024-04-11T17:11:09.280+0000][7][safepoint   ] Safepoint "Cleanup", Time since last: 7012651920 ns, Reaching safepoint: 273000 ns, At safepoint: 5750 ns, Total: 278750 ns
[2024-04-11T17:11:11.286+0000][7][safepoint   ] Safepoint "Cleanup", Time since last: 2004914376 ns, Reaching safepoint: 1430000 ns, At safepoint: 33125 ns, Total: 1463125 ns
[2024-04-11T17:11:14.292+0000][7][safepoint   ] Safepoint "Cleanup", Time since last: 3005434251 ns, Reaching safepoint: 562292 ns, At safepoint: 14791 ns, Total: 577083 ns
[2024-04-11T17:11:16.300+0000][7][safepoint   ] Safepoint "Cleanup", Time since last: 2007431876 ns, Reaching safepoint: 364375 ns, At safepoint: 28834 ns, Total: 393209 ns
[2024-04-11T17:11:23.307+0000][7][safepoint   ] Safepoint "Cleanup", Time since last: 7006403086 ns, Reaching safepoint: 482834 ns, At safepoint: 11625 ns, Total: 494459 ns
[2024-04-11T17:11:24.312+0000][7][safepoint   ] Safepoint "Cleanup", Time since last: 1004549292 ns, Reaching safepoint: 160541 ns, At safepoint: 7125 ns, Total: 167666 ns
[2024-04-11T17:11:26.314+0000][7][safepoint   ] Safepoint "Cleanup", Time since last: 2002008376 ns, Reaching safepoint: 582750 ns, At safepoint: 14959 ns, Total: 597709 ns
[2024-04-11T17:11:28.331+0000][7][gc,start    ] GC(41) Pause Young (Normal) (G1 Evacuation Pause)
[2024-04-11T17:11:28.331+0000][7][gc,task     ] GC(41) Using 8 workers of 8 for evacuation
[2024-04-11T17:11:28.331+0000][7][gc,age      ] GC(41) Desired survivor size 18874368 bytes, new threshold 15 (max threshold 15)
[2024-04-11T17:11:28.345+0000][7][gc,phases   ] GC(41)   Pre Evacuate Collection Set: 0.2ms
[2024-04-11T17:11:28.345+0000][7][gc,phases   ] GC(41)   Merge Heap Roots: 0.2ms
[2024-04-11T17:11:28.345+0000][7][gc,phases   ] GC(41)   Evacuate Collection Set: 11.1ms
[2024-04-11T17:11:28.345+0000][7][gc,phases   ] GC(41)   Post Evacuate Collection Set: 1.8ms
[2024-04-11T17:11:28.345+0000][7][gc,phases   ] GC(41)   Other: 0.6ms
[2024-04-11T17:11:28.346+0000][7][gc,age      ] GC(41) Age table with threshold 15 (max threshold 15)
[2024-04-11T17:11:28.346+0000][7][gc,age      ] GC(41) - age   1:    1225032 bytes,    1225032 total
[2024-04-11T17:11:28.346+0000][7][gc,age      ] GC(41) - age   2:      76296 bytes,    1301328 total
[2024-04-11T17:11:28.346+0000][7][gc,age      ] GC(41) - age   3:      48872 bytes,    1350200 total
[2024-04-11T17:11:28.346+0000][7][gc,age      ] GC(41) - age   4:      48712 bytes,    1398912 total
[2024-04-11T17:11:28.346+0000][7][gc,age      ] GC(41) - age   5:      82880 bytes,    1481792 total
[2024-04-11T17:11:28.346+0000][7][gc,age      ] GC(41) - age   6:      46512 bytes,    1528304 total
[2024-04-11T17:11:28.346+0000][7][gc,age      ] GC(41) - age   7:      19376 bytes,    1547680 total
[2024-04-11T17:11:28.346+0000][7][gc,age      ] GC(41) - age   8:      48856 bytes,    1596536 total
[2024-04-11T17:11:28.346+0000][7][gc,age      ] GC(41) - age   9:      83592 bytes,    1680128 total
[2024-04-11T17:11:28.346+0000][7][gc,age      ] GC(41) - age  10:     175976 bytes,    1856104 total
[2024-04-11T17:11:28.346+0000][7][gc,age      ] GC(41) - age  11:      38280 bytes,    1894384 total
[2024-04-11T17:11:28.346+0000][7][gc,age      ] GC(41) - age  12:      39904 bytes,    1934288 total
[2024-04-11T17:11:28.347+0000][7][gc,age      ] GC(41) - age  13:      42296 bytes,    1976584 total
[2024-04-11T17:11:28.347+0000][7][gc,age      ] GC(41) - age  14:    1830776 bytes,    3807360 total
[2024-04-11T17:11:28.347+0000][7][gc,age      ] GC(41) - age  15:     279992 bytes,    4087352 total
[2024-04-11T17:11:28.347+0000][7][gc,heap     ] GC(41) Eden regions: 67->0(67)
[2024-04-11T17:11:28.347+0000][7][gc,heap     ] GC(41) Survivor regions: 2->2(9)
[2024-04-11T17:11:28.347+0000][7][gc,heap     ] GC(41) Old regions: 33->33
[2024-04-11T17:11:28.347+0000][7][gc,heap     ] GC(41) Archive regions: 2->2
[2024-04-11T17:11:28.347+0000][7][gc,heap     ] GC(41) Humongous regions: 2->2
[2024-04-11T17:11:28.347+0000][7][gc,metaspace] GC(41) Metaspace: 122172K(125312K)->122172K(125312K) NonClass: 106120K(107776K)->106120K(107776K) Class: 16052K(17536K)->16052K(17536K)
[2024-04-11T17:11:28.347+0000][7][gc          ] GC(41) Pause Young (Normal) (G1 Evacuation Pause) 413M->145M(512M) 16.372ms
[2024-04-11T17:11:28.347+0000][7][gc,cpu      ] GC(41) User=0.07s Sys=0.00s Real=0.02s
[2024-04-11T17:11:28.347+0000][7][safepoint   ] Safepoint "G1CollectForAllocation", Time since last: 2016606459 ns, Reaching safepoint: 90667 ns, At safepoint: 16638833 ns, Total: 16729500 ns
[2024-04-11T17:11:44.372+0000][7][safepoint   ] Safepoint "Cleanup", Time since last: 16020705048 ns, Reaching safepoint: 2653167 ns, At safepoint: 6083 ns, Total: 2659250 ns
[2024-04-11T17:11:47.374+0000][7][safepoint   ] Safepoint "Cleanup", Time since last: 3001559793 ns, Reaching safepoint: 499250 ns, At safepoint: 12375 ns, Total: 511625 ns
[2024-04-11T17:11:49.375+0000][7][safepoint   ] Safepoint "Cleanup", Time since last: 2001607501 ns, Reaching safepoint: 102375 ns, At safepoint: 3250 ns, Total: 105625 ns
[2024-04-11T17:12:13.392+0000][7][safepoint   ] Safepoint "Cleanup", Time since last: 24016694678 ns, Reaching safepoint: 254917 ns, At safepoint: 9083 ns, Total: 264000 ns
[2024-04-11T17:12:16.395+0000][7][safepoint   ] Safepoint "Cleanup", Time since last: 3002952043 ns, Reaching safepoint: 93167 ns, At safepoint: 4125 ns, Total: 97292 ns
[2024-04-11T17:12:19.397+0000][7][safepoint   ] Safepoint "Cleanup", Time since last: 3002208168 ns, Reaching safepoint: 58250 ns, At safepoint: 3958 ns, Total: 62208 ns
[2024-04-11T17:12:20.400+0000][7][safepoint   ] Safepoint "Cleanup", Time since last: 1002123501 ns, Reaching safepoint: 455542 ns, At safepoint: 12541 ns, Total: 468083 ns
[2024-04-11T17:12:34.421+0000][7][safepoint   ] Safepoint "Cleanup", Time since last: 14020089548 ns, Reaching safepoint: 142541 ns, At safepoint: 19792 ns, Total: 162333 ns
[2024-04-11T17:12:34.771+0000][7][gc,start    ] GC(42) Pause Young (Normal) (G1 Evacuation Pause)
[2024-04-11T17:12:34.772+0000][7][gc,task     ] GC(42) Using 8 workers of 8 for evacuation
[2024-04-11T17:12:34.772+0000][7][gc,age      ] GC(42) Desired survivor size 18874368 bytes, new threshold 15 (max threshold 15)
[2024-04-11T17:12:34.787+0000][7][gc,phases   ] GC(42)   Pre Evacuate Collection Set: 0.5ms
[2024-04-11T17:12:34.787+0000][7][gc,phases   ] GC(42)   Merge Heap Roots: 0.4ms
[2024-04-11T17:12:34.788+0000][7][gc,phases   ] GC(42)   Evacuate Collection Set: 12.0ms
[2024-04-11T17:12:34.788+0000][7][gc,phases   ] GC(42)   Post Evacuate Collection Set: 1.7ms
[2024-04-11T17:12:34.788+0000][7][gc,phases   ] GC(42)   Other: 1.0ms
[2024-04-11T17:12:34.788+0000][7][gc,age      ] GC(42) Age table with threshold 15 (max threshold 15)
[2024-04-11T17:12:34.788+0000][7][gc,age      ] GC(42) - age   1:    1983576 bytes,    1983576 total
[2024-04-11T17:12:34.788+0000][7][gc,age      ] GC(42) - age   2:     190088 bytes,    2173664 total
[2024-04-11T17:12:34.788+0000][7][gc,age      ] GC(42) - age   3:      50040 bytes,    2223704 total
[2024-04-11T17:12:34.788+0000][7][gc,age      ] GC(42) - age   4:      39176 bytes,    2262880 total
[2024-04-11T17:12:34.788+0000][7][gc,age      ] GC(42) - age   5:      39752 bytes,    2302632 total
[2024-04-11T17:12:34.788+0000][7][gc,age      ] GC(42) - age   6:      67240 bytes,    2369872 total
[2024-04-11T17:12:34.788+0000][7][gc,age      ] GC(42) - age   7:      41968 bytes,    2411840 total
[2024-04-11T17:12:34.789+0000][7][gc,age      ] GC(42) - age   8:      19376 bytes,    2431216 total
[2024-04-11T17:12:34.789+0000][7][gc,age      ] GC(42) - age   9:      48856 bytes,    2480072 total
[2024-04-11T17:12:34.789+0000][7][gc,age      ] GC(42) - age  10:      83400 bytes,    2563472 total
[2024-04-11T17:12:34.789+0000][7][gc,age      ] GC(42) - age  11:     175976 bytes,    2739448 total
[2024-04-11T17:12:34.789+0000][7][gc,age      ] GC(42) - age  12:      38280 bytes,    2777728 total
[2024-04-11T17:12:34.789+0000][7][gc,age      ] GC(42) - age  13:      39904 bytes,    2817632 total
[2024-04-11T17:12:34.789+0000][7][gc,age      ] GC(42) - age  14:      42296 bytes,    2859928 total
[2024-04-11T17:12:34.789+0000][7][gc,age      ] GC(42) - age  15:    1830776 bytes,    4690704 total
[2024-04-11T17:12:34.789+0000][7][gc,heap     ] GC(42) Eden regions: 67->0(67)
[2024-04-11T17:12:34.789+0000][7][gc,heap     ] GC(42) Survivor regions: 2->2(9)
[2024-04-11T17:12:34.789+0000][7][gc,heap     ] GC(42) Old regions: 33->33
[2024-04-11T17:12:34.790+0000][7][gc,heap     ] GC(42) Archive regions: 2->2
[2024-04-11T17:12:34.790+0000][7][gc,heap     ] GC(42) Humongous regions: 2->2
[2024-04-11T17:12:34.790+0000][7][gc,metaspace] GC(42) Metaspace: 122189K(125312K)->122189K(125312K) NonClass: 106137K(107776K)->106137K(107776K) Class: 16052K(17536K)->16052K(17536K)
[2024-04-11T17:12:34.790+0000][7][gc          ] GC(42) Pause Young (Normal) (G1 Evacuation Pause) 413M->146M(512M) 18.862ms
[2024-04-11T17:12:34.790+0000][7][gc,cpu      ] GC(42) User=0.07s Sys=0.00s Real=0.02s
[2024-04-11T17:12:34.790+0000][7][safepoint   ] Safepoint "G1CollectForAllocation", Time since last: 349180333 ns, Reaching safepoint: 216125 ns, At safepoint: 19269500 ns, Total: 19485625 ns
[2024-04-11T17:12:40.798+0000][7][safepoint   ] Safepoint "Cleanup", Time since last: 6006623087 ns, Reaching safepoint: 724416 ns, At safepoint: 43167 ns, Total: 767583 ns
[2024-04-11T17:12:52.814+0000][7][safepoint   ] Safepoint "Cleanup", Time since last: 12014714131 ns, Reaching safepoint: 1874375 ns, At safepoint: 13291 ns, Total: 1887666 ns
[2024-04-11T17:12:55.820+0000][7][safepoint   ] Safepoint "Cleanup", Time since last: 3005764877 ns, Reaching safepoint: 284125 ns, At safepoint: 11166 ns, Total: 295291 ns
[2024-04-11T17:12:59.826+0000][7][safepoint   ] Safepoint "Cleanup", Time since last: 4005685960 ns, Reaching safepoint: 476583 ns, At safepoint: 15375 ns, Total: 491958 ns
[2024-04-11T17:13:01.829+0000][7][safepoint   ] Safepoint "Cleanup", Time since last: 2003042960 ns, Reaching safepoint: 221458 ns, At safepoint: 11958 ns, Total: 233416 ns
[2024-04-11T17:13:04.832+0000][7][safepoint   ] Safepoint "Cleanup", Time since last: 3001996043 ns, Reaching safepoint: 601542 ns, At safepoint: 14833 ns, Total: 616375 ns
[2024-04-11T17:13:10.844+0000][7][safepoint   ] Safepoint "Cleanup", Time since last: 6011317045 ns, Reaching safepoint: 690958 ns, At safepoint: 9500 ns, Total: 700458 ns
[2024-04-11T17:13:15.851+0000][7][safepoint   ] Safepoint "Cleanup", Time since last: 5006427044 ns, Reaching safepoint: 184334 ns, At safepoint: 34333 ns, Total: 218667 ns
[2024-04-11T17:13:16.852+0000][7][safepoint   ] Safepoint "Cleanup", Time since last: 1000897792 ns, Reaching safepoint: 137000 ns, At safepoint: 28625 ns, Total: 165625 ns
[2024-04-11T17:13:22.861+0000][7][safepoint   ] Safepoint "Cleanup", Time since last: 6008346128 ns, Reaching safepoint: 571833 ns, At safepoint: 24042 ns, Total: 595875 ns
[2024-04-11T17:13:25.864+0000][7][safepoint   ] Safepoint "Cleanup", Time since last: 3003248543 ns, Reaching safepoint: 177250 ns, At safepoint: 3542 ns, Total: 180792 ns
[2024-04-11T17:13:28.866+0000][7][safepoint   ] Safepoint "Cleanup", Time since last: 3001306834 ns, Reaching safepoint: 219625 ns, At safepoint: 8708 ns, Total: 228333 ns
[2024-04-11T17:13:34.873+0000][7][safepoint   ] Safepoint "Cleanup", Time since last: 6006522128 ns, Reaching safepoint: 622958 ns, At safepoint: 6292 ns, Total: 629250 ns
[2024-04-11T17:13:46.387+0000][7][gc,start    ] GC(43) Pause Young (Normal) (G1 Evacuation Pause)
[2024-04-11T17:13:46.388+0000][7][gc,task     ] GC(43) Using 8 workers of 8 for evacuation
[2024-04-11T17:13:46.388+0000][7][gc,age      ] GC(43) Desired survivor size 18874368 bytes, new threshold 15 (max threshold 15)
[2024-04-11T17:13:46.406+0000][7][gc,phases   ] GC(43)   Pre Evacuate Collection Set: 0.7ms
[2024-04-11T17:13:46.406+0000][7][gc,phases   ] GC(43)   Merge Heap Roots: 0.4ms
[2024-04-11T17:13:46.406+0000][7][gc,phases   ] GC(43)   Evacuate Collection Set: 14.6ms
[2024-04-11T17:13:46.406+0000][7][gc,phases   ] GC(43)   Post Evacuate Collection Set: 1.8ms
[2024-04-11T17:13:46.406+0000][7][gc,phases   ] GC(43)   Other: 0.9ms
[2024-04-11T17:13:46.406+0000][7][gc,age      ] GC(43) Age table with threshold 15 (max threshold 15)
[2024-04-11T17:13:46.407+0000][7][gc,age      ] GC(43) - age   1:    1988808 bytes,    1988808 total
[2024-04-11T17:13:46.407+0000][7][gc,age      ] GC(43) - age   2:     127080 bytes,    2115888 total
[2024-04-11T17:13:46.407+0000][7][gc,age      ] GC(43) - age   3:      50304 bytes,    2166192 total
[2024-04-11T17:13:46.407+0000][7][gc,age      ] GC(43) - age   4:      46304 bytes,    2212496 total
[2024-04-11T17:13:46.407+0000][7][gc,age      ] GC(43) - age   5:      30392 bytes,    2242888 total
[2024-04-11T17:13:46.407+0000][7][gc,age      ] GC(43) - age   6:      39752 bytes,    2282640 total
[2024-04-11T17:13:46.407+0000][7][gc,age      ] GC(43) - age   7:      67240 bytes,    2349880 total
[2024-04-11T17:13:46.407+0000][7][gc,age      ] GC(43) - age   8:      41040 bytes,    2390920 total
[2024-04-11T17:13:46.408+0000][7][gc,age      ] GC(43) - age   9:      19280 bytes,    2410200 total
[2024-04-11T17:13:46.408+0000][7][gc,age      ] GC(43) - age  10:      48856 bytes,    2459056 total
[2024-04-11T17:13:46.408+0000][7][gc,age      ] GC(43) - age  11:      83400 bytes,    2542456 total
[2024-04-11T17:13:46.408+0000][7][gc,age      ] GC(43) - age  12:     175776 bytes,    2718232 total
[2024-04-11T17:13:46.408+0000][7][gc,age      ] GC(43) - age  13:      38280 bytes,    2756512 total
[2024-04-11T17:13:46.408+0000][7][gc,age      ] GC(43) - age  14:      39904 bytes,    2796416 total
[2024-04-11T17:13:46.408+0000][7][gc,age      ] GC(43) - age  15:      42296 bytes,    2838712 total
[2024-04-11T17:13:46.409+0000][7][gc,heap     ] GC(43) Eden regions: 67->0(68)
[2024-04-11T17:13:46.409+0000][7][gc,heap     ] GC(43) Survivor regions: 2->1(9)
[2024-04-11T17:13:46.409+0000][7][gc,heap     ] GC(43) Old regions: 33->33
[2024-04-11T17:13:46.409+0000][7][gc,heap     ] GC(43) Archive regions: 2->2
[2024-04-11T17:13:46.409+0000][7][gc,heap     ] GC(43) Humongous regions: 2->2
[2024-04-11T17:13:46.409+0000][7][gc,metaspace] GC(43) Metaspace: 122232K(125376K)->122232K(125376K) NonClass: 106179K(107840K)->106179K(107840K) Class: 16052K(17536K)->16052K(17536K)
[2024-04-11T17:13:46.409+0000][7][gc          ] GC(43) Pause Young (Normal) (G1 Evacuation Pause) 414M->146M(512M) 22.245ms
[2024-04-11T17:13:46.410+0000][7][gc,cpu      ] GC(43) User=0.10s Sys=0.01s Real=0.02s
[2024-04-11T17:13:46.410+0000][7][safepoint   ] Safepoint "G1CollectForAllocation", Time since last: 11513914297 ns, Reaching safepoint: 218417 ns, At safepoint: 22730750 ns, Total: 22949167 ns
[2024-04-11T17:13:47.412+0000][7][safepoint   ] Safepoint "Cleanup", Time since last: 1001431959 ns, Reaching safepoint: 431750 ns, At safepoint: 11333 ns, Total: 443083 ns
[2024-04-11T17:14:04.437+0000][7][safepoint   ] Safepoint "Cleanup", Time since last: 17024414383 ns, Reaching safepoint: 439500 ns, At safepoint: 10625 ns, Total: 450125 ns
[2024-04-11T17:14:05.440+0000][7][safepoint   ] Safepoint "Cleanup", Time since last: 1001988542 ns, Reaching safepoint: 310916 ns, At safepoint: 10667 ns, Total: 321583 ns
[2024-04-11T17:14:06.443+0000][7][safepoint   ] Safepoint "Cleanup", Time since last: 1003105917 ns, Reaching safepoint: 508375 ns, At safepoint: 18417 ns, Total: 526792 ns
[2024-04-11T17:14:07.446+0000][7][safepoint   ] Safepoint "Cleanup", Time since last: 1002443917 ns, Reaching safepoint: 316292 ns, At safepoint: 8500 ns, Total: 324792 ns
[2024-04-11T17:14:11.450+0000][7][safepoint   ] Safepoint "Cleanup", Time since last: 4002598210 ns, Reaching safepoint: 1335667 ns, At safepoint: 13791 ns, Total: 1349458 ns
[2024-04-11T17:14:12.455+0000][7][safepoint   ] Safepoint "Cleanup", Time since last: 1004538542 ns, Reaching safepoint: 286292 ns, At safepoint: 8667 ns, Total: 294959 ns
[2024-04-11T17:14:13.457+0000][7][safepoint   ] Safepoint "Cleanup", Time since last: 1002322375 ns, Reaching safepoint: 301834 ns, At safepoint: 6333 ns, Total: 308167 ns
[2024-04-11T17:14:16.460+0000][7][safepoint   ] Safepoint "Cleanup", Time since last: 3002729126 ns, Reaching safepoint: 204250 ns, At safepoint: 4542 ns, Total: 208792 ns
[2024-04-11T17:14:17.462+0000][7][safepoint   ] Safepoint "Cleanup", Time since last: 1000714625 ns, Reaching safepoint: 428625 ns, At safepoint: 9709 ns, Total: 438334 ns
[2024-04-11T17:14:19.464+0000][7][safepoint   ] Safepoint "Cleanup", Time since last: 2002881709 ns, Reaching safepoint: 95375 ns, At safepoint: 4167 ns, Total: 99542 ns
[2024-04-11T17:14:28.472+0000][7][safepoint   ] Safepoint "Cleanup", Time since last: 9007167337 ns, Reaching safepoint: 151667 ns, At safepoint: 4333 ns, Total: 156000 ns
[2024-04-11T17:14:34.476+0000][7][safepoint   ] Safepoint "Cleanup", Time since last: 6004811919 ns, Reaching safepoint: 125959 ns, At safepoint: 12250 ns, Total: 138209 ns
[2024-04-11T17:14:40.482+0000][7][safepoint   ] Safepoint "Cleanup", Time since last: 6005249211 ns, Reaching safepoint: 163458 ns, At safepoint: 8750 ns, Total: 172208 ns
[2024-04-11T17:14:55.499+0000][7][safepoint   ] Safepoint "Cleanup", Time since last: 15013713507 ns, Reaching safepoint: 2970959 ns, At safepoint: 22000 ns, Total: 2992959 ns
[2024-04-11T17:14:58.364+0000][7][gc,start    ] GC(44) Pause Young (Normal) (G1 Evacuation Pause)
[2024-04-11T17:14:58.365+0000][7][gc,task     ] GC(44) Using 8 workers of 8 for evacuation
[2024-04-11T17:14:58.365+0000][7][gc,age      ] GC(44) Desired survivor size 18874368 bytes, new threshold 15 (max threshold 15)
[2024-04-11T17:14:58.394+0000][7][gc,phases   ] GC(44)   Pre Evacuate Collection Set: 1.2ms
[2024-04-11T17:14:58.394+0000][7][gc,phases   ] GC(44)   Merge Heap Roots: 0.5ms
[2024-04-11T17:14:58.394+0000][7][gc,phases   ] GC(44)   Evacuate Collection Set: 21.1ms
[2024-04-11T17:14:58.395+0000][7][gc,phases   ] GC(44)   Post Evacuate Collection Set: 4.8ms
[2024-04-11T17:14:58.395+0000][7][gc,phases   ] GC(44)   Other: 1.6ms
[2024-04-11T17:14:58.395+0000][7][gc,age      ] GC(44) Age table with threshold 15 (max threshold 15)
[2024-04-11T17:14:58.395+0000][7][gc,age      ] GC(44) - age   1:    1436216 bytes,    1436216 total
[2024-04-11T17:14:58.396+0000][7][gc,age      ] GC(44) - age   2:      95160 bytes,    1531376 total
[2024-04-11T17:14:58.396+0000][7][gc,age      ] GC(44) - age   3:      47088 bytes,    1578464 total
[2024-04-11T17:14:58.396+0000][7][gc,age      ] GC(44) - age   4:      49856 bytes,    1628320 total
[2024-04-11T17:14:58.396+0000][7][gc,age      ] GC(44) - age   5:      33024 bytes,    1661344 total
[2024-04-11T17:14:58.397+0000][7][gc,age      ] GC(44) - age   6:      29488 bytes,    1690832 total
[2024-04-11T17:14:58.397+0000][7][gc,age      ] GC(44) - age   7:      39008 bytes,    1729840 total
[2024-04-11T17:14:58.397+0000][7][gc,age      ] GC(44) - age   8:      61056 bytes,    1790896 total
[2024-04-11T17:14:58.397+0000][7][gc,age      ] GC(44) - age   9:      41040 bytes,    1831936 total
[2024-04-11T17:14:58.398+0000][7][gc,age      ] GC(44) - age  10:      19280 bytes,    1851216 total
[2024-04-11T17:14:58.398+0000][7][gc,age      ] GC(44) - age  11:      48856 bytes,    1900072 total
[2024-04-11T17:14:58.398+0000][7][gc,age      ] GC(44) - age  12:      83400 bytes,    1983472 total
[2024-04-11T17:14:58.398+0000][7][gc,age      ] GC(44) - age  13:     175776 bytes,    2159248 total
[2024-04-11T17:14:58.398+0000][7][gc,age      ] GC(44) - age  14:      38280 bytes,    2197528 total
[2024-04-11T17:14:58.399+0000][7][gc,age      ] GC(44) - age  15:      39336 bytes,    2236864 total
[2024-04-11T17:14:58.399+0000][7][gc,heap     ] GC(44) Eden regions: 68->0(68)
[2024-04-11T17:14:58.399+0000][7][gc,heap     ] GC(44) Survivor regions: 1->1(9)
[2024-04-11T17:14:58.399+0000][7][gc,heap     ] GC(44) Old regions: 33->33
[2024-04-11T17:14:58.400+0000][7][gc,heap     ] GC(44) Archive regions: 2->2
[2024-04-11T17:14:58.400+0000][7][gc,heap     ] GC(44) Humongous regions: 2->2
[2024-04-11T17:14:58.400+0000][7][gc,metaspace] GC(44) Metaspace: 122286K(125440K)->122286K(125440K) NonClass: 106234K(107904K)->106234K(107904K) Class: 16052K(17536K)->16052K(17536K)
[2024-04-11T17:14:58.400+0000][7][gc          ] GC(44) Pause Young (Normal) (G1 Evacuation Pause) 418M->145M(512M) 36.655ms
[2024-04-11T17:14:58.401+0000][7][gc,cpu      ] GC(44) User=0.15s Sys=0.01s Real=0.04s
[2024-04-11T17:14:58.401+0000][7][safepoint   ] Safepoint "G1CollectForAllocation", Time since last: 2864481126 ns, Reaching safepoint: 228000 ns, At safepoint: 37431292 ns, Total: 37659292 ns
[2024-04-11T17:14:59.402+0000][7][safepoint   ] Safepoint "Cleanup", Time since last: 1000466167 ns, Reaching safepoint: 67583 ns, At safepoint: 12667 ns, Total: 80250 ns
[2024-04-11T17:15:01.403+0000][7][safepoint   ] Safepoint "Cleanup", Time since last: 2001066209 ns, Reaching safepoint: 208041 ns, At safepoint: 6667 ns, Total: 214708 ns
[2024-04-11T17:15:02.405+0000][7][safepoint   ] Safepoint "Cleanup", Time since last: 1001477167 ns, Reaching safepoint: 689250 ns, At safepoint: 20125 ns, Total: 709375 ns
[2024-04-11T17:15:04.410+0000][7][safepoint   ] Safepoint "Cleanup", Time since last: 2004637085 ns, Reaching safepoint: 160875 ns, At safepoint: 19875 ns, Total: 180750 ns
[2024-04-11T17:15:05.411+0000][7][safepoint   ] Safepoint "Cleanup", Time since last: 1000591792 ns, Reaching safepoint: 843291 ns, At safepoint: 7209 ns, Total: 850500 ns
[2024-04-11T17:15:10.416+0000][7][safepoint   ] Safepoint "Cleanup", Time since last: 5004416294 ns, Reaching safepoint: 260291 ns, At safepoint: 6042 ns, Total: 266333 ns
[2024-04-11T17:15:11.418+0000][7][safepoint   ] Safepoint "Cleanup", Time since last: 1001165501 ns, Reaching safepoint: 725375 ns, At safepoint: 11666 ns, Total: 737041 ns
[2024-04-11T17:15:12.420+0000][7][safepoint   ] Safepoint "Cleanup", Time since last: 1001549167 ns, Reaching safepoint: 650834 ns, At safepoint: 16416 ns, Total: 667250 ns
[2024-04-11T17:15:13.422+0000][7][safepoint   ] Safepoint "Cleanup", Time since last: 1001543709 ns, Reaching safepoint: 180667 ns, At safepoint: 4333 ns, Total: 185000 ns
[2024-04-11T17:15:14.423+0000][7][safepoint   ] Safepoint "Cleanup", Time since last: 1001192334 ns, Reaching safepoint: 491458 ns, At safepoint: 19125 ns, Total: 510583 ns
[2024-04-11T17:15:15.430+0000][7][safepoint   ] Safepoint "Cleanup", Time since last: 1005630126 ns, Reaching safepoint: 823417 ns, At safepoint: 11208 ns, Total: 834625 ns
[2024-04-11T17:15:16.432+0000][7][safepoint   ] Safepoint "Cleanup", Time since last: 1002168125 ns, Reaching safepoint: 163625 ns, At safepoint: 15125 ns, Total: 178750 ns
[2024-04-11T17:15:22.437+0000][7][safepoint   ] Safepoint "Cleanup", Time since last: 6004964170 ns, Reaching safepoint: 108083 ns, At safepoint: 3625 ns, Total: 111708 ns
[2024-04-11T17:15:23.438+0000][7][safepoint   ] Safepoint "Cleanup", Time since last: 1000433126 ns, Reaching safepoint: 264958 ns, At safepoint: 7042 ns, Total: 272000 ns
[2024-04-11T17:15:25.443+0000][7][safepoint   ] Safepoint "Cleanup", Time since last: 2005124209 ns, Reaching safepoint: 174708 ns, At safepoint: 7750 ns, Total: 182458 ns
[2024-04-11T17:15:31.447+0000][7][safepoint   ] Safepoint "Cleanup", Time since last: 6003257753 ns, Reaching safepoint: 411958 ns, At safepoint: 9000 ns, Total: 420958 ns
[2024-04-11T17:15:34.450+0000][7][safepoint   ] Safepoint "Cleanup", Time since last: 3002170876 ns, Reaching safepoint: 72459 ns, At safepoint: 3791 ns, Total: 76250 ns
[2024-04-11T17:15:37.454+0000][7][safepoint   ] Safepoint "Cleanup", Time since last: 3004480293 ns, Reaching safepoint: 180250 ns, At safepoint: 6000 ns, Total: 186250 ns
[2024-04-11T17:15:40.456+0000][7][safepoint   ] Safepoint "Cleanup", Time since last: 3001629710 ns, Reaching safepoint: 146458 ns, At safepoint: 6917 ns, Total: 153375 ns
[2024-04-11T17:15:41.457+0000][7][safepoint   ] Safepoint "Cleanup", Time since last: 1000902042 ns, Reaching safepoint: 360709 ns, At safepoint: 14875 ns, Total: 375584 ns
[2024-04-11T17:15:47.467+0000][7][safepoint   ] Safepoint "Cleanup", Time since last: 6008746794 ns, Reaching safepoint: 1211667 ns, At safepoint: 9625 ns, Total: 1221292 ns
[2024-04-11T17:16:02.412+0000][7][safepoint   ] Safepoint "Cleanup", Time since last: 15021287590 ns, Reaching safepoint: 1359417 ns, At safepoint: 10083 ns, Total: 1369500 ns
[2024-04-11T17:16:04.369+0000][7][gc,start    ] GC(45) Pause Young (Normal) (G1 Evacuation Pause)
[2024-04-11T17:16:04.369+0000][7][gc,task     ] GC(45) Using 8 workers of 8 for evacuation
[2024-04-11T17:16:04.369+0000][7][gc,age      ] GC(45) Desired survivor size 18874368 bytes, new threshold 15 (max threshold 15)
[2024-04-11T17:16:04.388+0000][7][gc,phases   ] GC(45)   Pre Evacuate Collection Set: 0.3ms
[2024-04-11T17:16:04.388+0000][7][gc,phases   ] GC(45)   Merge Heap Roots: 0.1ms
[2024-04-11T17:16:04.389+0000][7][gc,phases   ] GC(45)   Evacuate Collection Set: 10.4ms
[2024-04-11T17:16:04.389+0000][7][gc,phases   ] GC(45)   Post Evacuate Collection Set: 5.9ms
[2024-04-11T17:16:04.389+0000][7][gc,phases   ] GC(45)   Other: 1.9ms
[2024-04-11T17:16:04.389+0000][7][gc,age      ] GC(45) Age table with threshold 15 (max threshold 15)
[2024-04-11T17:16:04.390+0000][7][gc,age      ] GC(45) - age   1:    1484064 bytes,    1484064 total
[2024-04-11T17:16:04.390+0000][7][gc,age      ] GC(45) - age   2:      58008 bytes,    1542072 total
[2024-04-11T17:16:04.390+0000][7][gc,age      ] GC(45) - age   3:      84976 bytes,    1627048 total
[2024-04-11T17:16:04.390+0000][7][gc,age      ] GC(45) - age   4:      34536 bytes,    1661584 total
[2024-04-11T17:16:04.390+0000][7][gc,age      ] GC(45) - age   5:      47560 bytes,    1709144 total
[2024-04-11T17:16:04.391+0000][7][gc,age      ] GC(45) - age   6:      31808 bytes,    1740952 total
[2024-04-11T17:16:04.391+0000][7][gc,age      ] GC(45) - age   7:      29424 bytes,    1770376 total
[2024-04-11T17:16:04.391+0000][7][gc,age      ] GC(45) - age   8:      38976 bytes,    1809352 total
[2024-04-11T17:16:04.391+0000][7][gc,age      ] GC(45) - age   9:      61056 bytes,    1870408 total
[2024-04-11T17:16:04.391+0000][7][gc,age      ] GC(45) - age  10:      41040 bytes,    1911448 total
[2024-04-11T17:16:04.391+0000][7][gc,age      ] GC(45) - age  11:      19256 bytes,    1930704 total
[2024-04-11T17:16:04.392+0000][7][gc,age      ] GC(45) - age  12:      48856 bytes,    1979560 total
[2024-04-11T17:16:04.392+0000][7][gc,age      ] GC(45) - age  13:      83400 bytes,    2062960 total
[2024-04-11T17:16:04.392+0000][7][gc,age      ] GC(45) - age  14:     175776 bytes,    2238736 total
[2024-04-11T17:16:04.392+0000][7][gc,age      ] GC(45) - age  15:      38008 bytes,    2276744 total
[2024-04-11T17:16:04.392+0000][7][gc,heap     ] GC(45) Eden regions: 68->0(68)
[2024-04-11T17:16:04.393+0000][7][gc,heap     ] GC(45) Survivor regions: 1->1(9)
[2024-04-11T17:16:04.393+0000][7][gc,heap     ] GC(45) Old regions: 33->33
[2024-04-11T17:16:04.393+0000][7][gc,heap     ] GC(45) Archive regions: 2->2
[2024-04-11T17:16:04.393+0000][7][gc,heap     ] GC(45) Humongous regions: 2->2
[2024-04-11T17:16:04.393+0000][7][gc,metaspace] GC(45) Metaspace: 122338K(125504K)->122338K(125504K) NonClass: 106285K(107968K)->106285K(107968K) Class: 16052K(17536K)->16052K(17536K)
[2024-04-11T17:16:04.393+0000][7][gc          ] GC(45) Pause Young (Normal) (G1 Evacuation Pause) 417M->145M(512M) 24.575ms
[2024-04-11T17:16:04.394+0000][7][gc,cpu      ] GC(45) User=0.07s Sys=0.00s Real=0.03s
[2024-04-11T17:16:04.394+0000][7][safepoint   ] Safepoint "G1CollectForAllocation", Time since last: 1956329334 ns, Reaching safepoint: 79292 ns, At safepoint: 25021583 ns, Total: 25100875 ns
[2024-04-11T17:16:06.400+0000][7][safepoint   ] Safepoint "Cleanup", Time since last: 2005615043 ns, Reaching safepoint: 186000 ns, At safepoint: 4625 ns, Total: 190625 ns
[2024-04-11T17:16:10.410+0000][7][safepoint   ] Safepoint "Cleanup", Time since last: 4009698210 ns, Reaching safepoint: 419792 ns, At safepoint: 16250 ns, Total: 436042 ns
[2024-04-11T17:16:11.411+0000][7][safepoint   ] Safepoint "Cleanup", Time since last: 1001259125 ns, Reaching safepoint: 238209 ns, At safepoint: 7291 ns, Total: 245500 ns
[2024-04-11T17:16:12.413+0000][7][safepoint   ] Safepoint "Cleanup", Time since last: 1000988292 ns, Reaching safepoint: 762250 ns, At safepoint: 12375 ns, Total: 774625 ns
[2024-04-11T17:16:14.420+0000][7][safepoint   ] Safepoint "Cleanup", Time since last: 2006731085 ns, Reaching safepoint: 246208 ns, At safepoint: 10958 ns, Total: 257166 ns
[2024-04-11T17:16:16.422+0000][7][safepoint   ] Safepoint "Cleanup", Time since last: 2001976210 ns, Reaching safepoint: 98541 ns, At safepoint: 18459 ns, Total: 117000 ns
[2024-04-11T17:16:22.433+0000][7][safepoint   ] Safepoint "Cleanup", Time since last: 6011293044 ns, Reaching safepoint: 126709 ns, At safepoint: 3916 ns, Total: 130625 ns
[2024-04-11T17:16:28.437+0000][7][safepoint   ] Safepoint "Cleanup", Time since last: 6002991753 ns, Reaching safepoint: 133792 ns, At safepoint: 4458 ns, Total: 138250 ns
[2024-04-11T17:16:29.438+0000][7][safepoint   ] Safepoint "Cleanup", Time since last: 1000656500 ns, Reaching safepoint: 97416 ns, At safepoint: 2834 ns, Total: 100250 ns
[2024-04-11T17:16:35.450+0000][7][safepoint   ] Safepoint "Cleanup", Time since last: 6003473502 ns, Reaching safepoint: 8664334 ns, At safepoint: 28458 ns, Total: 8692792 ns
[2024-04-11T17:16:37.459+0000][7][safepoint   ] Safepoint "Cleanup", Time since last: 2009087584 ns, Reaching safepoint: 304417 ns, At safepoint: 11000 ns, Total: 315417 ns
[2024-04-11T17:16:41.463+0000][7][safepoint   ] Safepoint "Cleanup", Time since last: 4003382169 ns, Reaching safepoint: 601625 ns, At safepoint: 18291 ns, Total: 619916 ns
[2024-04-11T17:16:53.491+0000][7][safepoint   ] Safepoint "Cleanup", Time since last: 12018894631 ns, Reaching safepoint: 8673417 ns, At safepoint: 31708 ns, Total: 8705125 ns
[2024-04-11T17:16:59.504+0000][7][safepoint   ] Safepoint "Cleanup", Time since last: 6012271044 ns, Reaching safepoint: 217500 ns, At safepoint: 7042 ns, Total: 224542 ns
[2024-04-11T17:17:02.507+0000][7][safepoint   ] Safepoint "Cleanup", Time since last: 3002517168 ns, Reaching safepoint: 578833 ns, At safepoint: 9542 ns, Total: 588375 ns
[2024-04-11T17:17:05.510+0000][7][safepoint   ] Safepoint "Cleanup", Time since last: 3003344459 ns, Reaching safepoint: 95750 ns, At safepoint: 4792 ns, Total: 100542 ns
[2024-04-11T17:17:14.415+0000][7][gc,start    ] GC(46) Pause Young (Normal) (G1 Evacuation Pause)
[2024-04-11T17:17:14.417+0000][7][gc,task     ] GC(46) Using 8 workers of 8 for evacuation
[2024-04-11T17:17:14.418+0000][7][gc,age      ] GC(46) Desired survivor size 18874368 bytes, new threshold 15 (max threshold 15)
[2024-04-11T17:17:14.455+0000][7][gc,phases   ] GC(46)   Pre Evacuate Collection Set: 1.4ms
[2024-04-11T17:17:14.455+0000][7][gc,phases   ] GC(46)   Merge Heap Roots: 0.6ms
[2024-04-11T17:17:14.456+0000][7][gc,phases   ] GC(46)   Evacuate Collection Set: 27.7ms
[2024-04-11T17:17:14.456+0000][7][gc,phases   ] GC(46)   Post Evacuate Collection Set: 6.0ms
[2024-04-11T17:17:14.456+0000][7][gc,phases   ] GC(46)   Other: 2.1ms
[2024-04-11T17:17:14.456+0000][7][gc,age      ] GC(46) Age table with threshold 15 (max threshold 15)
[2024-04-11T17:17:14.457+0000][7][gc,age      ] GC(46) - age   1:     992848 bytes,     992848 total
[2024-04-11T17:17:14.457+0000][7][gc,age      ] GC(46) - age   2:      83176 bytes,    1076024 total
[2024-04-11T17:17:14.457+0000][7][gc,age      ] GC(46) - age   3:      39344 bytes,    1115368 total
[2024-04-11T17:17:14.458+0000][7][gc,age      ] GC(46) - age   4:      84152 bytes,    1199520 total
[2024-04-11T17:17:14.458+0000][7][gc,age      ] GC(46) - age   5:      34536 bytes,    1234056 total
[2024-04-11T17:17:14.458+0000][7][gc,age      ] GC(46) - age   6:      41136 bytes,    1275192 total
[2024-04-11T17:17:14.458+0000][7][gc,age      ] GC(46) - age   7:      31744 bytes,    1306936 total
[2024-04-11T17:17:14.459+0000][7][gc,age      ] GC(46) - age   8:      29424 bytes,    1336360 total
[2024-04-11T17:17:14.459+0000][7][gc,age      ] GC(46) - age   9:      38776 bytes,    1375136 total
[2024-04-11T17:17:14.459+0000][7][gc,age      ] GC(46) - age  10:      61056 bytes,    1436192 total
[2024-04-11T17:17:14.459+0000][7][gc,age      ] GC(46) - age  11:      41040 bytes,    1477232 total
[2024-04-11T17:17:14.460+0000][7][gc,age      ] GC(46) - age  12:      19256 bytes,    1496488 total
[2024-04-11T17:17:14.460+0000][7][gc,age      ] GC(46) - age  13:      48856 bytes,    1545344 total
[2024-04-11T17:17:14.460+0000][7][gc,age      ] GC(46) - age  14:      83360 bytes,    1628704 total
[2024-04-11T17:17:14.460+0000][7][gc,age      ] GC(46) - age  15:     175776 bytes,    1804480 total
[2024-04-11T17:17:14.461+0000][7][gc,heap     ] GC(46) Eden regions: 68->0(68)
[2024-04-11T17:17:14.461+0000][7][gc,heap     ] GC(46) Survivor regions: 1->1(9)
[2024-04-11T17:17:14.461+0000][7][gc,heap     ] GC(46) Old regions: 33->33
[2024-04-11T17:17:14.461+0000][7][gc,heap     ] GC(46) Archive regions: 2->2
[2024-04-11T17:17:14.462+0000][7][gc,heap     ] GC(46) Humongous regions: 2->2
[2024-04-11T17:17:14.462+0000][7][gc,metaspace] GC(46) Metaspace: 122377K(125504K)->122377K(125504K) NonClass: 106324K(107968K)->106324K(107968K) Class: 16052K(17536K)->16052K(17536K)
[2024-04-11T17:17:14.462+0000][7][gc          ] GC(46) Pause Young (Normal) (G1 Evacuation Pause) 417M->145M(512M) 47.661ms
[2024-04-11T17:17:14.463+0000][7][gc,cpu      ] GC(46) User=0.16s Sys=0.01s Real=0.05s
[2024-04-11T17:17:14.463+0000][7][safepoint   ] Safepoint "G1CollectForAllocation", Time since last: 8902982046 ns, Reaching safepoint: 1014167 ns, At safepoint: 48835000 ns, Total: 49849167 ns
[2024-04-11T17:17:16.464+0000][7][safepoint   ] Safepoint "Cleanup", Time since last: 2000653167 ns, Reaching safepoint: 101125 ns, At safepoint: 21417 ns, Total: 122542 ns
[2024-04-11T17:17:28.473+0000][7][safepoint   ] Safepoint "Cleanup", Time since last: 12008392631 ns, Reaching safepoint: 428333 ns, At safepoint: 15250 ns, Total: 443583 ns
[2024-04-11T17:17:29.474+0000][7][safepoint   ] Safepoint "Cleanup", Time since last: 1001466584 ns, Reaching safepoint: 181750 ns, At safepoint: 20416 ns, Total: 202166 ns
[2024-04-11T17:17:35.477+0000][7][safepoint   ] Safepoint "Cleanup", Time since last: 6002657253 ns, Reaching safepoint: 352875 ns, At safepoint: 9458 ns, Total: 362333 ns
[2024-04-11T17:17:40.481+0000][7][safepoint   ] Safepoint "Cleanup", Time since last: 5003660545 ns, Reaching safepoint: 133458 ns, At safepoint: 4708 ns, Total: 138166 ns
[2024-04-11T17:17:46.486+0000][7][safepoint   ] Safepoint "Cleanup", Time since last: 6004675170 ns, Reaching safepoint: 547375 ns, At safepoint: 12833 ns, Total: 560208 ns
[2024-04-11T17:17:47.488+0000][7][safepoint   ] Safepoint "Cleanup", Time since last: 1001034959 ns, Reaching safepoint: 508750 ns, At safepoint: 11083 ns, Total: 519833 ns
[2024-04-11T17:18:04.509+0000][7][safepoint   ] Safepoint "Cleanup", Time since last: 17020799966 ns, Reaching safepoint: 422708 ns, At safepoint: 11209 ns, Total: 433917 ns
[2024-04-11T17:18:11.519+0000][7][safepoint   ] Safepoint "Cleanup", Time since last: 7009229461 ns, Reaching safepoint: 389542 ns, At safepoint: 7208 ns, Total: 396750 ns
[2024-04-11T17:18:15.524+0000][7][safepoint   ] Safepoint "Cleanup", Time since last: 4004648377 ns, Reaching safepoint: 262000 ns, At safepoint: 4834 ns, Total: 266834 ns
[2024-04-11T17:18:17.525+0000][7][safepoint   ] Safepoint "Cleanup", Time since last: 2000926751 ns, Reaching safepoint: 310125 ns, At safepoint: 11791 ns, Total: 321916 ns
[2024-04-11T17:18:22.437+0000][7][gc,start    ] GC(47) Pause Young (Normal) (G1 Evacuation Pause)
[2024-04-11T17:18:22.437+0000][7][gc,task     ] GC(47) Using 8 workers of 8 for evacuation
[2024-04-11T17:18:22.438+0000][7][gc,age      ] GC(47) Desired survivor size 18874368 bytes, new threshold 15 (max threshold 15)
[2024-04-11T17:18:22.448+0000][7][gc,phases   ] GC(47)   Pre Evacuate Collection Set: 0.4ms
[2024-04-11T17:18:22.448+0000][7][gc,phases   ] GC(47)   Merge Heap Roots: 0.1ms
[2024-04-11T17:18:22.448+0000][7][gc,phases   ] GC(47)   Evacuate Collection Set: 7.3ms
[2024-04-11T17:18:22.448+0000][7][gc,phases   ] GC(47)   Post Evacuate Collection Set: 2.1ms
[2024-04-11T17:18:22.448+0000][7][gc,phases   ] GC(47)   Other: 0.4ms
[2024-04-11T17:18:22.448+0000][7][gc,age      ] GC(47) Age table with threshold 15 (max threshold 15)
[2024-04-11T17:18:22.449+0000][7][gc,age      ] GC(47) - age   1:     818248 bytes,     818248 total
[2024-04-11T17:18:22.449+0000][7][gc,age      ] GC(47) - age   2:      97928 bytes,     916176 total
[2024-04-11T17:18:22.449+0000][7][gc,age      ] GC(47) - age   3:      76528 bytes,     992704 total
[2024-04-11T17:18:22.449+0000][7][gc,age      ] GC(47) - age   4:      38928 bytes,    1031632 total
[2024-04-11T17:18:22.449+0000][7][gc,age      ] GC(47) - age   5:      72976 bytes,    1104608 total
[2024-04-11T17:18:22.449+0000][7][gc,age      ] GC(47) - age   6:      34472 bytes,    1139080 total
[2024-04-11T17:18:22.449+0000][7][gc,age      ] GC(47) - age   7:      32840 bytes,    1171920 total
[2024-04-11T17:18:22.449+0000][7][gc,age      ] GC(47) - age   8:      31448 bytes,    1203368 total
[2024-04-11T17:18:22.450+0000][7][gc,age      ] GC(47) - age   9:      29360 bytes,    1232728 total
[2024-04-11T17:18:22.450+0000][7][gc,age      ] GC(47) - age  10:      38776 bytes,    1271504 total
[2024-04-11T17:18:22.450+0000][7][gc,age      ] GC(47) - age  11:      61056 bytes,    1332560 total
[2024-04-11T17:18:22.450+0000][7][gc,age      ] GC(47) - age  12:      40312 bytes,    1372872 total
[2024-04-11T17:18:22.450+0000][7][gc,age      ] GC(47) - age  13:      18944 bytes,    1391816 total
[2024-04-11T17:18:22.450+0000][7][gc,age      ] GC(47) - age  14:      48856 bytes,    1440672 total
[2024-04-11T17:18:22.450+0000][7][gc,age      ] GC(47) - age  15:      83360 bytes,    1524032 total
[2024-04-11T17:18:22.450+0000][7][gc,heap     ] GC(47) Eden regions: 68->0(68)
[2024-04-11T17:18:22.451+0000][7][gc,heap     ] GC(47) Survivor regions: 1->1(9)
[2024-04-11T17:18:22.451+0000][7][gc,heap     ] GC(47) Old regions: 33->33
[2024-04-11T17:18:22.451+0000][7][gc,heap     ] GC(47) Archive regions: 2->2
[2024-04-11T17:18:22.451+0000][7][gc,heap     ] GC(47) Humongous regions: 2->2
[2024-04-11T17:18:22.451+0000][7][gc,metaspace] GC(47) Metaspace: 122398K(125504K)->122398K(125504K) NonClass: 106345K(107968K)->106345K(107968K) Class: 16052K(17536K)->16052K(17536K)
[2024-04-11T17:18:22.451+0000][7][gc          ] GC(47) Pause Young (Normal) (G1 Evacuation Pause) 417M->145M(512M) 13.936ms
[2024-04-11T17:18:22.451+0000][7][gc,cpu      ] GC(47) User=0.04s Sys=0.00s Real=0.02s
[2024-04-11T17:18:22.451+0000][7][safepoint   ] Safepoint "G1CollectForAllocation", Time since last: 4912123169 ns, Reaching safepoint: 86375 ns, At safepoint: 14267667 ns, Total: 14354042 ns
[2024-04-11T17:18:29.460+0000][7][safepoint   ] Safepoint "Cleanup", Time since last: 7008624836 ns, Reaching safepoint: 124125 ns, At safepoint: 5667 ns, Total: 129792 ns
[2024-04-11T17:18:37.464+0000][7][safepoint   ] Safepoint "Cleanup", Time since last: 8004078712 ns, Reaching safepoint: 71500 ns, At safepoint: 11958 ns, Total: 83458 ns
[2024-04-11T17:18:39.467+0000][7][safepoint   ] Safepoint "Cleanup", Time since last: 2002669085 ns, Reaching safepoint: 161708 ns, At safepoint: 7750 ns, Total: 169458 ns
[2024-04-11T17:18:46.471+0000][7][safepoint   ] Safepoint "Cleanup", Time since last: 7003749087 ns, Reaching safepoint: 371416 ns, At safepoint: 12667 ns, Total: 384083 ns
[2024-04-11T17:18:47.474+0000][7][safepoint   ] Safepoint "Cleanup", Time since last: 1001503917 ns, Reaching safepoint: 622584 ns, At safepoint: 13458 ns, Total: 636042 ns
[2024-04-11T17:18:59.483+0000][7][safepoint   ] Safepoint "Cleanup", Time since last: 12009275463 ns, Reaching safepoint: 147917 ns, At safepoint: 4541 ns, Total: 152458 ns
[2024-04-11T17:19:00.488+0000][7][safepoint   ] Safepoint "Cleanup", Time since last: 1005017876 ns, Reaching safepoint: 194750 ns, At safepoint: 10541 ns, Total: 205291 ns
[2024-04-11T17:19:16.495+0000][7][safepoint   ] Safepoint "Cleanup", Time since last: 16006501133 ns, Reaching safepoint: 230958 ns, At safepoint: 10167 ns, Total: 241125 ns
[2024-04-11T17:19:31.407+0000][7][gc,start    ] GC(48) Pause Young (Normal) (G1 Evacuation Pause)
[2024-04-11T17:19:31.409+0000][7][gc,task     ] GC(48) Using 8 workers of 8 for evacuation
[2024-04-11T17:19:31.410+0000][7][gc,age      ] GC(48) Desired survivor size 18874368 bytes, new threshold 15 (max threshold 15)
[2024-04-11T17:19:31.447+0000][7][gc,phases   ] GC(48)   Pre Evacuate Collection Set: 1.5ms
[2024-04-11T17:19:31.448+0000][7][gc,phases   ] GC(48)   Merge Heap Roots: 0.7ms
[2024-04-11T17:19:31.449+0000][7][gc,phases   ] GC(48)   Evacuate Collection Set: 19.8ms
[2024-04-11T17:19:31.449+0000][7][gc,phases   ] GC(48)   Post Evacuate Collection Set: 13.9ms
[2024-04-11T17:19:31.450+0000][7][gc,phases   ] GC(48)   Other: 1.6ms
[2024-04-11T17:19:31.450+0000][7][gc,age      ] GC(48) Age table with threshold 15 (max threshold 15)
[2024-04-11T17:19:31.450+0000][7][gc,age      ] GC(48) - age   1:     785032 bytes,     785032 total
[2024-04-11T17:19:31.451+0000][7][gc,age      ] GC(48) - age   2:      51680 bytes,     836712 total
[2024-04-11T17:19:31.451+0000][7][gc,age      ] GC(48) - age   3:      76832 bytes,     913544 total
[2024-04-11T17:19:31.453+0000][7][gc,age      ] GC(48) - age   4:      71560 bytes,     985104 total
[2024-04-11T17:19:31.453+0000][7][gc,age      ] GC(48) - age   5:      38768 bytes,    1023872 total
[2024-04-11T17:19:31.453+0000][7][gc,age      ] GC(48) - age   6:      72888 bytes,    1096760 total
[2024-04-11T17:19:31.454+0000][7][gc,age      ] GC(48) - age   7:      33424 bytes,    1130184 total
[2024-04-11T17:19:31.454+0000][7][gc,age      ] GC(48) - age   8:      32840 bytes,    1163024 total
[2024-04-11T17:19:31.454+0000][7][gc,age      ] GC(48) - age   9:      31448 bytes,    1194472 total
[2024-04-11T17:19:31.454+0000][7][gc,age      ] GC(48) - age  10:      29360 bytes,    1223832 total
[2024-04-11T17:19:31.455+0000][7][gc,age      ] GC(48) - age  11:      38776 bytes,    1262608 total
[2024-04-11T17:19:31.455+0000][7][gc,age      ] GC(48) - age  12:      61056 bytes,    1323664 total
[2024-04-11T17:19:31.455+0000][7][gc,age      ] GC(48) - age  13:      40312 bytes,    1363976 total
[2024-04-11T17:19:31.455+0000][7][gc,age      ] GC(48) - age  14:      18944 bytes,    1382920 total
[2024-04-11T17:19:31.456+0000][7][gc,age      ] GC(48) - age  15:      48856 bytes,    1431776 total
[2024-04-11T17:19:31.456+0000][7][gc,heap     ] GC(48) Eden regions: 68->0(69)
[2024-04-11T17:19:31.456+0000][7][gc,heap     ] GC(48) Survivor regions: 1->1(9)
[2024-04-11T17:19:31.457+0000][7][gc,heap     ] GC(48) Old regions: 33->33
[2024-04-11T17:19:31.457+0000][7][gc,heap     ] GC(48) Archive regions: 2->2
[2024-04-11T17:19:31.457+0000][7][gc,heap     ] GC(48) Humongous regions: 2->2
[2024-04-11T17:19:31.457+0000][7][gc,metaspace] GC(48) Metaspace: 122412K(125504K)->122412K(125504K) NonClass: 106359K(107968K)->106359K(107968K) Class: 16053K(17536K)->16053K(17536K)
[2024-04-11T17:19:31.458+0000][7][gc          ] GC(48) Pause Young (Normal) (G1 Evacuation Pause) 417M->145M(512M) 50.292ms
[2024-04-11T17:19:31.458+0000][7][gc,cpu      ] GC(48) User=0.16s Sys=0.01s Real=0.05s
[2024-04-11T17:19:31.460+0000][7][safepoint   ] Safepoint "G1CollectForAllocation", Time since last: 14911242465 ns, Reaching safepoint: 1012209 ns, At safepoint: 52245916 ns, Total: 53258125 ns
[2024-04-11T17:19:40.468+0000][7][safepoint   ] Safepoint "Cleanup", Time since last: 9007383129 ns, Reaching safepoint: 1013834 ns, At safepoint: 15708 ns, Total: 1029542 ns
[2024-04-11T17:19:41.472+0000][7][safepoint   ] Safepoint "Cleanup", Time since last: 1001720209 ns, Reaching safepoint: 2642542 ns, At safepoint: 27416 ns, Total: 2669958 ns
[2024-04-11T17:19:47.493+0000][7][safepoint   ] Safepoint "Cleanup", Time since last: 6020488920 ns, Reaching safepoint: 267792 ns, At safepoint: 8166 ns, Total: 275958 ns
[2024-04-11T17:20:02.511+0000][7][safepoint   ] Safepoint "Cleanup", Time since last: 15016443549 ns, Reaching safepoint: 1534041 ns, At safepoint: 27167 ns, Total: 1561208 ns
[2024-04-11T17:20:06.518+0000][7][safepoint   ] Safepoint "Cleanup", Time since last: 4006126085 ns, Reaching safepoint: 573584 ns, At safepoint: 6166 ns, Total: 579750 ns
[2024-04-11T17:20:10.525+0000][7][safepoint   ] Safepoint "Cleanup", Time since last: 4007704627 ns, Reaching safepoint: 118417 ns, At safepoint: 10292 ns, Total: 128709 ns
[2024-04-11T17:20:11.527+0000][7][safepoint   ] Safepoint "Cleanup", Time since last: 1001204208 ns, Reaching safepoint: 544209 ns, At safepoint: 9875 ns, Total: 554084 ns
[2024-04-11T17:20:17.533+0000][7][safepoint   ] Safepoint "Cleanup", Time since last: 6004888044 ns, Reaching safepoint: 855417 ns, At safepoint: 12083 ns, Total: 867500 ns
[2024-04-11T17:20:28.548+0000][7][safepoint   ] Safepoint "Cleanup", Time since last: 11015331422 ns, Reaching safepoint: 236042 ns, At safepoint: 8166 ns, Total: 244208 ns
[2024-04-11T17:20:34.553+0000][7][safepoint   ] Safepoint "Cleanup", Time since last: 6004041961 ns, Reaching safepoint: 180583 ns, At safepoint: 15458 ns, Total: 196041 ns
[2024-04-11T17:20:40.534+0000][7][safepoint   ] Safepoint "Cleanup", Time since last: 5981210212 ns, Reaching safepoint: 57875 ns, At safepoint: 7208 ns, Total: 65083 ns
[2024-04-11T17:20:41.077+0000][7][gc,start    ] GC(49) Pause Young (Normal) (G1 Evacuation Pause)
[2024-04-11T17:20:41.078+0000][7][gc,task     ] GC(49) Using 8 workers of 8 for evacuation
[2024-04-11T17:20:41.078+0000][7][gc,age      ] GC(49) Desired survivor size 18874368 bytes, new threshold 15 (max threshold 15)
[2024-04-11T17:20:41.103+0000][7][gc,phases   ] GC(49)   Pre Evacuate Collection Set: 1.1ms
[2024-04-11T17:20:41.103+0000][7][gc,phases   ] GC(49)   Merge Heap Roots: 0.7ms
[2024-04-11T17:20:41.103+0000][7][gc,phases   ] GC(49)   Evacuate Collection Set: 17.3ms
[2024-04-11T17:20:41.103+0000][7][gc,phases   ] GC(49)   Post Evacuate Collection Set: 4.6ms
[2024-04-11T17:20:41.104+0000][7][gc,phases   ] GC(49)   Other: 1.2ms
[2024-04-11T17:20:41.104+0000][7][gc,age      ] GC(49) Age table with threshold 15 (max threshold 15)
[2024-04-11T17:20:41.104+0000][7][gc,age      ] GC(49) - age   1:    1842936 bytes,    1842936 total
[2024-04-11T17:20:41.104+0000][7][gc,age      ] GC(49) - age   2:      91704 bytes,    1934640 total
[2024-04-11T17:20:41.104+0000][7][gc,age      ] GC(49) - age   3:      49656 bytes,    1984296 total
[2024-04-11T17:20:41.104+0000][7][gc,age      ] GC(49) - age   4:      41656 bytes,    2025952 total
[2024-04-11T17:20:41.104+0000][7][gc,age      ] GC(49) - age   5:      54296 bytes,    2080248 total
[2024-04-11T17:20:41.105+0000][7][gc,age      ] GC(49) - age   6:      38472 bytes,    2118720 total
[2024-04-11T17:20:41.105+0000][7][gc,age      ] GC(49) - age   7:      72888 bytes,    2191608 total
[2024-04-11T17:20:41.105+0000][7][gc,age      ] GC(49) - age   8:      33360 bytes,    2224968 total
[2024-04-11T17:20:41.105+0000][7][gc,age      ] GC(49) - age   9:      32840 bytes,    2257808 total
[2024-04-11T17:20:41.105+0000][7][gc,age      ] GC(49) - age  10:      31448 bytes,    2289256 total
[2024-04-11T17:20:41.105+0000][7][gc,age      ] GC(49) - age  11:      29360 bytes,    2318616 total
[2024-04-11T17:20:41.105+0000][7][gc,age      ] GC(49) - age  12:      38776 bytes,    2357392 total
[2024-04-11T17:20:41.105+0000][7][gc,age      ] GC(49) - age  13:      61056 bytes,    2418448 total
[2024-04-11T17:20:41.105+0000][7][gc,age      ] GC(49) - age  14:      40312 bytes,    2458760 total
[2024-04-11T17:20:41.106+0000][7][gc,age      ] GC(49) - age  15:      18944 bytes,    2477704 total
[2024-04-11T17:20:41.106+0000][7][gc,heap     ] GC(49) Eden regions: 69->0(68)
[2024-04-11T17:20:41.106+0000][7][gc,heap     ] GC(49) Survivor regions: 1->1(9)
[2024-04-11T17:20:41.106+0000][7][gc,heap     ] GC(49) Old regions: 33->33
[2024-04-11T17:20:41.106+0000][7][gc,heap     ] GC(49) Archive regions: 2->2
[2024-04-11T17:20:41.106+0000][7][gc,heap     ] GC(49) Humongous regions: 2->2
[2024-04-11T17:20:41.106+0000][7][gc,metaspace] GC(49) Metaspace: 122423K(125504K)->122423K(125504K) NonClass: 106370K(107968K)->106370K(107968K) Class: 16053K(17536K)->16053K(17536K)
[2024-04-11T17:20:41.106+0000][7][gc          ] GC(49) Pause Young (Normal) (G1 Evacuation Pause) 421M->146M(512M) 29.296ms
[2024-04-11T17:20:41.107+0000][7][gc,cpu      ] GC(49) User=0.11s Sys=0.00s Real=0.03s
[2024-04-11T17:20:41.107+0000][7][safepoint   ] Safepoint "G1CollectForAllocation", Time since last: 542600375 ns, Reaching safepoint: 432792 ns, At safepoint: 29747833 ns, Total: 30180625 ns
[2024-04-11T17:21:00.126+0000][7][safepoint   ] Safepoint "Cleanup", Time since last: 19017688425 ns, Reaching safepoint: 1447292 ns, At safepoint: 26000 ns, Total: 1473292 ns
[2024-04-11T17:21:09.143+0000][7][safepoint   ] Safepoint "Cleanup", Time since last: 9016302046 ns, Reaching safepoint: 776375 ns, At safepoint: 11583 ns, Total: 787958 ns
[2024-04-11T17:21:16.153+0000][7][safepoint   ] Safepoint "Cleanup", Time since last: 7007572712 ns, Reaching safepoint: 2326750 ns, At safepoint: 18875 ns, Total: 2345625 ns
[2024-04-11T17:21:17.160+0000][7][safepoint   ] Safepoint "Cleanup", Time since last: 1007137834 ns, Reaching safepoint: 174125 ns, At safepoint: 11083 ns, Total: 185208 ns
[2024-04-11T17:21:23.167+0000][7][safepoint   ] Safepoint "Cleanup", Time since last: 6005619586 ns, Reaching safepoint: 692250 ns, At safepoint: 19459 ns, Total: 711709 ns
[2024-04-11T17:21:29.175+0000][7][safepoint   ] Safepoint "Cleanup", Time since last: 6008155002 ns, Reaching safepoint: 443291 ns, At safepoint: 15375 ns, Total: 458666 ns
[2024-04-11T17:21:39.184+0000][7][safepoint   ] Safepoint "Cleanup", Time since last: 10007656797 ns, Reaching safepoint: 659083 ns, At safepoint: 13292 ns, Total: 672375 ns
[2024-04-11T17:21:46.190+0000][7][safepoint   ] Safepoint "Cleanup", Time since last: 7005293378 ns, Reaching safepoint: 708792 ns, At safepoint: 11875 ns, Total: 720667 ns
[2024-04-11T17:21:47.193+0000][7][safepoint   ] Safepoint "Cleanup", Time since last: 1003556209 ns, Reaching safepoint: 121375 ns, At safepoint: 3958 ns, Total: 125333 ns
[2024-04-11T17:21:50.228+0000][7][gc,start    ] GC(50) Pause Young (Normal) (G1 Evacuation Pause)
[2024-04-11T17:21:50.229+0000][7][gc,task     ] GC(50) Using 8 workers of 8 for evacuation
[2024-04-11T17:21:50.230+0000][7][gc,age      ] GC(50) Desired survivor size 18874368 bytes, new threshold 15 (max threshold 15)
[2024-04-11T17:21:50.244+0000][7][gc,phases   ] GC(50)   Pre Evacuate Collection Set: 0.5ms
[2024-04-11T17:21:50.244+0000][7][gc,phases   ] GC(50)   Merge Heap Roots: 0.4ms
[2024-04-11T17:21:50.244+0000][7][gc,phases   ] GC(50)   Evacuate Collection Set: 9.9ms
[2024-04-11T17:21:50.245+0000][7][gc,phases   ] GC(50)   Post Evacuate Collection Set: 2.8ms
[2024-04-11T17:21:50.245+0000][7][gc,phases   ] GC(50)   Other: 1.2ms
[2024-04-11T17:21:50.245+0000][7][gc,age      ] GC(50) Age table with threshold 15 (max threshold 15)
[2024-04-11T17:21:50.245+0000][7][gc,age      ] GC(50) - age   1:    1943568 bytes,    1943568 total
[2024-04-11T17:21:50.246+0000][7][gc,age      ] GC(50) - age   2:      85184 bytes,    2028752 total
[2024-04-11T17:21:50.246+0000][7][gc,age      ] GC(50) - age   3:      82264 bytes,    2111016 total
[2024-04-11T17:21:50.246+0000][7][gc,age      ] GC(50) - age   4:      41824 bytes,    2152840 total
[2024-04-11T17:21:50.246+0000][7][gc,age      ] GC(50) - age   5:      30584 bytes,    2183424 total
[2024-04-11T17:21:50.246+0000][7][gc,age      ] GC(50) - age   6:      37024 bytes,    2220448 total
[2024-04-11T17:21:50.246+0000][7][gc,age      ] GC(50) - age   7:      22904 bytes,    2243352 total
[2024-04-11T17:21:50.247+0000][7][gc,age      ] GC(50) - age   8:      70368 bytes,    2313720 total
[2024-04-11T17:21:50.247+0000][7][gc,age      ] GC(50) - age   9:      26064 bytes,    2339784 total
[2024-04-11T17:21:50.247+0000][7][gc,age      ] GC(50) - age  10:      31032 bytes,    2370816 total
[2024-04-11T17:21:50.247+0000][7][gc,age      ] GC(50) - age  11:      31448 bytes,    2402264 total
[2024-04-11T17:21:50.248+0000][7][gc,age      ] GC(50) - age  12:      29360 bytes,    2431624 total
[2024-04-11T17:21:50.248+0000][7][gc,age      ] GC(50) - age  13:      38776 bytes,    2470400 total
[2024-04-11T17:21:50.248+0000][7][gc,age      ] GC(50) - age  14:      60392 bytes,    2530792 total
[2024-04-11T17:21:50.248+0000][7][gc,age      ] GC(50) - age  15:      40312 bytes,    2571104 total
[2024-04-11T17:21:50.248+0000][7][gc,heap     ] GC(50) Eden regions: 68->0(68)
[2024-04-11T17:21:50.248+0000][7][gc,heap     ] GC(50) Survivor regions: 1->1(9)
[2024-04-11T17:21:50.249+0000][7][gc,heap     ] GC(50) Old regions: 33->33
[2024-04-11T17:21:50.249+0000][7][gc,heap     ] GC(50) Archive regions: 2->2
[2024-04-11T17:21:50.249+0000][7][gc,heap     ] GC(50) Humongous regions: 2->2
[2024-04-11T17:21:50.249+0000][7][gc,metaspace] GC(50) Metaspace: 122453K(125568K)->122453K(125568K) NonClass: 106400K(108032K)->106400K(108032K) Class: 16053K(17536K)->16053K(17536K)
[2024-04-11T17:21:50.249+0000][7][gc          ] GC(50) Pause Young (Normal) (G1 Evacuation Pause) 418M->146M(512M) 21.321ms
[2024-04-11T17:21:50.250+0000][7][gc,cpu      ] GC(50) User=0.06s Sys=0.00s Real=0.02s
[2024-04-11T17:21:50.250+0000][7][safepoint   ] Safepoint "G1CollectForAllocation", Time since last: 3034586668 ns, Reaching safepoint: 113750 ns, At safepoint: 21872375 ns, Total: 21986125 ns
[2024-04-11T17:21:53.254+0000][7][safepoint   ] Safepoint "Cleanup", Time since last: 3004159252 ns, Reaching safepoint: 391708 ns, At safepoint: 10917 ns, Total: 402625 ns
[2024-04-11T17:22:02.264+0000][7][safepoint   ] Safepoint "Cleanup", Time since last: 9009132837 ns, Reaching safepoint: 920667 ns, At safepoint: 11166 ns, Total: 931833 ns
[2024-04-11T17:22:05.270+0000][7][safepoint   ] Safepoint "Cleanup", Time since last: 3004975835 ns, Reaching safepoint: 449917 ns, At safepoint: 9958 ns, Total: 459875 ns
[2024-04-11T17:22:06.271+0000][7][safepoint   ] Safepoint "Cleanup", Time since last: 1001160042 ns, Reaching safepoint: 241542 ns, At safepoint: 6000 ns, Total: 247542 ns
[2024-04-11T17:22:14.284+0000][7][safepoint   ] Safepoint "Cleanup", Time since last: 8010247004 ns, Reaching safepoint: 1630458 ns, At safepoint: 14667 ns, Total: 1645125 ns
[2024-04-11T17:22:16.290+0000][7][safepoint   ] Safepoint "Cleanup", Time since last: 2006833709 ns, Reaching safepoint: 266083 ns, At safepoint: 5959 ns, Total: 272042 ns
[2024-04-11T17:22:17.292+0000][7][safepoint   ] Safepoint "Cleanup", Time since last: 1001851667 ns, Reaching safepoint: 145791 ns, At safepoint: 3750 ns, Total: 149541 ns
[2024-04-11T17:22:23.299+0000][7][safepoint   ] Safepoint "Cleanup", Time since last: 6006653212 ns, Reaching safepoint: 327000 ns, At safepoint: 9416 ns, Total: 336416 ns
[2024-04-11T17:22:36.312+0000][7][safepoint   ] Safepoint "Cleanup", Time since last: 13012048423 ns, Reaching safepoint: 452792 ns, At safepoint: 6333 ns, Total: 459125 ns
[2024-04-11T17:22:41.318+0000][7][safepoint   ] Safepoint "Cleanup", Time since last: 5006111377 ns, Reaching safepoint: 233750 ns, At safepoint: 11959 ns, Total: 245709 ns
[2024-04-11T17:22:50.329+0000][7][safepoint   ] Safepoint "Cleanup", Time since last: 9009566837 ns, Reaching safepoint: 675042 ns, At safepoint: 8833 ns, Total: 683875 ns
[2024-04-11T17:22:53.333+0000][7][safepoint   ] Safepoint "Cleanup", Time since last: 3004633960 ns, Reaching safepoint: 186583 ns, At safepoint: 4750 ns, Total: 191333 ns
[2024-04-11T17:22:58.525+0000][7][gc,start    ] GC(51) Pause Young (Normal) (G1 Evacuation Pause)
[2024-04-11T17:22:58.525+0000][7][gc,task     ] GC(51) Using 8 workers of 8 for evacuation
[2024-04-11T17:22:58.526+0000][7][gc,age      ] GC(51) Desired survivor size 18874368 bytes, new threshold 15 (max threshold 15)
[2024-04-11T17:22:58.546+0000][7][gc,phases   ] GC(51)   Pre Evacuate Collection Set: 1.0ms
[2024-04-11T17:22:58.546+0000][7][gc,phases   ] GC(51)   Merge Heap Roots: 0.6ms
[2024-04-11T17:22:58.546+0000][7][gc,phases   ] GC(51)   Evacuate Collection Set: 15.2ms
[2024-04-11T17:22:58.546+0000][7][gc,phases   ] GC(51)   Post Evacuate Collection Set: 2.7ms
[2024-04-11T17:22:58.547+0000][7][gc,phases   ] GC(51)   Other: 1.0ms
[2024-04-11T17:22:58.547+0000][7][gc,age      ] GC(51) Age table with threshold 15 (max threshold 15)
[2024-04-11T17:22:58.547+0000][7][gc,age      ] GC(51) - age   1:    1743712 bytes,    1743712 total
[2024-04-11T17:22:58.547+0000][7][gc,age      ] GC(51) - age   2:      81312 bytes,    1825024 total
[2024-04-11T17:22:58.547+0000][7][gc,age      ] GC(51) - age   3:      65488 bytes,    1890512 total
[2024-04-11T17:22:58.547+0000][7][gc,age      ] GC(51) - age   4:      76912 bytes,    1967424 total
[2024-04-11T17:22:58.547+0000][7][gc,age      ] GC(51) - age   5:      36264 bytes,    2003688 total
[2024-04-11T17:22:58.547+0000][7][gc,age      ] GC(51) - age   6:      30584 bytes,    2034272 total
[2024-04-11T17:22:58.548+0000][7][gc,age      ] GC(51) - age   7:      37024 bytes,    2071296 total
[2024-04-11T17:22:58.548+0000][7][gc,age      ] GC(51) - age   8:      22904 bytes,    2094200 total
[2024-04-11T17:22:58.548+0000][7][gc,age      ] GC(51) - age   9:      70368 bytes,    2164568 total
[2024-04-11T17:22:58.548+0000][7][gc,age      ] GC(51) - age  10:      25872 bytes,    2190440 total
[2024-04-11T17:22:58.548+0000][7][gc,age      ] GC(51) - age  11:      31032 bytes,    2221472 total
[2024-04-11T17:22:58.548+0000][7][gc,age      ] GC(51) - age  12:      31448 bytes,    2252920 total
[2024-04-11T17:22:58.548+0000][7][gc,age      ] GC(51) - age  13:      29360 bytes,    2282280 total
[2024-04-11T17:22:58.549+0000][7][gc,age      ] GC(51) - age  14:      38776 bytes,    2321056 total
[2024-04-11T17:22:58.549+0000][7][gc,age      ] GC(51) - age  15:      60392 bytes,    2381448 total
[2024-04-11T17:22:58.549+0000][7][gc,heap     ] GC(51) Eden regions: 68->0(68)
[2024-04-11T17:22:58.549+0000][7][gc,heap     ] GC(51) Survivor regions: 1->1(9)
[2024-04-11T17:22:58.549+0000][7][gc,heap     ] GC(51) Old regions: 33->33
[2024-04-11T17:22:58.549+0000][7][gc,heap     ] GC(51) Archive regions: 2->2
[2024-04-11T17:22:58.549+0000][7][gc,heap     ] GC(51) Humongous regions: 2->2
[2024-04-11T17:22:58.550+0000][7][gc,metaspace] GC(51) Metaspace: 122466K(125568K)->122466K(125568K) NonClass: 106413K(108032K)->106413K(108032K) Class: 16053K(17536K)->16053K(17536K)
[2024-04-11T17:22:58.550+0000][7][gc          ] GC(51) Pause Young (Normal) (G1 Evacuation Pause) 418M->146M(512M) 25.064ms
[2024-04-11T17:22:58.550+0000][7][gc,cpu      ] GC(51) User=0.09s Sys=0.01s Real=0.02s
[2024-04-11T17:22:58.550+0000][7][safepoint   ] Safepoint "G1CollectForAllocation", Time since last: 5190991211 ns, Reaching safepoint: 185917 ns, At safepoint: 25588458 ns, Total: 25774375 ns
[2024-04-11T17:23:06.556+0000][7][safepoint   ] Safepoint "Cleanup", Time since last: 8005445712 ns, Reaching safepoint: 869625 ns, At safepoint: 29000 ns, Total: 898625 ns
[2024-04-11T17:23:10.564+0000][7][safepoint   ] Safepoint "Cleanup", Time since last: 4006805294 ns, Reaching safepoint: 590291 ns, At safepoint: 9542 ns, Total: 599833 ns
[2024-04-11T17:23:11.565+0000][7][safepoint   ] Safepoint "Cleanup", Time since last: 1001195334 ns, Reaching safepoint: 178250 ns, At safepoint: 11000 ns, Total: 189250 ns
[2024-04-11T17:23:16.568+0000][7][safepoint   ] Safepoint "Cleanup", Time since last: 5002930377 ns, Reaching safepoint: 196042 ns, At safepoint: 13458 ns, Total: 209500 ns
[2024-04-11T17:23:22.574+0000][7][safepoint   ] Safepoint "Cleanup", Time since last: 6005516420 ns, Reaching safepoint: 191500 ns, At safepoint: 14833 ns, Total: 206333 ns
[2024-04-11T17:23:25.576+0000][7][safepoint   ] Safepoint "Cleanup", Time since last: 3001836126 ns, Reaching safepoint: 339667 ns, At safepoint: 9167 ns, Total: 348834 ns
[2024-04-11T17:23:28.580+0000][7][safepoint   ] Safepoint "Cleanup", Time since last: 3003383376 ns, Reaching safepoint: 119750 ns, At safepoint: 3833 ns, Total: 123583 ns
[2024-04-11T17:23:34.583+0000][7][safepoint   ] Safepoint "Cleanup", Time since last: 6003551128 ns, Reaching safepoint: 160375 ns, At safepoint: 9291 ns, Total: 169666 ns
[2024-04-11T17:23:35.585+0000][7][safepoint   ] Safepoint "Cleanup", Time since last: 1000441126 ns, Reaching safepoint: 744125 ns, At safepoint: 11500 ns, Total: 755625 ns
[2024-04-11T17:23:40.589+0000][7][safepoint   ] Safepoint "Cleanup", Time since last: 5003995919 ns, Reaching safepoint: 294667 ns, At safepoint: 6291 ns, Total: 300958 ns
[2024-04-11T17:23:47.597+0000][7][safepoint   ] Safepoint "Cleanup", Time since last: 7008036879 ns, Reaching safepoint: 369958 ns, At safepoint: 9958 ns, Total: 379916 ns
[2024-04-11T17:23:49.599+0000][7][safepoint   ] Safepoint "Cleanup", Time since last: 2001877085 ns, Reaching safepoint: 253666 ns, At safepoint: 23334 ns, Total: 277000 ns
[2024-04-11T17:23:53.602+0000][7][safepoint   ] Safepoint "Cleanup", Time since last: 4001808418 ns, Reaching safepoint: 340375 ns, At safepoint: 5750 ns, Total: 346125 ns
[2024-04-11T17:23:59.605+0000][7][safepoint   ] Safepoint "Cleanup", Time since last: 6003069085 ns, Reaching safepoint: 211917 ns, At safepoint: 5792 ns, Total: 217709 ns
[2024-04-11T17:24:02.607+0000][7][safepoint   ] Safepoint "Cleanup", Time since last: 3001855959 ns, Reaching safepoint: 479584 ns, At safepoint: 15041 ns, Total: 494625 ns
[2024-04-11T17:24:05.557+0000][7][gc,start    ] GC(52) Pause Young (Normal) (G1 Evacuation Pause)
[2024-04-11T17:24:05.558+0000][7][gc,task     ] GC(52) Using 8 workers of 8 for evacuation
[2024-04-11T17:24:05.558+0000][7][gc,age      ] GC(52) Desired survivor size 18874368 bytes, new threshold 15 (max threshold 15)
[2024-04-11T17:24:05.580+0000][7][gc,phases   ] GC(52)   Pre Evacuate Collection Set: 0.8ms
[2024-04-11T17:24:05.580+0000][7][gc,phases   ] GC(52)   Merge Heap Roots: 0.7ms
[2024-04-11T17:24:05.580+0000][7][gc,phases   ] GC(52)   Evacuate Collection Set: 16.2ms
[2024-04-11T17:24:05.581+0000][7][gc,phases   ] GC(52)   Post Evacuate Collection Set: 2.9ms
[2024-04-11T17:24:05.581+0000][7][gc,phases   ] GC(52)   Other: 1.1ms
[2024-04-11T17:24:05.581+0000][7][gc,age      ] GC(52) Age table with threshold 15 (max threshold 15)
[2024-04-11T17:24:05.581+0000][7][gc,age      ] GC(52) - age   1:    1582768 bytes,    1582768 total
[2024-04-11T17:24:05.582+0000][7][gc,age      ] GC(52) - age   2:      41728 bytes,    1624496 total
[2024-04-11T17:24:05.582+0000][7][gc,age      ] GC(52) - age   3:      63752 bytes,    1688248 total
[2024-04-11T17:24:05.582+0000][7][gc,age      ] GC(52) - age   4:      35680 bytes,    1723928 total
[2024-04-11T17:24:05.582+0000][7][gc,age      ] GC(52) - age   5:      66432 bytes,    1790360 total
[2024-04-11T17:24:05.582+0000][7][gc,age      ] GC(52) - age   6:      36264 bytes,    1826624 total
[2024-04-11T17:24:05.583+0000][7][gc,age      ] GC(52) - age   7:      29656 bytes,    1856280 total
[2024-04-11T17:24:05.583+0000][7][gc,age      ] GC(52) - age   8:      36024 bytes,    1892304 total
[2024-04-11T17:24:05.583+0000][7][gc,age      ] GC(52) - age   9:      22904 bytes,    1915208 total
[2024-04-11T17:24:05.583+0000][7][gc,age      ] GC(52) - age  10:      69440 bytes,    1984648 total
[2024-04-11T17:24:05.583+0000][7][gc,age      ] GC(52) - age  11:      25872 bytes,    2010520 total
[2024-04-11T17:24:05.583+0000][7][gc,age      ] GC(52) - age  12:      31032 bytes,    2041552 total
[2024-04-11T17:24:05.584+0000][7][gc,age      ] GC(52) - age  13:      30960 bytes,    2072512 total
[2024-04-11T17:24:05.584+0000][7][gc,age      ] GC(52) - age  14:      29360 bytes,    2101872 total
[2024-04-11T17:24:05.584+0000][7][gc,age      ] GC(52) - age  15:      38776 bytes,    2140648 total
[2024-04-11T17:24:05.584+0000][7][gc,heap     ] GC(52) Eden regions: 68->0(68)
[2024-04-11T17:24:05.584+0000][7][gc,heap     ] GC(52) Survivor regions: 1->1(9)
[2024-04-11T17:24:05.584+0000][7][gc,heap     ] GC(52) Old regions: 33->33
[2024-04-11T17:24:05.585+0000][7][gc,heap     ] GC(52) Archive regions: 2->2
[2024-04-11T17:24:05.585+0000][7][gc,heap     ] GC(52) Humongous regions: 2->2
[2024-04-11T17:24:05.585+0000][7][gc,metaspace] GC(52) Metaspace: 122494K(125568K)->122494K(125568K) NonClass: 106437K(108032K)->106437K(108032K) Class: 16056K(17536K)->16056K(17536K)
[2024-04-11T17:24:05.585+0000][7][gc          ] GC(52) Pause Young (Normal) (G1 Evacuation Pause) 418M->146M(512M) 27.783ms
[2024-04-11T17:24:05.585+0000][7][gc,cpu      ] GC(52) User=0.10s Sys=0.00s Real=0.03s
[2024-04-11T17:24:05.585+0000][7][safepoint   ] Safepoint "G1CollectForAllocation", Time since last: 2949778585 ns, Reaching safepoint: 221333 ns, At safepoint: 28265292 ns, Total: 28486625 ns
[2024-04-11T17:24:11.591+0000][7][safepoint   ] Safepoint "Cleanup", Time since last: 6004811211 ns, Reaching safepoint: 515500 ns, At safepoint: 7709 ns, Total: 523209 ns
[2024-04-11T17:24:12.599+0000][7][safepoint   ] Safepoint "Cleanup", Time since last: 1006559000 ns, Reaching safepoint: 1105333 ns, At safepoint: 6584 ns, Total: 1111917 ns
[2024-04-11T17:24:16.613+0000][7][safepoint   ] Safepoint "Cleanup", Time since last: 4014023127 ns, Reaching safepoint: 142458 ns, At safepoint: 3958 ns, Total: 146416 ns
[2024-04-11T17:24:22.621+0000][7][safepoint   ] Safepoint "Cleanup", Time since last: 6007440253 ns, Reaching safepoint: 758542 ns, At safepoint: 4042 ns, Total: 762584 ns
[2024-04-11T17:24:23.622+0000][7][safepoint   ] Safepoint "Cleanup", Time since last: 1001366917 ns, Reaching safepoint: 226416 ns, At safepoint: 5834 ns, Total: 232250 ns
[2024-04-11T17:24:29.625+0000][7][safepoint   ] Safepoint "Cleanup", Time since last: 6002843668 ns, Reaching safepoint: 117917 ns, At safepoint: 2292 ns, Total: 120209 ns
[2024-04-11T17:24:35.630+0000][7][safepoint   ] Safepoint "Cleanup", Time since last: 6004091419 ns, Reaching safepoint: 296792 ns, At safepoint: 11333 ns, Total: 308125 ns
[2024-04-11T17:24:46.639+0000][7][safepoint   ] Safepoint "Cleanup", Time since last: 11009213130 ns, Reaching safepoint: 104709 ns, At safepoint: 3875 ns, Total: 108584 ns
[2024-04-11T17:24:53.668+0000][7][safepoint   ] Safepoint "Cleanup", Time since last: 7025475295 ns, Reaching safepoint: 3347333 ns, At safepoint: 20333 ns, Total: 3367666 ns
[2024-04-11T17:24:56.673+0000][7][safepoint   ] Safepoint "Cleanup", Time since last: 3004891085 ns, Reaching safepoint: 215042 ns, At safepoint: 10250 ns, Total: 225292 ns
[2024-04-11T17:24:59.675+0000][7][safepoint   ] Safepoint "Cleanup", Time since last: 3001700917 ns, Reaching safepoint: 140917 ns, At safepoint: 5167 ns, Total: 146084 ns
[2024-04-11T17:25:04.685+0000][7][safepoint   ] Safepoint "Cleanup", Time since last: 5009616502 ns, Reaching safepoint: 53792 ns, At safepoint: 8625 ns, Total: 62417 ns
[2024-04-11T17:25:06.687+0000][7][safepoint   ] Safepoint "Cleanup", Time since last: 2002471167 ns, Reaching safepoint: 132584 ns, At safepoint: 5166 ns, Total: 137750 ns
[2024-04-11T17:25:07.693+0000][7][safepoint   ] Safepoint "Cleanup", Time since last: 1001435876 ns, Reaching safepoint: 3771875 ns, At safepoint: 674958 ns, Total: 4446833 ns
[2024-04-11T17:25:10.702+0000][7][safepoint   ] Safepoint "Cleanup", Time since last: 3009270585 ns, Reaching safepoint: 66917 ns, At safepoint: 1833 ns, Total: 68750 ns
[2024-04-11T17:25:11.707+0000][7][safepoint   ] Safepoint "Cleanup", Time since last: 1003633792 ns, Reaching safepoint: 539250 ns, At safepoint: 425458 ns, Total: 964708 ns
[2024-04-11T17:25:16.558+0000][7][gc,start    ] GC(53) Pause Young (Normal) (G1 Evacuation Pause)
[2024-04-11T17:25:16.559+0000][7][gc,task     ] GC(53) Using 8 workers of 8 for evacuation
[2024-04-11T17:25:16.559+0000][7][gc,age      ] GC(53) Desired survivor size 18874368 bytes, new threshold 15 (max threshold 15)
[2024-04-11T17:25:16.579+0000][7][gc,phases   ] GC(53)   Pre Evacuate Collection Set: 0.6ms
[2024-04-11T17:25:16.580+0000][7][gc,phases   ] GC(53)   Merge Heap Roots: 0.5ms
[2024-04-11T17:25:16.580+0000][7][gc,phases   ] GC(53)   Evacuate Collection Set: 14.9ms
[2024-04-11T17:25:16.580+0000][7][gc,phases   ] GC(53)   Post Evacuate Collection Set: 3.7ms
[2024-04-11T17:25:16.580+0000][7][gc,phases   ] GC(53)   Other: 0.8ms
[2024-04-11T17:25:16.581+0000][7][gc,age      ] GC(53) Age table with threshold 15 (max threshold 15)
[2024-04-11T17:25:16.581+0000][7][gc,age      ] GC(53) - age   1:    1460728 bytes,    1460728 total
[2024-04-11T17:25:16.581+0000][7][gc,age      ] GC(53) - age   2:     124672 bytes,    1585400 total
[2024-04-11T17:25:16.581+0000][7][gc,age      ] GC(53) - age   3:      38536 bytes,    1623936 total
[2024-04-11T17:25:16.581+0000][7][gc,age      ] GC(53) - age   4:      63056 bytes,    1686992 total
[2024-04-11T17:25:16.582+0000][7][gc,age      ] GC(53) - age   5:      35552 bytes,    1722544 total
[2024-04-11T17:25:16.582+0000][7][gc,age      ] GC(53) - age   6:      66280 bytes,    1788824 total
[2024-04-11T17:25:16.582+0000][7][gc,age      ] GC(53) - age   7:      36264 bytes,    1825088 total
[2024-04-11T17:25:16.582+0000][7][gc,age      ] GC(53) - age   8:      29656 bytes,    1854744 total
[2024-04-11T17:25:16.582+0000][7][gc,age      ] GC(53) - age   9:      36024 bytes,    1890768 total
[2024-04-11T17:25:16.583+0000][7][gc,age      ] GC(53) - age  10:      22904 bytes,    1913672 total
[2024-04-11T17:25:16.583+0000][7][gc,age      ] GC(53) - age  11:      69440 bytes,    1983112 total
[2024-04-11T17:25:16.583+0000][7][gc,age      ] GC(53) - age  12:      25872 bytes,    2008984 total
[2024-04-11T17:25:16.583+0000][7][gc,age      ] GC(53) - age  13:      30832 bytes,    2039816 total
[2024-04-11T17:25:16.583+0000][7][gc,age      ] GC(53) - age  14:      30960 bytes,    2070776 total
[2024-04-11T17:25:16.583+0000][7][gc,age      ] GC(53) - age  15:      29360 bytes,    2100136 total
[2024-04-11T17:25:16.583+0000][7][gc,heap     ] GC(53) Eden regions: 68->0(68)
[2024-04-11T17:25:16.584+0000][7][gc,heap     ] GC(53) Survivor regions: 1->1(9)
[2024-04-11T17:25:16.584+0000][7][gc,heap     ] GC(53) Old regions: 33->33
[2024-04-11T17:25:16.584+0000][7][gc,heap     ] GC(53) Archive regions: 2->2
[2024-04-11T17:25:16.584+0000][7][gc,heap     ] GC(53) Humongous regions: 2->2
[2024-04-11T17:25:16.584+0000][7][gc,metaspace] GC(53) Metaspace: 122514K(125632K)->122514K(125632K) NonClass: 106456K(108096K)->106456K(108096K) Class: 16057K(17536K)->16057K(17536K)
[2024-04-11T17:25:16.584+0000][7][gc          ] GC(53) Pause Young (Normal) (G1 Evacuation Pause) 418M->146M(512M) 26.013ms
[2024-04-11T17:25:16.585+0000][7][gc,cpu      ] GC(53) User=0.09s Sys=0.00s Real=0.03s
[2024-04-11T17:25:16.585+0000][7][safepoint   ] Safepoint "G1CollectForAllocation", Time since last: 4850945711 ns, Reaching safepoint: 235583 ns, At safepoint: 26527709 ns, Total: 26763292 ns
[2024-04-11T17:25:22.592+0000][7][safepoint   ] Safepoint "Cleanup", Time since last: 6007433669 ns, Reaching safepoint: 167500 ns, At safepoint: 18625 ns, Total: 186125 ns
[2024-04-11T17:25:23.599+0000][7][safepoint   ] Safepoint "Cleanup", Time since last: 1006201209 ns, Reaching safepoint: 748167 ns, At safepoint: 10708 ns, Total: 758875 ns
[2024-04-11T17:25:29.604+0000][7][safepoint   ] Safepoint "Cleanup", Time since last: 6004455919 ns, Reaching safepoint: 153792 ns, At safepoint: 4958 ns, Total: 158750 ns
[2024-04-11T17:25:31.606+0000][7][safepoint   ] Safepoint "Cleanup", Time since last: 2001569751 ns, Reaching safepoint: 107959 ns, At safepoint: 16791 ns, Total: 124750 ns
[2024-04-11T17:25:34.607+0000][7][safepoint   ] Safepoint "Cleanup", Time since last: 3001094127 ns, Reaching safepoint: 267666 ns, At safepoint: 16584 ns, Total: 284250 ns
[2024-04-11T17:25:35.608+0000][7][safepoint   ] Safepoint "Cleanup", Time since last: 1000660792 ns, Reaching safepoint: 745708 ns, At safepoint: 13208 ns, Total: 758916 ns
[2024-04-11T17:25:37.611+0000][7][safepoint   ] Safepoint "Cleanup", Time since last: 2002650168 ns, Reaching safepoint: 248333 ns, At safepoint: 7125 ns, Total: 255458 ns
[2024-04-11T17:25:40.614+0000][7][safepoint   ] Safepoint "Cleanup", Time since last: 3002448377 ns, Reaching safepoint: 103583 ns, At safepoint: 5500 ns, Total: 109083 ns
